12-07 11:22:22.617 I/Kolun_AI( 3259): SystemEventSubscribe: onPublishData {"type":"activity_event","time":1765086742614,"data":"{\"className\":\"com.barberpro.MainActivity\",\"isResumed\":false,\"packageName\":\"com.barberpro.barber\"}","provider":"dc","dc_version":2030200000,"data_version":1,"user_id":0}
12-07 11:22:22.617 I/Kolun_AI( 3259): SystemEventSubscribe: publisher.getMatcher() activity_event
12-07 11:22:22.617 I/ApiInvoke( 3259): SubscribeManager1.2.172: publishData success host DataCenter#StandardDataService matcher activity_event
12-07 11:22:22.617 I/ApiInvoke( 3259): ApiRequest1.2.172: do publishData to local, matcher = activity_event
12-07 11:22:22.617 W/ApiInvoke( 3259): SubscribeBusServerImpl1.2.172: onPublishData, GLOBAL_SUBSCRIBE size 5
12-07 11:22:22.617 I/InputManager-JNI( 1454): Viewport [0] to add: local:0, isActive: false
12-07 11:22:22.618 I/InputReader( 1454): Reconfiguring input devices, changes=DISPLAY_INFO | 
12-07 11:22:22.618 I/InputReader( 1454): Disabling mtk-tpd (device 6) because the associated viewport is not active
12-07 11:22:22.621 W/SurfaceControl( 1454): Invalid layer stack -1
12-07 11:22:22.624 I/ApiInvoke( 3259): SubscribeBusServerImpl1.2.172: onPublishData to {"pid": 2110,"channels": [com.transsion.itel.launcher]} success 
12-07 11:22:22.624 I/NearbyDiscovery(29595): (REDACTED) FastPairDisplayObserver: %s -> %s
12-07 11:22:22.626 I/NearbyDiscovery(29595): (REDACTED) PureOffloadFastPairScanner: eventType=%s, isInternalReq=%s, isScanning=%s, isScanningAllowed=%s
12-07 11:22:22.626 I/NearbyDiscovery(29595): (REDACTED) ApFastPairScanner: isScreenOn=%s, isLocationEnabled=%s, disableLocationRequirement=%s, isDiscoveryScanningEnabled=%s, during24GhzWifiWarmingUpPeriod=%s
12-07 11:22:22.627 I/NearbyDiscovery(29595): (REDACTED) ApFastPairScanner: eventType=%s, intReq=%s, scanning=%s, scanAllowed=%s, bleEnabled=%s, lockScanRate=%s, startScanningByLowPowerMode=%s
12-07 11:22:22.627 I/NearbyDiscovery(29595): (REDACTED) ApFastPairScanner: Stopping scan, %s
12-07 11:22:22.629 I/AppScanStats(25288): BLE_SCAN_RESULT_RECEIVED[8]reportBleScanResults=0
12-07 11:22:18.851 W/        (    0): [T200844] [tran_touch-INFO]nvt_disp_notifier_callback 164:drm notify tp suspends end
12-07 11:22:18.851 I/[T200844] [wlan][844]wlan_fb_notifier_callback(    0): (SW4 INFO) wlan_fb_notifier_callback: event[0], blank[1]
12-07 11:22:18.851 I/[T200844] [wlan][844]kalSetPerMonDisable(    0): (SW4 INFO) enter kalSetPerMonDisable
12-07 11:22:18.851 I/[T200844] [wlan][844]wlan_fb_notifier_callback(    0): (SW4 INFO) wlan_fb_notifier_callback: end
12-07 11:22:18.851 I/[T101853] [wlan][1853]kalPerMonDisable(    0): (SW4 INFO) enter kalPerMonDisable
12-07 11:22:18.851 I/[T101853] [wlan][1853]kalPerMonStop(    0): (SW4 INFO) perf monitor stopped
12-07 11:22:22.629 I/AppScanStats(25288): BLE_SCAN_STATE_CHANGED[8]reportBleScanStopped=false
12-07 11:22:22.629 W/ApiInvoke( 3259): ApiRequest1.2.172: do publishData to remote activity_event
12-07 11:22:22.630 I/bt_btif (25288): get_profile_interface: get_profile_interface: id = activity_attribution
12-07 11:22:22.630 E/bt_stack(25288): [ERROR:com_android_bluetooth_btservice_ActivityAttribution.cpp(172)] Failed to get ActivityAttribution Interface
12-07 11:22:18.855 I/        (    0): [T709689] [STP-PSM] [I]stp_psm_disable_by_tx_rx_density: STP speed rx:0 tx:10
12-07 11:22:18.855 I/        (    0): [T709689] [STP-PSM] [I]stp_psm_disable_by_tx_rx_density: Low speed,Enable monitor
12-07 11:22:18.858 I/[T109689] [MTK-BT]BT_unlocked_ioctl(    0): id[1], value[0x00000000], desc[BLE_SCAN]
12-07 11:22:18.859 I/        (  844): lcm_unprepare Start
12-07 11:22:18.859 W/[tran_touch-INFO]tran_call_tp_cmd_handle 137(  844): get ext cmd 0x3eb
12-07 11:22:18.859 W/[tran_touch-INFO]get_tp_mode 69(  844): Get ps_state=2000 gesture_state=0
12-07 11:22:18.859 I/        (  844): ctp tran_new_gesture_fun_enable = 0
12-07 11:22:22.632 I/ActivityManager( 1454): Start proc 3912:com.transsion.keyguardgesture/1000 for service {com.transsion.microintelligence/com.transsion.keyguardgesture.service.KeyguardGestureService}
12-07 11:22:22.633 I/bt_stack(25288): [INFO:gatt_api.cc(1045)] GATT_Deregister gatt_if=8
12-07 11:22:22.633 W/bluetooth(25288): gatt_update_app_hold_link_status: attempt to remove non-existing gatt_if=8
12-07 11:22:22.633 I/bluetooth(25288): gatt_update_app_use_link_flag: App status is not updated for gatt_if=8
12-07 11:22:22.634 I/ApiInvoke(18130): SubscribeManager1.2.172: copy subscriber size = 11
12-07 11:22:22.634 I/ApiInvoke(18130): SubscribeManager1.2.172: publishData success host DataCenter#StandardDataService matcher activity_event
12-07 11:22:22.635 I/ApiInvoke( 3259): SubscribeBusServerImpl1.2.172: onPublishData to {"pid": 18130,"channels": [AssistantChannel]} success 
12-07 11:22:22.637 I/ApiInvoke( 2084): SubscribeManager1.2.65: copy subscriber size = 0
12-07 11:22:22.637 I/ApiInvoke( 2084): SubscribeManager1.2.65: publishData success host DataCenter#StandardDataService matcher activity_event
12-07 11:22:22.638 I/ApiInvoke( 3259): SubscribeBusServerImpl1.2.172: onPublishData to {"pid": 2084,"channels": [com.android.phone]} success 
12-07 11:22:22.638 I/ApiInvoke( 3259): SubscribeManager1.2.172: copy subscriber size = 12
12-07 11:22:22.638 I/Kolun_AI( 3259): SystemEventSubscribe: onPublishData {"type":"activity_event","time":1765086742614,"data":"{\"className\":\"com.barberpro.MainActivity\",\"isResumed\":false,\"packageName\":\"com.barberpro.barber\"}","provider":"dc","dc_version":2030200000,"data_version":1,"user_id":0}
12-07 11:22:22.638 I/Kolun_AI( 3259): SystemEventSubscribe: publisher.getMatcher() activity_event
12-07 11:22:22.638 I/ApiInvoke( 3259): SubscribeManager1.2.172: publishData success host DataCenter#StandardDataService matcher activity_event
12-07 11:22:22.638 I/ApiInvoke( 3259): SubscribeBusServerImpl1.2.172: onPublishData to {"pid": 0,"channels": [CommonChannel]} success 
12-07 11:22:22.634 W/binder:1454_3( 1454): type=1400 audit(0.0:124819): avc: denied { read } for name="u:object_r:vendor_default_prop:s0" dev="tmpfs" ino=465 scontext=u:r:system_server:s0 tcontext=u:object_r:vendor_default_prop:s0 tclass=file permissive=0
12-07 11:22:22.641 W/libc    ( 1454): Access denied finding property "ro.vendor.tgpa_resolution_tuner"
12-07 11:22:18.861 I/[T214350] [MTK-BT]BT_unlocked_ioctl(    0): id[1], value[0x04900124], desc[BLE_SCAN]
12-07 11:22:22.647 I/keyguardgesture( 3912): Using CollectorTypeCMC GC.
12-07 11:22:22.650 E/keyguardgesture( 3912): Not starting debugger since process cannot load the jdwp agent.
12-07 11:22:18.873 I/[MTK-BT]BT_unlocked_ioctl(14350): id[1], value[0x00000000], desc[BLE_SCAN]
12-07 11:22:22.678 I/LoadedApk( 3912): No resource references to update in package com.transsion.theme.icon
12-07 11:22:22.680 E/Utils   ( 3912): get PRIVATE_FLAG_SHOW_FOR_ALL_USERS error : java.lang.NoSuchFieldException: PRIVATE_FLAG_SHOW_FOR_ALL_USERS
12-07 11:22:22.683 E/BtGatt.ContextMap(25288): Context not found for ID 0
12-07 11:22:22.683 I/libPerfCtl(  857): xgfGetFPS pid:1454 fps:81
12-07 11:22:22.683 I/AppThermalMode(  857): [perfNotifyThermalState] hdl:0
12-07 11:22:22.683 I/AppThermalMode(  857): [findAppThermalIdx] Fail: appThermalModeEnable: 0,currentFPS: -1,fg->pid:27268
12-07 11:22:22.683 I/AppThermalMode(  857): [perfNotifyThermalState] appThermalIdx -1:
12-07 11:22:22.683 W/TWSClientService(25288): array is null
12-07 11:22:22.684 I/libPerfCtl(  857): xgfGetFPS pid:1895 fps:78
12-07 11:22:22.684 I/AppThermalMode(  857): [perfNotifyThermalState] hdl:0
12-07 11:22:22.684 I/AppThermalMode(  857): [findAppThermalIdx] Fail: appThermalModeEnable: 0,currentFPS: -1,fg->pid:27268
12-07 11:22:22.684 I/AppThermalMode(  857): [perfNotifyThermalState] appThermalIdx -1:
12-07 11:22:22.684 I/libPerfCtl(  857): xgfGetFPS pid:27268 fps:-1
12-07 11:22:22.684 I/AppThermalMode(  857): [perfNotifyThermalState] hdl:0
12-07 11:22:22.684 I/AppThermalMode(  857): [findAppThermalIdx] Fail: appThermalModeEnable: 0,currentFPS: -1,fg->pid:27268
12-07 11:22:22.684 I/AppThermalMode(  857): [perfNotifyThermalState] appThermalIdx -1:
12-07 11:22:22.685 I/SysUI_TrFgsManagerController( 1895): packageName = com.transsion.microintelligence , isForeground = true
12-07 11:22:22.687 I/welinkBLE(26260): deviceInfo is null, continue scan......
12-07 11:22:22.705 I/CameraManagerGlobal( 3912): Connecting to camera service
12-07 11:22:22.709 W/TranClassInfo( 3912): instance failed. com.transsion.hubcore.camadapter.Implement.TranCamAdapterComponentImpl from com.transsion.hubcore.camadapter.ITranCamAdapterComponent
12-07 11:22:22.709 W/TranClassInfo( 3912): java.lang.ClassNotFoundException: com.transsion.hubcore.camadapter.Implement.TranCamAdapterComponentImpl
12-07 11:22:22.709 W/TranClassInfo( 3912): 	at java.lang.Class.classForName(Native Method)
12-07 11:22:22.709 W/TranClassInfo( 3912): 	at java.lang.Class.forName(Class.java:597)
12-07 11:22:22.709 W/TranClassInfo( 3912): 	at com.transsion.hubcore.utils.TranClassInfo.getImpl(TranClassInfo.java:124)
12-07 11:22:22.709 W/TranClassInfo( 3912): 	at com.transsion.hubcore.camadapter.ITranCamAdapterComponent.Instance(ITranCamAdapterComponent.java:29)
12-07 11:22:22.709 W/TranClassInfo( 3912): 	at com.transsion.hubcore.hardware.camera2.TranCameraManagerImpl.<init>(TranCameraManagerImpl.java:22)
12-07 11:22:22.709 W/TranClassInfo( 3912): 	at java.lang.reflect.Constructor.newInstance0(Native Method)
12-07 11:22:22.709 W/TranClassInfo( 3912): 	at java.lang.reflect.Constructor.newInstance(Constructor.java:343)
12-07 11:22:22.709 W/TranClassInfo( 3912): 	at com.transsion.hubcore.utils.TranClassInfo.getImpl(TranClassInfo.java:76)
12-07 11:22:22.709 W/TranClassInfo( 3912): 	at com.transsion.hubcore.hardware.camera2.ITranCameraManager.Instance(ITranCameraManager.java:32)
12-07 11:22:22.709 W/TranClassInfo( 3912): 	at android.hardware.camera2.CameraManager$CameraManagerGlobal.onStatusChangedLocked(CameraManager.java:2264)
12-07 11:22:22.709 W/TranClassInfo( 3912): 	at android.hardware.camera2.CameraManager$CameraManagerGlobal.connectCameraServiceLocked(CameraManager.java:1634)
12-07 11:22:22.709 W/TranClassInfo( 3912): 	at android.hardware.camera2.CameraManager$CameraManagerGlobal.registerTorchCallback(CameraManager.java:2483)
12-07 11:22:22.709 W/TranClassInfo( 3912): 	at android.hardware.camera2.CameraManager.registerTorchCallback(CameraManager.java:419)
12-07 11:22:22.709 W/TranClassInfo( 3912): 	at u2.b.<init>(KeyguardGestureManager.java:96)
12-07 11:22:22.709 W/TranClassInfo( 3912): 	at u2.b.i(KeyguardGestureManager.java:2)
12-07 11:22:22.709 W/TranClassInfo( 3912): 	at com.transsion.keyguardgesture.service.KeyguardGestureService$a.run(KeyguardGestureService.java:197)
12-07 11:22:22.709 W/TranClassInfo( 3912): 	at android.os.Handler.handleCallback(Handler.java:942)
12-07 11:22:22.709 W/TranClassInfo( 3912): 	at android.os.Handler.dispatchMessage(Handler.java:99)
12-07 11:22:22.709 W/TranClassInfo( 3912): 	at android.os.Looper.loopOnce(Looper.java:204)
12-07 11:22:22.709 W/TranClassInfo( 3912): 	at android.os.Looper.loop(Looper.java:291)
12-07 11:22:22.709 W/TranClassInfo( 3912): 	at android.app.ActivityThread.main(ActivityThread.java:8168)
12-07 11:22:22.709 W/TranClassInfo( 3912): 	at java.lang.reflect.Method.invoke(Native Method)
12-07 11:22:22.709 W/TranClassInfo( 3912): 	at com.android.internal.os.RuntimeInit$MethodAndArgsCaller.run(RuntimeInit.java:601)
12-07 11:22:22.709 W/TranClassInfo( 3912): 	at com.android.internal.os.ZygoteInit.main(ZygoteInit.java:1136)
12-07 11:22:22.709 W/TranClassInfo( 3912): Caused by: java.lang.ClassNotFoundException: com.transsion.hubcore.camadapter.Implement.TranCamAdapterComponentImpl
12-07 11:22:22.709 W/TranClassInfo( 3912): 	... 24 more
12-07 11:22:18.876 I/[MTK-BT]BT_unlocked_ioctl(14350): id[1], value[0x40000333], desc[BLE_SCAN]
12-07 11:22:19.015 W/        (  844): ctp tran_new_gesture_fun_enable = 0 g_shutdown_flag=0
12-07 11:22:19.020 I/        (  844): lcm_unprepare End
12-07 11:22:19.020 I/        (  844): [Tran_FP][Debug][gf_fb_notifier_callback][239]gf_fb_notifier_callback, 239, enter
12-07 11:22:19.020 I/        (  844): [Tran_FP][Debug][gf_fb_notifier_callback][248] enter, blank=0x1
12-07 11:22:19.020 I/        (  844): [Tran_FP][Info][gf_fb_notifier_callback][256] lcd off notify
12-07 11:22:19.020 I/        (  844): [Tran_FP][Debug][gf_fb_notifier_callback][276]gf_fb_notifier_callback, 276, exit
12-07 11:22:19.021 I/        (  844): cm_mgr_fb_notifier_callback+
12-07 11:22:19.021 I/        (  844): #@# cm_mgr_fb_notifier_callback(359) SCREEN OFF
12-07 11:22:19.021 I/        (  844): cm_mgr_set_disp_wakeup_status, cm_mgr_disp_wakeup_status 0, cm_mgr_blank_status 1
12-07 11:22:19.021 I/        (  844): cm_mgr_fb_notifier_callback-
12-07 11:22:19.021 I/        (  844): enter ppm lcmoff fb!
12-07 11:22:19.021 I/        (  844): wmt_fb_notifier_callback+
12-07 11:22:19.021 W/[HIF-SDIO][W]wmt_fb_notifier_callback(  844): @@@@@@@@@@wmt enter early POWERDOWN @@@@@@@@@@@@@@
12-07 11:22:19.021 I/        (  844): wmt_fb_notifier_callback-
12-07 11:22:19.022 I/[STP-PSM] [I]_stp_psm_do_wait(29043): STP is waiting state for ACT, i=1, state = 2
12-07 11:22:19.023 I/[DISP]mtk_drm_top_clk_disable_unprepare(  844): mtcmos off
12-07 11:22:19.023 I/        (  844): [DISP]CRTC0 release input fence
12-07 11:22:22.800 I/mtkpower@impl(  857): [setMode] type:9, enabled:1
12-07 11:22:19.023 I/        (  844): [DISP]CRTC0 release wakelock mtk_drm_crtc_suspend 8042
12-07 11:22:22.800 E/mtkpower@impl(  857): [setMode] unknown type
12-07 11:22:22.801 I/BufferQueueProducer(  896): [StatusBar#77](this:0xb400006fb8018a28,id:-1,api:0,p:-1,c:896) queueBuffer: fps=0.48 dur=2079.95 max=2079.95 min=2079.95
12-07 11:22:22.802 I/mtkpower@impl(  857): [setMode] type:7, enabled:0
12-07 11:22:22.802 I/DreamAnimation( 1454):   hookScreenStateFromDozeToOn  mCurrentTransit=0  mState=11
12-07 11:22:22.802 I/DreamAnimation( 1454):   hookScreenStateFromOnToDoze  mCurrentTransit=0  mState=11
12-07 11:22:22.802 I/libPowerHal(  857): [perfUserScnDisableAll] 
12-07 11:22:22.802 I/PowerGroup( 1454): Sleeping power group (groupId=0, uid=1000)...
12-07 11:22:22.803 I/PowerManagerService( 1454): Sleeping (uid 1000)...
12-07 11:22:22.803 I/mtkpower@impl(  857): [setMode] Disable All
12-07 11:22:22.804 E/AAL     ( 1234): IOCTL_MTK_AAL_EVENTCTL error: -1
12-07 11:22:22.807 I/mtkpower@impl(  857): [setMode] type:6, enabled:0
12-07 11:22:22.808 E/mtkpower@impl(  857): [setMode] unknown type
12-07 11:22:22.811 E/AAL     ( 1234): IOCTL_MTK_AAL_EVENTCTL error: -1
12-07 11:22:22.824 E/ActivityManager( 1454): Sending non-protected broadcast com.transsion.dynamicbar.ACTION_ISLAND_DATA_CHANGED from system 1895:com.android.systemui/u0a144 pkg com.android.systemui
12-07 11:22:22.824 E/ActivityManager( 1454): java.lang.Throwable
12-07 11:22:22.824 E/ActivityManager( 1454): 	at com.android.server.am.ActivityManagerService.checkBroadcastFromSystem(ActivityManagerService.java:15054)
12-07 11:22:22.824 E/ActivityManager( 1454): 	at com.android.server.am.ActivityManagerService.broadcastIntentLocked(ActivityManagerService.java:15723)
12-07 11:22:22.824 E/ActivityManager( 1454): 	at com.android.server.am.ActivityManagerService.broadcastIntentLocked(ActivityManagerService.java:15072)
12-07 11:22:22.824 E/ActivityManager( 1454): 	at com.android.server.am.ActivityManagerService.broadcastIntentWithFeature(ActivityManagerService.java:16030)
12-07 11:22:22.824 E/ActivityManager( 1454): 	at android.app.IActivityManager$Stub.onTransact$broadcastIntentWithFeature$(IActivityManager.java:11359)
12-07 11:22:22.824 E/ActivityManager( 1454): 	at android.app.IActivityManager$Stub.onTransact(IActivityManager.java:2781)
12-07 11:22:22.824 E/ActivityManager( 1454): 	at com.android.server.am.ActivityManagerService.onTransact(ActivityManagerService.java:3018)
12-07 11:22:22.824 E/ActivityManager( 1454): 	at android.os.Binder.execTransactInternal(Binder.java:1281)
12-07 11:22:22.824 E/ActivityManager( 1454): 	at android.os.Binder.execTransact(Binder.java:1245)
12-07 11:22:19.051 I/[STP-PSM] [I]_stp_psm_do_wait(29043): +Total waits for ACT takes 28962 usec
12-07 11:22:19.052 W/[HIF-SDIO][I]mtk_wcn_wmt_func_ctrl(29043): wmt-exp: OPID(4) type(9) start
12-07 11:22:19.052 W/[T601004] [WMT-CORE][I]wmt_core_dump_func_state(    0): [AF FUNC OFF]status(b:2 f:0 g:0 gl5:0 w:2 lpbk:0 coredump:0 wmt:2 ant:0 sd1:0 sd2:0 stp:0)
12-07 11:22:19.052 W/[HIF-SDIO][I]mtk_wcn_wmt_func_ctrl(29043): OPID(4) type(9) ok
12-07 11:22:22.827 I/DynamicIslandService:1.0.0.078(12738): onApplyIsland: IslandState{id=1000, useId=10144, priority=0, islandType=1, desc='face_unlocked', pkg='com.android.systemui', leftIconType=0, leftIconFileName='null', rightIconType=0, rightIconFileName='null', leftIconRes=0, rightIconRes=0, leftText='null', rightText='null', leftTextColor=0, leftTextSize=0, rightTextColor=0, rightTextSize=0, updateTime=0, createTime=1765086742813, showState=0, isEnable=true, expiredTime=-1, progress=0, refreshTime=0, isFinished=true, faceUnlockedState=0, updateCondition=0, viewStateCondition=0, samePriorityNeedOrder=false, leftAnimaRepeatCount=0, rightAnimaRepeatCount=0, isDismiss=false, leftIconClickPendingIntent=null, rightIconClickPendingIntent=null}
12-07 11:22:22.828 I/DropBoxManagerService( 1454): add tag=system_server_wtf isTagEnabled=true flags=0x2
12-07 11:22:22.829 I/IslandManager( 1895): sendIsland mResidentList []
12-07 11:22:22.829 I/VersionsUtils( 1895):  getVersion mCurrentVersion 10000078
12-07 11:22:22.830 I/ActivityManager( 1454): isUserAMonkey mUserIsMonkey = false
12-07 11:22:22.830 I/ActivityTaskManager( 1454): isControllerAMonkey mController = null,mControllerIsAMonkey = false
12-07 11:22:22.833 I/IslandOperator(12738): addIsland: IslandState{id=1000, useId=10144, priority=0, islandType=1, desc='face_unlocked', pkg='com.android.systemui', leftIconType=0, leftIconFileName='null', rightIconType=0, rightIconFileName='null', leftIconRes=0, rightIconRes=0, leftText='null', rightText='null', leftTextColor=0, leftTextSize=0, rightTextColor=0, rightTextSize=0, updateTime=0, createTime=1765086742813, showState=0, isEnable=true, expiredTime=-1, progress=0, refreshTime=0, isFinished=true, faceUnlockedState=0, updateCondition=0, viewStateCondition=0, samePriorityNeedOrder=false, leftAnimaRepeatCount=0, rightAnimaRepeatCount=0, isDismiss=false, leftIconClickPendingIntent=null, rightIconClickPendingIntent=null}
12-07 11:22:22.833 I/IslandDisplayRule(12738): onChanged: isBlockedShowing = false, isIslandShowing = false, isReadyStatus=true, []
12-07 11:22:22.833 I/IslandShareProxy(12738): onChanged: no data... 
12-07 11:22:22.833 I/VersionsUtils(12738):  getVersion mCurrentVersion 1000000019
12-07 11:22:22.833 I/IslandShareProxy(12738): onIslandDataChanged: isEmpty true
12-07 11:22:22.833 I/SysUI_OverviewSysUiProxyService( 1895):  isEnabled mIsEnabled false mIsFoldExpanded true
12-07 11:22:22.834 I/IslandManager( 1895): onIslandDataChanged isEmpty true
12-07 11:22:22.836 W/AES     ( 1454): Exception Log handling...system_server_wtf
12-07 11:22:22.837 W/AES     ( 1454): skip for Exp level 0
12-07 11:22:22.841 I/DynamicIslandService:1.0.0.078(12738): onStatusBarWindowStateChanged: statusBarWindowShowing=true, isFullscreen=false
12-07 11:22:22.842 I/IslandManager( 1895): sendIsland mResidentList []
12-07 11:22:22.842 I/VersionsUtils( 1895):  getVersion mCurrentVersion 10000078
12-07 11:22:22.842 I/IslandViewManager(12738): setStatusBarWindowState: statusBarWindowShowing=true, isRecovered=false, isAutoFinished=false, mIsFullscreen=false, isFullscreen=false, isKeyguardLocked=false, mIsOccluded=false
12-07 11:22:22.842 I/DynamicIslandService:1.0.0.078(12738): onKeyguardShowingChanged: isShowing=false, isOccluded=false
12-07 11:22:22.843 I/IslandAvailableInterceptor(12738): onKeyguardShowingChanged: isShowing=false, isOccluded=false
12-07 11:22:22.843 I/IslandViewManager(12738): onKeyguardShowingChanged: isShowing=false, isOccluded=false, isFaceUnlockIsland=false, isNullIslandView=true, isChargingOverlay=false, mIslandView?=false
12-07 11:22:22.843 I/IslandManager( 1895): sendIsland mResidentList []
12-07 11:22:22.843 I/VersionsUtils( 1895):  getVersion mCurrentVersion 10000078
12-07 11:22:22.888 E/BtGatt.ContextMap(25288): Context not found for ID 0
12-07 11:22:22.889 W/TWSClientService(25288): array is null
12-07 11:22:22.895 I/welinkBLE(26260): deviceInfo is null, continue scan......
12-07 11:22:22.904 W/libc    ( 1454): Access denied finding property "persist.vendor.sys.device.manual_gc"
12-07 11:22:22.898 W/system_server( 1454): type=1400 audit(0.0:124820): avc: denied { read } for name="u:object_r:vendor_storage_state_prop:s0" dev="tmpfs" ino=715 scontext=u:r:system_server:s0 tcontext=u:object_r:vendor_storage_state_prop:s0 tclass=file permissive=0
12-07 11:22:22.959 I/BaseFilesVerify( 1454): Base File verify start
12-07 11:22:22.959 W/BaseFilesVerify( 1454): notification_policy.xmlis not in fileProtect list,can not protect this file
12-07 11:22:22.968 I/DeviceStatusMonitor( 3125): DeviceStatusMonitor.handleBroadcast():138 onReceive() : Action = android.intent.action.SCREEN_OFF
12-07 11:22:22.969 I/DeviceStatusMonitor( 3125): DeviceStatusMonitor.updateCountryInfo():154 updateCountryInfo(), notifyAnyway = false
12-07 11:22:22.970 I/Module  ( 3125): DeviceLockedStatusModuleProvider$Module.updateDeviceLockedStatus():103 repeatCheckTimes = 0, locked = false
12-07 11:22:22.970 I/InputBundle( 3125): InputBundle.consumeEvent():1029 Skip consuming an event as imeStatus is INACTIVE
12-07 11:22:22.983 W/Kolun_AI( 3259): TwsScanController:updateScreenOn screen is off, mScanControllCallback.stopBleScan() and stopBleBinder
12-07 11:22:22.984 W/Kolun_AI( 3259): BleScanAssistor: stopBleScan immediate:true
12-07 11:22:22.984 W/Kolun_AI( 3259): TwsScanController:isTwsScanning can not keep scan mIsScreenOn:false
12-07 11:22:22.987 I/AppScanStats(25288): BLE_SCAN_RESULT_RECEIVED[7]reportBleScanResults=71
12-07 11:22:22.987 I/Hoffnung( 3365): Universal onReceive: Intent { act=android.intent.action.SCREEN_OFF flg=0x50200010 }
12-07 11:22:22.988 I/AppScanStats(25288): BLE_SCAN_STATE_CHANGED[7]reportBleScanStopped=false
12-07 11:22:22.989 I/bt_btif (25288): get_profile_interface: get_profile_interface: id = activity_attribution
12-07 11:22:22.989 E/bt_stack(25288): [ERROR:com_android_bluetooth_btservice_ActivityAttribution.cpp(172)] Failed to get ActivityAttribution Interface
12-07 11:22:22.994 I/bt_stack(25288): [INFO:gatt_api.cc(1045)] GATT_Deregister gatt_if=7
12-07 11:22:22.994 W/bluetooth(25288): gatt_update_app_hold_link_status: attempt to remove non-existing gatt_if=7
12-07 11:22:22.994 I/bluetooth(25288): gatt_update_app_use_link_flag: App status is not updated for gatt_if=7
12-07 11:22:22.995 W/Kolun_AI( 3259): KolunBleScanProcessor: stopScan
12-07 11:22:22.995 W/Kolun_AI( 3259): TwsScanController:can not start scan mIsScreenOn:false
12-07 11:22:22.996 I/Kolun_AI( 3259): BleScanAssistor:realStopBleScan success
12-07 11:22:22.996 E/Kolun_AI( 3259): BleScanAssistor:BleScannerDeathRecipient,unlinkToDeath:com.transsion.iotservice
12-07 11:22:22.996 W/Kolun_AI( 3259): TwsScanController:updateTwsPorcessorAlive alive:false
12-07 11:22:22.996 E/Kolun_AI( 3259): TwsScanController:mBleServiceBinder.stop()
12-07 11:22:22.998 E/BtGatt.ContextMap(25288): Context not found for ID 0
12-07 11:22:22.998 W/TWSClientService(25288): array is null
12-07 11:22:23.001 I/ActivityManager( 1454): Killing 3151:com.org.AmarUjala.news/u0a191 (adj 985): empty for 95s
12-07 11:22:23.005 W/GlobaleScanToastControlService(26260): onUnbind exitToast
12-07 11:22:23.009 I/libprocessgroup( 1454): Successfully killed process cgroup uid 10191 pid 3151 in 6ms
12-07 11:22:23.010 W/Kolun_AI( 3259): BleServiceBinder:stop unbindService complete
12-07 11:22:23.011 E/Kolun_AI( 3259): BleScanAssistor:mKolunScannerDeathRecipientMap.remove:com.transsion.iotservice
12-07 11:22:23.011 W/Kolun_AI( 3259): BleScanAssistor:unregisterScannerCallback mKolunScannerCallbackHashMap.size():1
12-07 11:22:23.011 W/Kolun_AI( 3259): BleScanAssistor:unregister listener:com.transsion.iotservice
12-07 11:22:23.012 W/Kolun_AI( 3259): BleScanAssistor:unregisterScannerCallback send message:com.transsion.iotservice
12-07 11:22:23.012 W/Kolun_AI( 3259): BleScanAssistor:realStopBleScan call binderDied remove:com.transsion.iotservice
12-07 11:22:23.012 W/Kolun_AI( 3259): TwsScanController:stopBleBinder
12-07 11:22:23.012 W/Kolun_AI( 3259): BleServiceBinder:not bind yet can not stop
12-07 11:22:23.012 W/Kolun_AI( 3259): TwsScanController:can not start scan mIsScreenOn:false
12-07 11:22:23.012 W/Kolun_AI( 3259): TwsScanController:isTwsScanning can not keep scan mIsScreenOn:false
12-07 11:22:23.012 W/Kolun_AI( 3259): BleScanAssistor:realStopBleScan is already stoped,isScanning:false
12-07 11:22:23.012 I/ScreenStateCollector( 3259): onScreenStateChange ++ false
12-07 11:22:23.012 I/CacheManager( 3259):  save new data to cache screen_state
12-07 11:22:23.013 I/bsc     ( 3259): notifyDataChange in screen_state, 0
12-07 11:22:23.014 E/GlobaleScanToastControlService(26260): onDestroy
12-07 11:22:23.016 W/TwsAppServiceLifeSpi(26260): onDestory stopScan
12-07 11:22:23.020 I/welinkBLE(26260): now stop kolun ble scan....
12-07 11:22:23.020 W/welinkBLE(26260): KolunScanHelper unregisterKolunCallback ikolunScanCallback mCallbackList.size:0
12-07 11:22:23.021 W/Kolun_AI( 3259): BleScanAssistor:unregisterScannerCallback mKolunScannerCallbackHashMap.size():0
12-07 11:22:23.021 W/Kolun_AI( 3259): BleScanAssistor:unregister listener:com.transsion.iotservice
12-07 11:22:23.021 W/Kolun_AI( 3259): BleScanAssistor:unregisterScannerCallback send message:com.transsion.iotservice
12-07 11:22:23.021 W/Kolun_AI( 3259): TwsScanController:isTwsScanning can not keep scan mIsScreenOn:false
12-07 11:22:23.021 W/Kolun_AI( 3259): BleScanAssistor:realStopBleScan is already stoped,isScanning:false
12-07 11:22:23.021 I/welinkBLE(26260): clearBuf......
12-07 11:22:23.021 W/TwsScanLinkHelper(26260): stopScan
12-07 11:22:23.024 I/SmartPanel_TouchView( 3287): changeCanGestureStatus mCanGesture = false
12-07 11:22:23.024 I/SmartPanel_OperateState( 3287): clear, goto SlideState
12-07 11:22:23.025 W/InputManager-JNI( 1454): Input channel object 'bc6e5d7 com.transsion.smartpanel (client)' was disposed without first being removed with the input manager!
12-07 11:22:23.084 I/Zygote  (  829): Process 3151 exited due to signal 9 (Killed)
12-07 11:22:19.308 I/[wlan][1853]kalPerMonUpdate( 1853): (SW4 INFO) <1353ms> Tput: 896(0.000mbps) [152:2:0:0][0:0:0:0][0:0:0:0][0:0:0:0] Pending:2/256 [0:2:0:0][0:0:0:0][0:0:0:0][0:0:0:0] Used:0/1536/512 [0][0][0][0][0] LQ[1961458:31222:85] lv:0 th:5 fg:0x7 Mo:[0:0:0:0] TxDp[ST:BS:FO:QM:DP]:35:0:0:0:4616
12-07 11:22:19.308 I/[wlan][1853]kalPerMonUpdate( 1853): (SW4 INFO) ndevdrp:[0:0:0:0][0:0:0:0][0:0:0:0][0:0:0:0] drv[RM,IL,RI,RT,RM,RW,RA,RB,DT,NS,IB,HS,LS,DD,ME,BD,NI,DR,TE,CE,DN,FE,DE,IE,TME]:4194502,0,3660162,3726442,42949690388,3604840,48447,2367,77106,0,0,53,0,1747,0,6210,0,69078,0,18,77089,0,0,0,0
12-07 11:22:19.309 I/[T101854] [wlan][1854]halSetDriverOwn(    0): (INIT INFO) DRIVER OWN Done[1044 us]
12-07 11:22:19.309 I/[T101854] [wlan][1854]kalDumpHifStats(    0): (HAL INFO) I[3932647 0] T[103866 103866 103866 / 1668564 1515138 1515136 1668560] R[3731113 / 1399594] T_R[2 0 0 0 0]  R_R[0 0] Tok[4/1536] Rfb[2102/2102] txreg[1285476] rxreg[3568784]
12-07 11:22:23.087 I/mtkpower_client( 1454): [Legacy][PowerHal_Wrap_notifyAppState] com.org.AmarUjala.news/com.org.AmarUjala.news pid=3151 state:3
12-07 11:22:23.087 I/game_scn( 1454): collectForegroundAppList packName=com.org.AmarUjala.news, actName=com.org.AmarUjala.news, pid=3151, uid=10191, state:DEAD
12-07 11:22:23.089 I/libPowerHal(  857): [perfNotifyAppState] pack:com.org.AmarUjala.news, act:com.org.AmarUjala.news, state:3, pid:3151, uid:10191, fps:-1
12-07 11:22:23.089 I/libPowerHal(  857): [perfNotifyAppState] pack:com.org.AmarUjala.news, pid:3151, STATE_DEAD
12-07 11:22:23.134 I/WifiHAL ( 1840): Get link layer stats
12-07 11:22:23.134 I/WifiHAL ( 1840): GetLinkStatsCommand::create
12-07 11:22:23.135 I/android.hardware.wifi@1.0-service-lazy( 1840): WifiCommand::requestResponse err=-14
12-07 11:22:23.135 I/WifiHAL ( 1840): wifi_get_link_stats: result=-1
12-07 11:22:23.136 E/WifiVendorHal( 1454): getWifiLinkLayerStats_1_5_Internal(l.1176) failed {.code = ERROR_UNKNOWN, .description = unknown}
12-07 11:22:19.361 I/[wlan][1840]mtk_cfg80211_vendor_llstats_get_info( 1840): (REQ ERROR) EMI mapping not done
12-07 11:22:19.365 I/[T201853] [wlan][1853]cnmTimerStartTimer(    0): (CNM WARN) Invalid NextExpiredSysTime: 112440136, currentSysTime: 112440544
12-07 11:22:19.366 I/[wlan][1854]wlanTxCmdDoneCb( 1854): (TX INFO) Add command: 000000001618a944, nicCmdEventQueryLinkSpeedEx.cfi_jt [wlan_drv_gen4m], cmd=0x81, seq=113
12-07 11:22:19.366 I/[T301853] [wlan][1853]nicUpdateLinkQuality(    0): (RLM INFO) Rssi=-50, NewRssi=-50
12-07 11:22:19.367 I/[T301853] [wlan][1853]nicGetPendingCmdInfo(    0): (TX INFO) Get command: 000000001618a944, nicCmdEventQueryLinkSpeedEx.cfi_jt [wlan_drv_gen4m], cmd=0x81, seq=113
12-07 11:22:19.367 I/[T301853] [wlan][1853]connac_get_rx_rate_info(    0): (SW4 ERROR) prStaRecOfAP is null
12-07 11:22:19.369 I/[T401854] [wlan][1854]wlanTxCmdDoneCb(    0): (TX INFO) Add command: 0000000027d28590, nicCmdEventQueryStaStatistics.cfi_jt [wlan_drv_gen4m], cmd=0x85, seq=114
12-07 11:22:19.369 I/[T201853] [wlan][1853]nicRxProcessEventPacket(    0): (RX INFO) Not static config event: id=0x21, seq=114
12-07 11:22:19.370 I/[T201853] [wlan][1853]nicGetPendingCmdInfo(    0): (TX INFO) Get command: 0000000027d28590, nicCmdEventQueryStaStatistics.cfi_jt [wlan_drv_gen4m], cmd=0x85, seq=114
12-07 11:22:19.372 I/[T401169] [wlan][1169]mtk_cfg80211_get_station(    0): (REQ INFO) link speed=3900/4333, bw=0/4, rssi=-50, BSSID:[6e:22:**:**:**:9d],TxFail=0, TxTimeOut=0, TxOK=26739, RxOK=39528, FcsErr=4
12-07 11:22:23.228 I/WifiHAL ( 1840): Get link layer stats
12-07 11:22:23.229 I/WifiHAL ( 1840): GetLinkStatsCommand::create
12-07 11:22:23.229 I/android.hardware.wifi@1.0-service-lazy( 1840): WifiCommand::requestResponse err=-14
12-07 11:22:23.229 I/WifiHAL ( 1840): wifi_get_link_stats: result=-1
12-07 11:22:23.230 E/WifiVendorHal( 1454): getWifiLinkLayerStats_1_5_Internal(l.1176) failed {.code = ERROR_UNKNOWN, .description = unknown}
12-07 11:22:23.233 I/wpa_supplicant(15037): wpa_driver_nl80211_driver_cmd: wlan0 recv cmd SETSUSPENDMODE 1
12-07 11:22:19.455 I/[T101840] [wlan][1840]mtk_cfg80211_vendor_llstats_get_info(    0): (REQ ERROR) EMI mapping not done
12-07 11:22:19.460 I/[wlan][15037]priv_support_driver_cmd(15037): (REQ INFO) priv_support_driver_cmd: driver cmd "SETSUSPENDMODE 1" on wlan0,(00000000f0741b9d,00000000841d5ecf)
12-07 11:22:19.460 I/[wlan][15037]priv_driver_set_suspend_mode(15037): (REQ INFO) priv_driver_set_suspend_mode: Set suspend mode [1]
12-07 11:22:19.464 I/[T101853] [wlan][1853]wlanoidSetMulticastList(    0): (OID INFO) MCAST white list: total=1 MAC0=33:33:**:**:**:01 MAC1=00:00:**:**:**:00 MAC2=00:00:**:**:**:00 MAC3=00:00:**:**:**:00 MAC4=00:00:**:**:**:00
12-07 11:22:23.239 I/ScreenStatusReceiver( 8950): screenOffClean isSupportSleepOffAceelerateFeature: 
12-07 11:22:19.465 I/[T315037] [wlan][15037]kalGetIPv4Address(    0): (INIT INFO) IPv4 addr [0][192.***.***.6] mask [255.***.***.0]
12-07 11:22:19.465 I/[T315037] [wlan][15037]kalGetIPv6Address(    0): (INIT INFO) IPv6 addr [0][2401:4900:883f:7bba:ea1b:ef84:0f46:44be]
12-07 11:22:19.465 I/[T315037] [wlan][15037]kalGetIPv6Address(    0): (INIT INFO) IPv6 addr [1][2401:4900:883f:7bba:00cc:e1ff:fed6:c839]
12-07 11:22:19.465 I/[T315037] [wlan][15037]kalGetIPv6Address(    0): (INIT INFO) IPv6 addr [2][fe80:0000:0000:0000:00cc:e1ff:fed6:c839]
12-07 11:22:19.467 I/[T501853] [wlan][1853]wlanoidSetNetworkAddress(    0): (OID INFO) wlanoidSetNetworkAddress:IPv4 Addr[0][192.***.***.6]Mask[255.***.***.0]BSS[0] ver[1]
12-07 11:22:19.476 I/[T701853] [wlan][1853]wlanoidSetMulticastList(    0): (OID INFO) MCAST white list: total=1 MAC0=33:33:**:**:**:01 MAC1=00:00:**:**:**:00 MAC2=00:00:**:**:**:00 MAC3=00:00:**:**:**:00 MAC4=00:00:**:**:**:00
12-07 11:22:19.478 I/[T615037] [wlan][15037]kalGetIPv4Address(    0): (INIT INFO) IPv4 address is not available for dev(0x000000008c9a53ab)
12-07 11:22:19.480 I/[T215037] [wlan][15037]kalGetIPv4Address(    0): (INIT INFO) IPv4 address is not available for dev(0x0000000041ddc467)
12-07 11:22:23.257 I/wpa_supplicant(15037): wpa_driver_nl80211_driver_cmd: ret = 0 used = 2 total = 512 buf = 
12-07 11:22:23.302 I/os.permission( 1454): Grant permission: android.permission.SYSTEM_ALERT_WINDOW to uid: 10135
12-07 11:22:23.307 I/os.permission( 1454): Grant permission: android.permission.SYSTEM_ALERT_WINDOW to uid: 10135
12-07 11:22:23.327 I/Kolun.KolunBroadcastReceiver(18130):  android.intent.action.SCREEN_OFF RECEIVED
12-07 11:22:23.328 I/Kolun.KolunBroadcastReceiver(18130):  broadcast processed
12-07 11:22:23.328 I/Kolun.WidgetEventRegister(18130):  onBusEvent:ScreenOffEvent
12-07 11:22:23.328 I/Kolun.WidgetManager(18130):  dispatchWidgetEvent com.transsion.kolun.assistant.common.components.event.ScreenOffEvent inited true mMultiUserSwitched false
12-07 11:22:23.329 I/Kolun.CommonUtil(18130):  checkAppInstalled error: com.afmobi.boomplayer
12-07 11:22:23.335 W/PowerData(18763): [processReceive] action = android.intent.action.SCREEN_OFF
12-07 11:22:23.368 I/NearbyDiscovery(29595): (REDACTED) FastPairHandler: Received action %s
12-07 11:22:23.369 I/NearbyDiscovery(29595): (REDACTED) PureOffloadFastPairScanner: eventType=%s, isInternalReq=%s, isScanning=%s, isScanningAllowed=%s
12-07 11:22:23.370 I/NearbyDiscovery(29595): (REDACTED) ApFastPairScanner: isScreenOn=%s, isLocationEnabled=%s, disableLocationRequirement=%s, isDiscoveryScanningEnabled=%s, during24GhzWifiWarmingUpPeriod=%s
12-07 11:22:23.373 I/NearbyDiscovery(29595): (REDACTED) ApFastPairScanner: eventType=%s, intReq=%s, scanning=%s, scanAllowed=%s, bleEnabled=%s, lockScanRate=%s, startScanningByLowPowerMode=%s
12-07 11:22:23.373 I/NearbyDiscovery(29595): FastPairController: onSystemStateChanged: skip due to flag disabled [CONTEXT service_id=265 ]
12-07 11:22:19.603 I/[MTK-BT]BT_unlocked_ioctl(14350): id[1], value[0x00000000], desc[BLE_SCAN]
12-07 11:22:19.616 I/        (17387): retry get tusb channel!
12-07 11:22:19.616 I/        (17387): tusb channel err!
12-07 11:22:23.393 I/TwsAppServiceLifeSpi(26260): checkBleScan mBluetoothEnable:true,mScreenEnable:false 
12-07 11:22:23.393 W/TwsAppServiceLifeSpi(26260): stopBleScan
12-07 11:22:23.394 W/TwsScanLinkHelper(26260): stopScan fail,scan not start
12-07 11:22:19.628 I/[wlan][1854]halSetFWOwn( 1854): (INIT INFO) FW OWN:1, IntSta:0x10000010
12-07 11:22:23.684 I/libPerfCtl(  857): xgfGetFPS pid:1454 fps:-1
12-07 11:22:23.684 I/AppThermalMode(  857): [perfNotifyThermalState] hdl:0
12-07 11:22:23.684 I/AppThermalMode(  857): [findAppThermalIdx] Fail: appThermalModeEnable: 0,currentFPS: -1,fg->pid:27268
12-07 11:22:23.684 I/AppThermalMode(  857): [perfNotifyThermalState] appThermalIdx -1:
12-07 11:22:23.684 I/libPerfCtl(  857): xgfGetFPS pid:1895 fps:-1
12-07 11:22:23.684 I/AppThermalMode(  857): [perfNotifyThermalState] hdl:0
12-07 11:22:23.684 I/AppThermalMode(  857): [findAppThermalIdx] Fail: appThermalModeEnable: 0,currentFPS: -1,fg->pid:27268
12-07 11:22:23.684 I/AppThermalMode(  857): [perfNotifyThermalState] appThermalIdx -1:
12-07 11:22:20.164 I/        (  173): [Hang_Detect] hang_detect thread counts down 10:10, status 1.
12-07 11:22:20.479 I/[T101854] [wlan][1854]halSetDriverOwn(    0): (INIT INFO) DRIVER OWN Done[1274 us]
12-07 11:22:20.480 I/[T101854] [wlan][1854]kalDumpHifStats(    0): (HAL INFO) I[3932669 0] T[103878 103878 103878 / 1668566 1515140 1515140 1668566] R[3731116 / 1399600] T_R[0 0 0 0 0]  R_R[0 0] Tok[0/1536] Rfb[2101/2102] txreg[1285478] rxreg[3568793]
12-07 11:22:20.480 I/[T201853] [wlan][1853]kalPerMonUpdate(    0): (SW4 INFO) <1172ms> Tput: 3248(0.003mbps) [324:4:152:2][0:0:0:0][0:0:0:0][0:0:0:0] Pending:0/256 [0:0:0:0][0:0:0:0][0:0:0:0][0:0:0:0] Used:0/1536/512 [0][0][0][0][0] LQ[1961458:31222:85] lv:0 th:5 fg:0x7 Mo:[0:0:0:0] TxDp[ST:BS:FO:QM:DP]:35:0:0:0:4616
12-07 11:22:20.480 I/[T201853] [wlan][1853]kalPerMonUpdate(    0): (SW4 INFO) ndevdrp:[0:0:0:0][0:0:0:0][0:0:0:0][0:0:0:0] drv[RM,IL,RI,RT,RM,RW,RA,RB,DT,NS,IB,HS,LS,DD,ME,BD,NI,DR,TE,CE,DN,FE,DE,IE,TME]:4194508,0,3660164,3726445,42949690388,3604843,48447,2367,77106,0,0,53,0,1747,0,6210,0,69078,0,18,77089,0,0,0,0
12-07 11:22:20.482 I/[T201853] [wlan][wlan][1853]wlanPktTxDone(    0): (TX INFO) TX DONE, Type[ICMPV6] Tag[0xca216300] WIDX:PID[5:51] Status[0], SeqNo: 59
12-07 11:22:20.628 I/[T101854] [wlan][1854]halSetFWOwn(    0): (INIT INFO) FW OWN:1, IntSta:0x10000001
12-07 11:22:24.684 I/libPerfCtl(  857): xgfGetFPS pid:1454 fps:-1
12-07 11:22:24.684 I/AppThermalMode(  857): [perfNotifyThermalState] hdl:0
12-07 11:22:24.684 I/AppThermalMode(  857): [findAppThermalIdx] Fail: appThermalModeEnable: 0,currentFPS: -1,fg->pid:27268
12-07 11:22:24.684 I/AppThermalMode(  857): [perfNotifyThermalState] appThermalIdx -1:
12-07 11:22:24.684 I/libPerfCtl(  857): xgfGetFPS pid:1895 fps:-1
12-07 11:22:24.684 I/AppThermalMode(  857): [perfNotifyThermalState] hdl:0
12-07 11:22:24.684 I/AppThermalMode(  857): [findAppThermalIdx] Fail: appThermalModeEnable: 0,currentFPS: -1,fg->pid:27268
12-07 11:22:24.684 I/AppThermalMode(  857): [perfNotifyThermalState] appThermalIdx -1:
12-07 11:22:24.845 W/BroadcastQueue( 1454): Background execution not allowed: receiving Intent { act=android.intent.action.DROPBOX_ENTRY_ADDED flg=0x10 (has extras) } to com.google.android.gms/.stats.service.DropBoxEntryAddedReceiver
12-07 11:22:21.099 I/        (    0): [T201394] [Tran_FP][Info][tran_fp_ioctl][452] GF_IOC_ENABLE_SPI_CLK ======
12-07 11:22:21.099 I/        (    0): [T201394]
12-07 11:22:21.100 I/        (    0): [T201394] [Tran_FP][Debug][tran_fp_open_clock][720]entered
12-07 11:22:21.100 I/        (    0): [T201394]
12-07 11:22:21.103 I/        (    0): [T100216] Trustonic TEE: b02(3)|[drIpchLoop] GF_DR version: GF_DR_v1.0
12-07 11:22:24.882 E/[GF_HAL][gf_hal_milan]( 1314): [hal_milan_invoke_command] err=GF_SUCCESS, errno=0. reset g_hal_over_current_count to 0!
12-07 11:22:24.882 I/[GF_HAL][gf_hal_milan]( 1314): [irq_pre_process] irq_type=[GF_IRQ_FINGER_DOWN_MASK], irq_type=0x0002
12-07 11:22:24.882 I/mtkpower_client( 1314): perf_lock_acq, hdl:34204, dur:500, num:6, tid:1394
12-07 11:22:21.108 I/        (    0): [T300216] Trustonic TEE: f01(3)|[GF_TA][I][gf_cali_common][gf_cali_common_get_preprocess_times] g_calibration_data.preprocess_success_count=0
12-07 11:22:21.108 I/        (    0): [T401394] [Tran_FP][Info][tran_fp_ioctl][457] GF_IOC_DISABLE_SPI_CLK ======
12-07 11:22:21.108 I/        (    0): [T401394]
12-07 11:22:21.108 I/        (    0): [T401394] [Tran_FP][Debug][tran_fp_close_clock][735]entered
12-07 11:22:21.108 I/        (    0): [T401394]
12-07 11:22:24.878 W/mtkPowerService(  857): type=1400 audit(0.0:124821): avc: denied { getattr } for path="/proc/1314" dev="proc" ino=7897194 scontext=u:r:mtk_hal_power:s0 tcontext=u:r:hal_fingerprint_default:s0 tclass=dir permissive=0
12-07 11:22:24.878 W/mtkPowerService(  857): type=1400 audit(0.0:124822): avc: denied { search } for name="1314" dev="proc" ino=7897194 scontext=u:r:mtk_hal_power:s0 tcontext=u:r:hal_fingerprint_default:s0 tclass=dir permissive=0
12-07 11:22:24.884 E/libPowerHal(  857): Could not open '/proc/1314/comm'
12-07 11:22:24.884 I/mtkpower_client( 1314): ret_hdl:34215
12-07 11:22:24.885 W/FingerprintManager( 1895): Invalid acquired message: 6, 20
12-07 11:22:21.111 I/        (    0): [T501394] [Tran_FP][Info][tran_fp_open][2050]entered!
12-07 11:22:21.111 E/        (    0): [T501394] [Tran_FP][Error][tran_fp_ioctl][1832]set_tee_worker_threads_on_big_core true
12-07 11:22:21.111 E/        (    0): [T501394]
12-07 11:22:24.886 I/libPowerHal(  857): [setClusterFreq] : sysfs_freq set cpu freq: -1 -1 2400000 -1 
12-07 11:22:21.111 I/        (    0): [T501394] [Tran_FP][Info][tran_fp_release][2086]entered!
12-07 11:22:21.112 I/        (    0): [T501394] [Tran_FP][Info][tran_fp_ioctl][452] GF_IOC_ENABLE_SPI_CLK ======
12-07 11:22:21.112 I/        (    0): [T501394]
12-07 11:22:21.112 I/        (    0): [T501394] [Tran_FP][Debug][tran_fp_open_clock][720]entered
12-07 11:22:21.112 I/        (    0): [T501394]
12-07 11:22:24.887 I/TranFingerprintServiceExtImpl( 1454):  call onAcquireHook with mAllow=true   isPressUnlock=false
12-07 11:22:24.887 I/DisplayPowerState( 1454):    mPreWakeupRunnable handle
12-07 11:22:24.887 W/FingerprintManager( 1895): Invalid acquired message: 6, 2
12-07 11:22:24.887 I/mtkpower@impl(  857): [setMode] type:9, enabled:0
12-07 11:22:24.887 E/mtkpower@impl(  857): [setMode] unknown type
12-07 11:22:21.113 I/        (    0): [T202670] update cpufreq limit idx min 0---max 0,freq min 2400000 ---max 2400000
12-07 11:22:21.115 I/        (    0): [T200216] Trustonic TEE: b02(3)|[drIpchLoop] GF_DR version: GF_DR_v1.0
12-07 11:22:24.888 I/SurfaceFlinger(  896): surfaceflinger setSchedFifo set to fifo-97
12-07 11:22:24.888 I/DisplayDeviceRepository( 1454): Display device changed state: "Built-in Screen", ON
12-07 11:22:24.889 I/hwcomposer(  844): [HWCDisplay] Display(0) SetPowerMode(2) current mode(0)  
12-07 11:22:24.889 W/hwcomposer(  844): [DRMDEV] Failed to open fb0 device: No such file or directory  
12-07 11:22:24.891 I/InputManager-JNI( 1454): Viewport [0] to add: local:0, isActive: true
12-07 11:22:21.116 I/        (    0): [T100844] [DISP]CRTC0 hold wakelock mtk_drm_crtc_atomic_resume 7427
12-07 11:22:21.116 I/        (    0): [T100844] [DISP]mtk_dsi_set_mmclk_by_datarate_V1, data_rate =898, mmclk=156 pixclk_min=156, dual=0
12-07 11:22:21.117 I/[DISP]mtk_rdma_cal_golden_setting,w(  844): 720,h:1612,vrefresh:90,bpc:8,is_vdo:1,is_dc:0,sram:0,fifo:2240
12-07 11:22:21.118 I/        (    0): [T401516] hang_detect HANG_KICK ( 300)
12-07 11:22:21.118 I/        (    0): [T401516] [Hang_Detect] hang_detect enabled 10
12-07 11:22:21.119 I/        (  844): [Tran_FP][Debug][gf_fb_notifier_callback][239]gf_fb_notifier_callback, 239, enter
12-07 11:22:21.119 E/        (    0): [T100465] [DISP][E]mtk_drm_idlemgr_monitor_thread mtk_crtc_wait_status fail-1
12-07 11:22:21.119 I/        (  844): enter ppm lcmoff fb!
12-07 11:22:21.119 I/[wlan][844]wlan_fb_notifier_callback(  844): (SW4 INFO) wlan_fb_notifier_callback: event[0], blank[0]
12-07 11:22:21.119 I/[wlan][844]kalSetPerMonEnable(  844): (SW4 INFO) enter kalSetPerMonEnable
12-07 11:22:21.119 I/[wlan][844]kalPerMonEnable(  844): (SW4 INFO) enter kalPerMonEnable
12-07 11:22:21.119 I/[wlan][844]wlan_fb_notifier_callback(  844): (SW4 INFO) wlan_fb_notifier_callback: end
12-07 11:22:21.120 I/        (  844): lcm_prepare Start
12-07 11:22:21.122 I/        (    0): [T200216] Trustonic TEE: f01(3)|[GF_TA][I][gf_milan][gf_milan_check_sensor_dac_validity] otp_default_dac=0x0000002A,0x0000002B,0x0000002B,0x0000002B
12-07 11:22:21.122 I/        (    0): [T200216] Trustonic TEE: f01(3)|[GF_TA][I][gf_milan][gf_milan_check_sensor_dac_validity] cal_dac_0=0x000002A8
12-07 11:22:24.893 I/InputReader( 1454): Reconfiguring input devices, changes=DISPLAY_INFO | 
12-07 11:22:24.893 I/InputReader( 1454): Device reconfigured: id=6, name='mtk-tpd', size 720x1612, orientation 0, mode 1, display id 0
12-07 11:22:24.893 I/InputReader( 1454): mXScale=1.000000, mYScale=1.000000, deviceId=6
12-07 11:22:24.901 I/NearbyDiscovery(29595): (REDACTED) FastPairDisplayObserver: %s -> %s
12-07 11:22:24.902 I/NearbyDiscovery(29595): (REDACTED) PureOffloadFastPairScanner: eventType=%s, isInternalReq=%s, isScanning=%s, isScanningAllowed=%s
12-07 11:22:21.127 I/        (    0): [T500216] Trustonic TEE: b02(3)|[drIpchLoop] GF_DR version: GF_DR_v1.0
12-07 11:22:24.903 I/NearbyDiscovery(29595): (REDACTED) ApFastPairScanner: isScreenOn=%s, isLocationEnabled=%s, disableLocationRequirement=%s, isDiscoveryScanningEnabled=%s, during24GhzWifiWarmingUpPeriod=%s
12-07 11:22:24.903 I/NearbyDiscovery(29595): (REDACTED) ApFastPairScanner: eventType=%s, intReq=%s, scanning=%s, scanAllowed=%s, bleEnabled=%s, lockScanRate=%s, startScanningByLowPowerMode=%s
12-07 11:22:21.139 I/        (    0): [T400216] Trustonic TEE: b02(3)|[drIpchLoop] GF_DR version: GF_DR_v1.0
12-07 11:22:21.139 I/        (    0): [T400216] Trustonic TEE: f01(3)|[GF_TA][I][gf_irq][gf_irq_authenticate]get_raw_data_time = 23715
12-07 11:22:21.139 I/        (    0): [T400216] Trustonic TEE: f01(3)|[GF_TA][E][gf_cali][gf_cali_preprocess] wxl buf_len=3776,flag_chip_info=0x101d8135
12-07 11:22:21.143 I/Trustonic TEE(  216): b02(6)|[drIpchLoop] GF_DR version: GF_DR_v1.0
12-07 11:22:24.917 I/PkDeviceHelper( 3125): PkDeviceHelper.refreshDevices():93 refreshing devices
12-07 11:22:21.143 I/Trustonic TEE(  216): f01(6)|[GF_TA][E][gf_cali][gf_cali_preprocess] enhance image_preprocess2
12-07 11:22:21.155 I/        (    0): [T200216] Trustonic TEE: b02(6)|[drIpchLoop] GF_DR version: GF_DR_v1.0
12-07 11:22:21.155 I/        (    0): [T200216] Trustonic TEE: f01(6)|[GF_TA][I][gf_irq][gf_irq_authenticate] preprocess_time =14
12-07 11:22:21.155 I/        (    0): [T200216] Trustonic TEE: f01(6)|[GF_TA][E][gf_algo][gf_algo_authenticate] g_reject_num before = 0
12-07 11:22:21.171 I/        (    0): [T100216] Trustonic TEE: b02(6)|[drIpchLoop] GF_DR version: GF_DR_v1.0
12-07 11:22:21.171 I/        (    0): [T100216] Trustonic TEE: f01(6)|[GF_TA][I][gf_algo][gf_algo_finger_authenticate_recognition] algorithm version:5.01.04.09
12-07 11:22:21.195 I/        (  844): lcm_panel_init Start
12-07 11:22:21.230 I/        (    0): [T200216] Trustonic TEE: b02(6)|[drIpchLoop] GF_DR version: GF_DR_v1.0
12-07 11:22:21.230 I/        (    0): [T200216] Trustonic TEE: b02(6)|[drIpchLoop] GF_DR version: GF_DR_v1.0
12-07 11:22:21.230 I/        (    0): [T200216] Trustonic TEE: b02(6)|[drIpchLoop] GF_DR version: GF_DR_v1.0
12-07 11:22:25.005 E/[GF_HAL][gf_hal_milan]( 1314): [hal_milan_invoke_command] err=GF_SUCCESS, errno=0. reset g_hal_over_current_count to 0!
12-07 11:22:21.231 I/        (    0): [T200216] Trustonic TEE: b02(6)|[drIpchLoop] GF_DR version: GF_DR_v1.0
12-07 11:22:21.231 I/        (    0): [T200216] Trustonic TEE: f01(6)|[GF_TA][E][gf_data_process_utils][gf_data_process_image_check1] break
12-07 11:22:21.231 I/        (    0): [T200216] Trustonic TEE: f01(6)|[GF_TA][I][gf_cali_common][gf_cali_common_get_preprocess_times] g_calibration_data.preprocess_success_count=1
12-07 11:22:21.231 I/        (    0): [T200216] Trustonic TEE: b02(6)|[drIpchLoop] GF_DR version: GF_DR_v1.0
12-07 11:22:21.231 I/        (    0): [T501394] [Tran_FP][Info][tran_fp_ioctl][457] GF_IOC_DISABLE_SPI_CLK ======
12-07 11:22:25.005 I/mtkpower_client( 1314): perf_lock_rel, hdl:34215, tid:1394
12-07 11:22:21.231 I/        (    0): [T501394]
12-07 11:22:21.231 I/        (    0): [T501394] [Tran_FP][Debug][tran_fp_close_clock][735]entered
12-07 11:22:21.231 I/        (    0): [T501394]
12-07 11:22:25.006 I/[GF_HAL][gf_hal_common]( 1314): [hal_milan_authenticate_success]     image_quality=94
12-07 11:22:25.006 I/[GF_HAL][gf_hal_common]( 1314): [hal_milan_authenticate_success]        valid_area=100
12-07 11:22:25.006 I/[GF_HAL][gf_hal_common]( 1314): [hal_milan_authenticate_success]     key_point_num=106
12-07 11:22:25.006 I/[GF_HAL][gf_hal_common]( 1314): [hal_milan_authenticate_success]       match_score=20031
12-07 11:22:25.006 I/[GF_HAL][gf_hal_common]( 1314): [hal_milan_authenticate_success] polling_image_time=0ms
12-07 11:22:25.006 I/[GF_HAL][gf_hal_common]( 1314): [hal_milan_authenticate_success] get_irq_type_time=12ms
12-07 11:22:25.006 I/[GF_HAL][gf_hal_common]( 1314): [hal_milan_authenticate_success] get_raw_data_time=23ms
12-07 11:22:25.006 I/[GF_HAL][gf_hal_common]( 1314): [hal_milan_authenticate_success]   preprocess_time=14ms
12-07 11:22:25.006 I/[GF_HAL][gf_hal_common]( 1314): [hal_milan_authenticate_success]  get_feature_time=16ms
12-07 11:22:25.006 I/[GF_HAL][gf_hal_common]( 1314): [hal_milan_authenticate_success] authenticate_time=62ms
12-07 11:22:25.006 I/[GF_HAL][gf_hal_common]( 1314): [hal_milan_authenticate_success] KPI time=116ms
12-07 11:22:25.006 I/[GF_HAL][gf_hal_common]( 1314): [hal_milan_authenticate_success]  switch_mode_time & save_cail_data_time =0ms
12-07 11:22:25.006 I/[GF_HAL][gf_hal_common]( 1314): [hal_milan_authenticate_success]        total time=132ms
12-07 11:22:25.006 I/libPowerHal(  857): [setClusterFreq] : sysfs_freq set cpu freq: -1 -1 -1 -1 
12-07 11:22:25.007 W/BiometricFrameworkStatsLogger( 1454): found a negative latency : -1
12-07 11:22:25.007 I/TranFingerprintServiceExtImpl( 1454):   call onAuthenticatedHook with mOnAcquireHandled=true   mAllow=true  authenticated=true isBiometricAllowedForUser=true  mCurrentUserId=0
12-07 11:22:25.007 I/libPowerHal(  857): [PD]  update cmd:1000000 param:-1
12-07 11:22:25.007 I/ActivityTaskManager( 1454): notifyKeyguardGoingAwayQuickly set  mKeyguardGoingAwayQuickly to true, pid = 1454, MY_PID = 1454
12-07 11:22:21.232 I/        (    0): [T201394] [Tran_FP][Info][tran_fp_open][2050]entered!
12-07 11:22:21.232 E/        (    0): [T201394] [Tran_FP][Error][tran_fp_ioctl][1836]set_tee_worker_threads_on_big_core false
12-07 11:22:21.232 E/        (    0): [T201394]
12-07 11:22:21.232 I/        (    0): [T201394] [Tran_FP][Info][tran_fp_release][2086]entered!
12-07 11:22:21.232 I/        (    0): [T201394] [Tran_FP][Info][tran_fp_ioctl][452] GF_IOC_ENABLE_SPI_CLK ======
12-07 11:22:21.232 I/        (    0): [T201394]
12-07 11:22:21.232 I/        (    0): [T201394] [Tran_FP][Debug][tran_fp_open_clock][720]entered
12-07 11:22:21.232 I/        (    0): [T201394]
12-07 11:22:21.233 I/        (    0): [T401394] [Tran_FP][Info][tran_fp_ioctl][457] GF_IOC_DISABLE_SPI_CLK ======
