12-07 11:22:38.315 D/BluetoothLeScanner(14348): onScannerRegistered() - status=0 scannerId=9 mScannerId=0
12-07 11:22:38.318 I/AppScanStats(25288): BLE_SCAN_STATE_CHANGED[9]reportBleScanStarted=true
12-07 11:22:38.319 D/BtGatt.ScanManager(25288): startScan() ScanMode: 1 com.codingiot.co.fit
12-07 11:22:38.319 D/ActivityAttributionService(25288): notifyActivityAttributionInfo UID=1002 packageName=com.android.bluetooth deviceAddress=no_active_device_address
12-07 11:22:38.319 I/bt_btif (25288): get_profile_interface: get_profile_interface: id = activity_attribution
12-07 11:22:38.319 E/bt_stack(25288): [ERROR:com_android_bluetooth_btservice_ActivityAttribution.cpp(172)] Failed to get ActivityAttribution Interface
12-07 11:22:38.319 E/BtGatt.ContextMap(25288): Context not found for ID 0
12-07 11:22:38.319 W/TWSClientService(25288): array is null
12-07 11:22:38.319 D/ScanClient(25288): updateScanMode: com.codingiot.co.fit previous is : 1 new: 2
12-07 11:22:38.320 D/BaseBle (14348): AbsBleScanner -> stopScanDelay
12-07 11:22:38.321 D/welinkBLE(26260): KolunScanHelper receive kolun scan result:null mCallbackList.size:1
12-07 11:22:38.322 I/welinkBLE(26260): deviceInfo is null, continue scan......
12-07 11:22:38.328 D/BtGatt.ScanManager(25288): getAggressiveClient dumpclient caller: com.transsion.kolun.aiservice scanModeApp: 0 scanModeUsed: 0 priority: 2
12-07 11:22:38.328 D/BtGatt.ScanManager(25288): getAggressiveClient dumpclient caller: com.google.android.gms scanModeApp: 1 scanModeUsed: 1 priority: 4
12-07 11:22:38.328 D/BtGatt.ScanManager(25288): getAggressiveClient dumpclient caller: com.codingiot.co.fit scanModeApp: 1 scanModeUsed: 2 priority: 5
12-07 11:22:38.328 D/BtGatt.ScanManager(25288): getAggressiveClient dumpclient caller: TWSClientService scanModeApp: 0 scanModeUsed: 0 priority: 2
12-07 11:22:38.328 D/BtGatt.ScanManager(25288): Start gattClientScanNative with old scanMode 1 new scanMode 2 ( in MS: 100 / 100, in scan unit: 160 / 160 ) caller: com.codingiot.co.fit [ScanClient scanModeApp 1 scanModeUsed 2 [appScanStats com.codingiot.co.fit]]
12-07 11:22:38.330 D/mtk.hal.bt@1.1-impl(  836): BtHostDebugInfo
12-07 11:22:38.331 D/[BT]    (  836): mtk_bt_op: BT_VND_OP_SET_BTHOST
12-07 11:22:38.334 D/mtk.hal.bt@1.1-impl(  836): BtHostDebugInfo
12-07 11:22:38.335 D/[BT]    (  836): mtk_bt_op: BT_VND_OP_SET_BTHOST
12-07 11:22:34.557 I/[MTK-BT]BT_unlocked_ioctl( 9689): id[1], value[0x00000000], desc[BLE_SCAN]
12-07 11:22:34.561 I/[MTK-BT]BT_unlocked_ioctl(14350): id[1], value[0x00a000a0], desc[BLE_SCAN]
12-07 11:22:34.646 W/[    C0] wmt_lib_ps_handler(    0): 3 callbacks suppressed
12-07 11:22:34.646 I/        (    0): [    C0] conn2ap_btif0_wakeup_out_b EIRQ handler
12-07 11:22:38.424 E/BtGatt.ContextMap(25288): Context not found for ID 0
12-07 11:22:38.424 W/TWSClientService(25288): array is null
12-07 11:22:38.428 D/welinkBLE(26260): KolunScanHelper receive kolun scan result:null mCallbackList.size:1
12-07 11:22:38.429 I/welinkBLE(26260): deviceInfo is null, continue scan......
12-07 11:22:38.435 I/libPerfCtl(  857): xgfGetFPS pid:1895 fps:-1
12-07 11:22:38.435 I/AppThermalMode(  857): [perfNotifyThermalState] hdl:0
12-07 11:22:38.435 I/AppThermalMode(  857): [findAppThermalIdx] Fail: appThermalModeEnable: 0,currentFPS: 60,fg->pid:27268
12-07 11:22:38.435 I/AppThermalMode(  857): [perfNotifyThermalState] appThermalIdx -1:
12-07 11:22:38.435 I/libPerfCtl(  857): xgfGetFPS pid:27268 fps:-1
12-07 11:22:38.435 I/AppThermalMode(  857): [perfNotifyThermalState] hdl:0
12-07 11:22:38.435 I/AppThermalMode(  857): [findAppThermalIdx] Fail: appThermalModeEnable: 0,currentFPS: 60,fg->pid:27268
12-07 11:22:38.436 I/AppThermalMode(  857): [perfNotifyThermalState] appThermalIdx -1:
12-07 11:22:38.436 I/libPowerHal(  857): [updateFPS] pid(27268) : 60 => -1
12-07 11:22:38.436 I/libPowerHal(  857): [perfNotifyAppState] pack:com.barberpro.barber, act:com.barberpro.MainActivity, state:5, pid:27268, uid:10250, fps:-1
12-07 11:22:38.437 I/UxUtility(  857): notifyForegroundApp pack:com.barberpro.barber, uid:10250
12-07 11:22:38.437 I/TouchUtility(  857): notifyAppState error = NULL
12-07 11:22:38.439 D/AppFlingMode(  857): [CheckAppFlingHint] 25 com.barberpro.barber -1
12-07 11:22:34.664 W/        (  555): <I>CTS-Plat Point[0] DOWN: x=580, y=249
12-07 11:22:38.442 I/libPowerHal(  857): [setClusterFreq] MTKPOWER_HINT_APP_TOUCH: sysfs_freq set cpu freq: 2000000 -1 2400000 -1 
12-07 11:22:38.442 E/libPowerHal(  857): [getCPUFreq] error cid:2, nClusterNum:2
12-07 11:22:34.667 I/        (    0): [T421222] update cpufreq limit idx min 0---max 0,freq min 2000000 ---max 2000000
12-07 11:22:34.668 I/        (    0): [T421222] update cpufreq limit idx min 0---max 0,freq min 2400000 ---max 2400000
12-07 11:22:38.450 D/SurfaceFlinger(  896): calculateTimeoutTime, triggerInterval = 1 sec + 199999769 nsec
12-07 11:22:38.465 I/BufferQueueProducer(  896): [SurfaceView[com.barberpro.barber/com.barberpro.MainActivity](BLAST)#8411](this:0xb400006fb802f6a8,id:-1,api:0,p:-1,c:896) queueBuffer: fps=18.86 dur=2014.89 max=1390.36 min=8.39
12-07 11:22:38.467 I/FPSGO   (  951): fpsgo_boost_sched_idle_prefer:1
12-07 11:22:38.467 I/mtkpower_client(  951): perf_lock_acq, hdl:0, dur:0, num:2, tid:951
12-07 11:22:38.467 I/libPowerHal(  857): [PD] mtkpower@1.0-se update cmd:1408300 param:0
12-07 11:22:38.468 I/mtkpower@impl(  857): [setMode] type:6, enabled:1
12-07 11:22:38.468 E/mtkpower@impl(  857): [setMode] unknown type
12-07 11:22:34.691 I/[wlan][1853]kalPerMonUpdate( 1853): (SW4 INFO) <1024ms> Tput: 11576(0.011mbps) [110:1:1372:2][0:0:0:0][0:0:0:0][0:0:0:0] Pending:0/256 [0:0:0:0][0:0:0:0][0:0:0:0][0:0:0:0] Used:0/1536/512 [0][0][0][0][0] LQ[1961468:31256:7996] lv:0 th:5 fg:0x9 Mo:[0:0:0:0] TxDp[ST:BS:FO:QM:DP]:35:0:0:0:4616
12-07 11:22:34.691 I/[wlan][1853]kalPerMonUpdate( 1853): (SW4 INFO) ndevdrp:[0:0:0:0][0:0:0:0][0:0:0:0][0:0:0:0] drv[RM,IL,RI,RT,RM,RW,RA,RB,DT,NS,IB,HS,LS,DD,ME,BD,NI,DR,TE,CE,DN,FE,DE,IE,TME]:4194598,0,3660188,3726467,42949690388,3604864,48448,2367,77106,0,0,53,0,1747,0,6210,0,69078,0,18,77089,0,0,0,0
12-07 11:22:34.691 I/[wlan][1853]cnmTimerDoTimeOutCheck( 1853): (CNM INFO) timer timeout, timer 00000000cd569bae func kalPerMonHandler.cfi_jt [wlan_drv_gen4m]
12-07 11:22:34.691 I/[wlan][1853]kalSetPerfReport( 1853): (SW4 INFO) Rate[866][0][0][0] RCPI[108][0][0][0]
12-07 11:22:34.691 I/[wlan][wlan][1853]asicFillCmdTxdInfo( 1853): (INIT INFO) TX CMD: ID[0x7E] SEQ[171] SET[1] LEN[344]
12-07 11:22:34.691 I/[wlan][wlan][1853]asicFillCmdTxdInfo( 1853): (INIT INFO) TX CMD: ID[0x85] SEQ[172] SET[0] LEN[60]
12-07 11:22:34.691 I/[wlan][wlan][1853]asicFillCmdTxdInfo( 1853): (INIT INFO) TX CMD: ID[0x82] SEQ[173] SET[0] LEN[216]
12-07 11:22:38.468 I/mtkpower_client(  951): ret_hdl:34228
12-07 11:22:34.691 I/[wlan][1853]wlanLinkQualityMonitor( 1853): (SW4 INFO) Link Quality: Tx(rate:3900, total:1961468, retry:2637, fail:5807, RTS fail:12, ACK fail:5795), Rx(rate:4333, total:31256, dup:1747, error:1231), PER(0), Congestion(idle slot:581140191, diff:7996, AwakeDur:405)
12-07 11:22:38.468 I/FPSGO   (  951): perfLockAcq hdl:34228
12-07 11:22:34.693 I/[wlan][1854]halSetDriverOwn( 1854): (INIT INFO) DRIVER OWN Done[1041 us]
12-07 11:22:34.693 I/[wlan][1854]wlanTxCmdDoneCb( 1854): (TX INFO) Add command: 000000002c78ea25, nicCmdEventQueryStaStatistics.cfi_jt [wlan_drv_gen4m], cmd=0x85, seq=172
12-07 11:22:34.693 I/[wlan][1854]wlanTxCmdDoneCb( 1854): (TX INFO) Add command: 00000000b635802e, nicCmdEventQueryStatistics.cfi_jt [wlan_drv_gen4m], cmd=0x82, seq=173
12-07 11:22:34.693 I/[wlan][1854]kalDumpHifStats( 1854): (HAL INFO) I[3932777 0] T[103927 103927 103924 / 1668588 1515161 1515161 1668588] R[3731139 / 1399686] T_R[0 0 0 3 0]  R_R[0 0] Tok[0/1536] Rfb[2102/2102] txreg[1285497] rxreg[3568880]
12-07 11:22:34.694 I/[T501853] [wlan][1853]nicRxProcessEventPacket(    0): (RX INFO) Not static config event: id=0x21, seq=172
12-07 11:22:34.694 I/[T501853] [wlan][1853]nicGetPendingCmdInfo(    0): (TX INFO) Get command: 000000002c78ea25, nicCmdEventQueryStaStatistics.cfi_jt [wlan_drv_gen4m], cmd=0x85, seq=172
12-07 11:22:38.468 I/mtkpower_client(  951): perf_lock_acq, hdl:0, dur:0, num:12, tid:951
12-07 11:22:38.469 I/mtkpower_client(  951): ret_hdl:34229
12-07 11:22:38.469 I/FPSGO   (  951): perfLockAcq hdl:34229
12-07 11:22:38.469 I/libPowerHal(  857): cmdSetting - unknown cmd:1438500, scmd:(null) ,param_1:0
12-07 11:22:38.469 I/libPowerHal(  857): cmdSetting - unknown cmd:1438800, scmd:(null) ,param_1:0
12-07 11:22:38.471 I/BufferQueueProducer(  896): [FramebufferSurface](this:0xb400006f67ea0410,id:-1,api:1,p:896,c:896) queueBuffer: fps=18.86 dur=2014.61 max=1381.45 min=7.93
12-07 11:22:38.471 I/hwcomposer(  844): [HWCDisplay] [Display_0 (type:1)] fps:18.863010,dur:2014.52,max:1381.09,min:7.97  
12-07 11:22:34.694 I/[T501853] [wlan][1853]nicGetPendingCmdInfo(    0): (TX INFO) Get command: 00000000b635802e, nicCmdEventQueryStatistics.cfi_jt [wlan_drv_gen4m], cmd=0x82, seq=173
12-07 11:22:34.716 I/[T501854] [wlan][1854]halSetFWOwn(    0): (INIT INFO) FW OWN:1, IntSta:0x10080000
12-07 11:22:34.748 W/        (    0): [T100555] <I>CTS-Plat Point[0] UP: x=580, y=249
12-07 11:22:34.749 I/        (29043): update cpufreq limit idx min 15---max 0,freq min 500000 ---max 2000000
12-07 11:22:34.749 I/        (29043): update cpufreq limit idx min 15---max 10,freq min 500000 ---max 968000
12-07 11:22:38.523 I/mtkpower_client( 1454): perf_lock_rel, hdl:34224, tid:3598
12-07 11:22:38.523 I/libPowerHal(  857): [setClusterFreq] MTKPOWER_HINT_APP_TOUCH: sysfs_freq set cpu freq: -1 -1 -1 -1 
12-07 11:22:38.523 E/BtGatt.ContextMap(25288): Context not found for ID 0
12-07 11:22:38.523 W/TWSClientService(25288): array is null
12-07 11:22:38.523 I/ScreenTouchCollector( 3259): resetTouchPara
12-07 11:22:38.524 I/libPowerHal(  857): [PD] MTKPOWER_HINT_APP_TOUCH update cmd:3408b00 param:0
12-07 11:22:34.749 I/        (29043): update cpufreq limit idx min 15---max 0,freq min 725000 ---max 2400000
12-07 11:22:34.749 I/        (29043): update cpufreq limit idx min 15---max 13,freq min 725000 ---max 898000
12-07 11:22:38.525 I/mtkpower_client( 1454): perf_lock_acq, hdl:34224, dur:1000, num:2, tid:3598
12-07 11:22:38.526 I/mtkpower_client( 1454): ret_hdl:34230
12-07 11:22:38.529 D/welinkBLE(26260): KolunScanHelper receive kolun scan result:null mCallbackList.size:1
12-07 11:22:38.529 I/welinkBLE(26260): deviceInfo is null, continue scan......
12-07 11:22:34.766 I/        (29043): update cpufreq limit idx min 15---max 0,freq min 500000 ---max 2000000
12-07 11:22:34.766 I/        (29043): update cpufreq limit idx min 15---max 0,freq min 725000 ---max 2400000
12-07 11:22:34.777 I/        (29043): update cpufreq limit idx min 15---max 14,freq min 500000 ---max 650000
12-07 11:22:34.777 I/        (29043): update cpufreq limit idx min 15---max 13,freq min 725000 ---max 898000
12-07 11:22:34.799 I/        (    0): [T132035] update cpufreq limit idx min 15---max 0,freq min 500000 ---max 2000000
12-07 11:22:34.799 I/        (    0): [T132035] update cpufreq limit idx min 15---max 0,freq min 725000 ---max 2400000
12-07 11:22:38.590 I/mtkpower_client(  951): perf_lock_acq, hdl:0, dur:30000, num:2, tid:951
12-07 11:22:38.590 I/mtkpower_client(  951): ret_hdl:34231
12-07 11:22:38.592 W/OnBackInvokedCallback(27268): OnBackInvokedCallback is not enabled for the application.
12-07 11:22:38.592 W/OnBackInvokedCallback(27268): Set 'android:enableOnBackInvokedCallback="true"' in the application manifest.
12-07 11:22:38.593 I/mtkpower_client(  951): perf_lock_rel, hdl:34231, tid:951
12-07 11:22:34.819 I/        (    0): [T421222] update cpufreq limit idx min 15---max 2,freq min 500000 ---max 1812000
12-07 11:22:34.819 I/        (    0): [T421222] update cpufreq limit idx min 15---max 13,freq min 725000 ---max 898000
12-07 11:22:34.836 I/        (29043): update cpufreq limit idx min 15---max 0,freq min 500000 ---max 2000000
12-07 11:22:34.836 I/        (29043): update cpufreq limit idx min 15---max 0,freq min 725000 ---max 2400000
12-07 11:22:34.844 I/        (    0): [T421222] update cpufreq limit idx min 15---max 13,freq min 725000 ---max 898000
12-07 11:22:38.627 E/BtGatt.ContextMap(25288): Context not found for ID 0
12-07 11:22:38.627 W/TWSClientService(25288): array is null
12-07 11:22:38.633 D/welinkBLE(26260): KolunScanHelper receive kolun scan result:null mCallbackList.size:1
12-07 11:22:38.634 I/welinkBLE(26260): deviceInfo is null, continue scan......
12-07 11:22:34.882 I/        (    0): [T326985] update cpufreq limit idx min 15---max 6,freq min 500000 ---max 1393000
12-07 11:22:34.900 I/        (29043): update cpufreq limit idx min 15---max 0,freq min 500000 ---max 2000000
12-07 11:22:34.901 I/        (29043): update cpufreq limit idx min 15---max 0,freq min 725000 ---max 2400000
12-07 11:22:34.902 I/        (    0): [T202670] update cpufreq limit idx min 15---max 6,freq min 500000 ---max 1393000
12-07 11:22:34.902 I/        (    0): [T202670] update cpufreq limit idx min 15---max 13,freq min 725000 ---max 898000
12-07 11:22:34.918 I/        (    0): [T202670] update cpufreq limit idx min 15---max 2,freq min 500000 ---max 1812000
12-07 11:22:34.935 I/        (    0): [T326985] update cpufreq limit idx min 15---max 6,freq min 500000 ---max 1393000
12-07 11:22:34.948 I/        (    0): [T202670] update cpufreq limit idx min 15---max 7,freq min 500000 ---max 1287000
12-07 11:22:38.733 E/BtGatt.ContextMap(25288): Context not found for ID 0
12-07 11:22:38.734 W/TWSClientService(25288): array is null
12-07 11:22:34.965 I/        (    0): [T132035] update cpufreq limit idx min 15---max 10,freq min 500000 ---max 968000
12-07 11:22:38.746 D/welinkBLE(26260): KolunScanHelper receive kolun scan result:null mCallbackList.size:1
12-07 11:22:38.746 I/welinkBLE(26260): deviceInfo is null, continue scan......
12-07 11:22:38.751 I/BufferQueueProducer(  896): [StatusBar#77](this:0xb400006fb8018a28,id:-1,api:0,p:-1,c:896) queueBuffer: fps=0.50 dur=2011.02 max=2011.02 min=2011.02
12-07 11:22:38.820 D/AAL     ( 1234): 12-07 11:22:38.804 BL=3193,ESS= 256, 
12-07 11:22:38.839 E/BtGatt.ContextMap(25288): Context not found for ID 0
12-07 11:22:38.839 W/TWSClientService(25288): array is null
12-07 11:22:38.845 D/welinkBLE(26260): KolunScanHelper receive kolun scan result:null mCallbackList.size:1
12-07 11:22:38.845 I/welinkBLE(26260): deviceInfo is null, continue scan......
12-07 11:22:35.079 I/        (    0): [T202670] update cpufreq limit idx min 15---max 11,freq min 500000 ---max 862000
12-07 11:22:38.854 D/AAL     ( 1234): 12-07 11:22:38.837 BL=3190,ESS= 256, 
12-07 11:22:35.131 I/        (    0): [T202670] update cpufreq limit idx min 15---max 10,freq min 500000 ---max 968000
12-07 11:22:38.945 E/BtGatt.ContextMap(25288): Context not found for ID 0
12-07 11:22:38.946 W/TWSClientService(25288): array is null
12-07 11:22:38.949 D/welinkBLE(26260): KolunScanHelper receive kolun scan result:null mCallbackList.size:1
12-07 11:22:38.949 I/welinkBLE(26260): deviceInfo is null, continue scan......
12-07 11:22:35.179 I/        (    0): [T132035] update cpufreq limit idx min 15---max 11,freq min 500000 ---max 862000
12-07 11:22:35.197 I/        (    0): [T202670] update cpufreq limit idx min 15---max 8,freq min 500000 ---max 1128000
12-07 11:22:35.214 I/        (    0): [T202670] update cpufreq limit idx min 15---max 10,freq min 500000 ---max 968000
12-07 11:22:35.252 I/        (    0): [T132035] update cpufreq limit idx min 15---max 0,freq min 500000 ---max 2000000
12-07 11:22:35.252 I/        (    0): [T132035] update cpufreq limit idx min 15---max 0,freq min 725000 ---max 2400000
12-07 11:22:39.043 I/mtkpower_client(  951): perf_lock_acq, hdl:0, dur:30000, num:2, tid:951
12-07 11:22:39.044 I/mtkpower_client(  951): ret_hdl:34232
12-07 11:22:39.046 E/BtGatt.ContextMap(25288): Context not found for ID 0
12-07 11:22:39.046 W/TWSClientService(25288): array is null
12-07 11:22:39.053 D/welinkBLE(26260): KolunScanHelper receive kolun scan result:null mCallbackList.size:1
12-07 11:22:39.053 I/welinkBLE(26260): deviceInfo is null, continue scan......
12-07 11:22:39.099 I/mtkpower@impl(  857): [setMode] type:6, enabled:0
12-07 11:22:39.099 E/mtkpower@impl(  857): [setMode] unknown type
12-07 11:22:39.147 E/BtGatt.ContextMap(25288): Context not found for ID 0
12-07 11:22:39.147 W/TWSClientService(25288): array is null
12-07 11:22:39.155 D/welinkBLE(26260): KolunScanHelper receive kolun scan result:null mCallbackList.size:1
12-07 11:22:39.155 I/welinkBLE(26260): deviceInfo is null, continue scan......
12-07 11:22:39.255 E/BtGatt.ContextMap(25288): Context not found for ID 0
12-07 11:22:39.256 W/TWSClientService(25288): array is null
12-07 11:22:39.263 D/welinkBLE(26260): KolunScanHelper receive kolun scan result:null mCallbackList.size:1
12-07 11:22:39.264 I/welinkBLE(26260): deviceInfo is null, continue scan......
12-07 11:22:35.555 W/        (32265): <I>CTS-Core ESD protection work
12-07 11:22:39.364 E/BtGatt.ContextMap(25288): Context not found for ID 0
12-07 11:22:39.365 W/TWSClientService(25288): array is null
12-07 11:22:39.371 D/welinkBLE(26260): KolunScanHelper receive kolun scan result:null mCallbackList.size:1
12-07 11:22:39.372 I/welinkBLE(26260): deviceInfo is null, continue scan......
12-07 11:22:35.634 I/[wlan][1854]halSetDriverOwn( 1854): (INIT INFO) DRIVER OWN Done[1108 us]
12-07 11:22:35.635 I/[T201853] [wlan][1853]rlmReviseMaxBw(    0): (RLM INFO) Change BW[2->1], S1[50->42)
12-07 11:22:35.636 I/[C301055] [wlan][1855]statsParseARPInfo(    0): (TX INFO) ARP RSP SRC MAC/IP[02:cc:**:**:**:39]/[192.***.***.6], TAR MAC/IP[6c:22:**:**:**:93]/[192.***.***.1], SeqNo: 71
12-07 11:22:39.411 D/AppFlingMode(  857): [CheckAppFlingHint] 25 com.barberpro.barber -1
12-07 11:22:35.636 W/        (    0): [T400555] <I>CTS-Plat Point[0] DOWN: x=524, y=1286
12-07 11:22:39.414 I/libPowerHal(  857): [setClusterFreq] MTKPOWER_HINT_APP_TOUCH: sysfs_freq set cpu freq: 2000000 -1 2400000 -1 
12-07 11:22:39.414 E/libPowerHal(  857): [getCPUFreq] error cid:2, nClusterNum:2
12-07 11:22:35.637 I/[T101853] [wlan][wlan][1853]wlanPktTxDone(    0): (TX INFO) TX DONE, Type[ARP] Tag[0x0302b700] WIDX:PID[5:63] Status[0], SeqNo: 71
12-07 11:22:35.638 I/[T101853] [wlan][wlan][1853]wlanPktTxDone(    0): (TX INFO) TX DONE, Type[ICMPV6] Tag[0x4fb0f300] WIDX:PID[5:64] Status[0], SeqNo: 72
12-07 11:22:35.640 I/        (    0): [T623179] update cpufreq limit idx min 0---max 0,freq min 2000000 ---max 2000000
12-07 11:22:35.640 I/        (    0): [T623179] update cpufreq limit idx min 0---max 0,freq min 2400000 ---max 2400000
12-07 11:22:35.651 I/[DISP]mtk_dsi_start_vdo_mode, vid_mode(  469): 3
12-07 11:22:39.435 I/libPerfCtl(  857): xgfGetFPS pid:1895 fps:-1
12-07 11:22:39.435 I/AppThermalMode(  857): [perfNotifyThermalState] hdl:0
12-07 11:22:39.435 I/AppThermalMode(  857): [findAppThermalIdx] Fail: appThermalModeEnable: 0,currentFPS: -1,fg->pid:27268
12-07 11:22:39.435 I/AppThermalMode(  857): [perfNotifyThermalState] appThermalIdx -1:
12-07 11:22:39.435 I/libPerfCtl(  857): xgfGetFPS pid:27268 fps:56
12-07 11:22:39.435 I/AppThermalMode(  857): [perfNotifyThermalState] hdl:0
12-07 11:22:39.435 I/AppThermalMode(  857): [findAppThermalIdx] Fail: appThermalModeEnable: 0,currentFPS: -1,fg->pid:27268
12-07 11:22:39.435 I/AppThermalMode(  857): [perfNotifyThermalState] appThermalIdx -1:
12-07 11:22:39.435 I/libPowerHal(  857): [updateFPS] pid(27268) : -1 => 60
12-07 11:22:39.436 I/libPowerHal(  857): [perfNotifyAppState] pack:com.barberpro.barber, act:com.barberpro.MainActivity, state:5, pid:27268, uid:10250, fps:60
12-07 11:22:39.437 I/UxUtility(  857): notifyForegroundApp pack:com.barberpro.barber, uid:10250
12-07 11:22:39.437 I/TouchUtility(  857): notifyAppState error = NULL
12-07 11:22:39.457 I/mtkpower_client(  951): perf_lock_rel, hdl:34232, tid:951
12-07 11:22:39.463 E/BtGatt.ContextMap(25288): Context not found for ID 0
12-07 11:22:39.463 W/TWSClientService(25288): array is null
12-07 11:22:39.466 D/welinkBLE(26260): KolunScanHelper receive kolun scan result:null mCallbackList.size:1
12-07 11:22:39.466 I/welinkBLE(26260): deviceInfo is null, continue scan......
12-07 11:22:39.470 I/BufferQueueProducer(  896): [SurfaceView[com.barberpro.barber/com.barberpro.MainActivity](BLAST)#8411](this:0xb400006fb802f6a8,id:-1,api:0,p:-1,c:896) queueBuffer: fps=31.83 dur=1005.31 max=432.90 min=16.44
12-07 11:22:39.472 I/mtkpower@impl(  857): [setMode] type:6, enabled:1
12-07 11:22:39.472 E/mtkpower@impl(  857): [setMode] unknown type
12-07 11:22:39.475 I/BufferQueueProducer(  896): [FramebufferSurface](this:0xb400006f67ea0410,id:-1,api:1,p:896,c:896) queueBuffer: fps=31.86 dur=1004.51 max=425.21 min=14.77
12-07 11:22:39.475 I/hwcomposer(  844): [HWCDisplay] [Display_0 (type:1)] fps:31.852468,dur:1004.63,max:425.12,min:14.51  
12-07 11:22:35.715 I/[T201853] [wlan][1853]kalPerMonUpdate(    0): (SW4 INFO) <1024ms> Tput: 2072(0.002mbps) [120:2:146:2][0:0:0:0][0:0:0:0][0:0:0:0] Pending:0/256 [0:0:0:0][0:0:0:0][0:0:0:0][0:0:0:0] Used:0/1536/512 [0][0][0][0][0] LQ[1961468:31258:115] lv:0 th:5 fg:0x9 Mo:[0:0:0:0] TxDp[ST:BS:FO:QM:DP]:35:0:0:0:4616
12-07 11:22:35.715 I/[T201853] [wlan][1853]kalPerMonUpdate(    0): (SW4 INFO) ndevdrp:[0:0:0:0][0:0:0:0][0:0:0:0][0:0:0:0] drv[RM,IL,RI,RT,RM,RW,RA,RB,DT,NS,IB,HS,LS,DD,ME,BD,NI,DR,TE,CE,DN,FE,DE,IE,TME]:4194606,0,3660190,3726469,42949690388,3604866,48448,2367,77106,0,0,53,0,1747,0,6210,0,69078,0,18,77089,0,0,0,0
12-07 11:22:35.715 I/[T201853] [wlan][1853]cnmTimerDoTimeOutCheck(    0): (CNM INFO) timer timeout, timer 00000000cd569bae func kalPerMonHandler.cfi_jt [wlan_drv_gen4m]
12-07 11:22:35.715 I/[T201853] [wlan][1853]kalSetPerfReport(    0): (SW4 INFO) Rate[866][0][0][0] RCPI[112][0][0][0]
12-07 11:22:35.715 I/[T201853] [wlan][1853]wlanLinkQualityMonitor(    0): (SW4 INFO) Link Quality: Tx(rate:3900, total:1961468, retry:2637, fail:5807, RTS fail:12, ACK fail:5795), Rx(rate:4333, total:31258, dup:1747, error:1231), PER(0), Congestion(idle slot:581140306, diff:115, AwakeDur:550)
12-07 11:22:35.716 I/[T301854] [wlan][1854]wlanTxCmdDoneCb(    0): (TX INFO) Add command: 00000000c19c8094, nicCmdEventQueryStaStatistics.cfi_jt [wlan_drv_gen4m], cmd=0x85, seq=175
12-07 11:22:35.716 I/[T301854] [wlan][1854]wlanTxCmdDoneCb(    0): (TX INFO) Add command: 0000000094361c05, nicCmdEventQueryStatistics.cfi_jt [wlan_drv_gen4m], cmd=0x82, seq=176
12-07 11:22:35.716 I/[T301854] [wlan][1854]kalDumpHifStats(    0): (HAL INFO) I[3932783 0] T[103930 103930 103927 / 1668590 1515163 1515163 1668590] R[3731141 / 1399693] T_R[0 0 0 3 0]  R_R[0 0] Tok[0/1536] Rfb[2102/2102] txreg[1285498] rxreg[3568886]
12-07 11:22:35.716 I/[T301853] [wlan][1853]nicRxProcessEventPacket(    0): (RX INFO) Not static config event: id=0x21, seq=175
12-07 11:22:35.716 I/[T301853] [wlan][1853]nicGetPendingCmdInfo(    0): (TX INFO) Get command: 00000000c19c8094, nicCmdEventQueryStaStatistics.cfi_jt [wlan_drv_gen4m], cmd=0x85, seq=175
12-07 11:22:39.514 I/mtkpower@impl(  857): [powerd_req] TIMER_MSG_PERF_LOCK_TIMEOUT hdl:34233
12-07 11:22:39.515 I/libPowerHal(  857): [setClusterFreq] MTKPOWER_HINT_APP_TOUCH: sysfs_freq set cpu freq: -1 -1 -1 -1 
12-07 11:22:39.516 I/libPowerHal(  857): [PD] MTKPOWER_HINT_APP_TOUCH update cmd:3408b00 param:0
12-07 11:22:35.717 I/[T301853] [wlan][1853]nicGetPendingCmdInfo(    0): (TX INFO) Get command: 0000000094361c05, nicCmdEventQueryStatistics.cfi_jt [wlan_drv_gen4m], cmd=0x82, seq=176
12-07 11:22:35.741 I/        (29043): update cpufreq limit idx min 15---max 10,freq min 500000 ---max 968000
12-07 11:22:35.741 I/        (29043): update cpufreq limit idx min 15---max 10,freq min 500000 ---max 968000
12-07 11:22:35.743 I/        (29043): update cpufreq limit idx min 15---max 13,freq min 725000 ---max 898000
12-07 11:22:35.753 W/        (    0): [T400555] <I>CTS-Plat Point[0] UP: x=652, y=781
12-07 11:22:39.528 I/mtkpower_client( 1454): perf_lock_rel, hdl:34230, tid:2008
12-07 11:22:39.529 I/ScreenTouchCollector( 3259): resetTouchPara
12-07 11:22:39.529 I/mtkpower_client( 1454): perf_lock_rel, hdl:34230, tid:3598
12-07 11:22:39.530 I/mtkpower@impl(  857): [powerd_req] TIMER_MSG_PERF_LOCK_TIMEOUT hdl:34230
12-07 11:22:39.530 I/libPowerHal(  857): [PD] system_server update cmd:1408300 param:0
12-07 11:22:39.532 I/mtkpower_client( 1454): perf_lock_acq, hdl:34230, dur:3000, num:2, tid:3598
12-07 11:22:35.755 I/        (    0): [T518231] update cpufreq limit idx min 15---max 7,freq min 500000 ---max 1287000
12-07 11:22:39.533 I/mtkpower_client( 1454): ret_hdl:34235
12-07 11:22:39.534 I/ScrollIdentify(27268): on fling
12-07 11:22:39.535 I/mtkpower_client( 1454): perf_lock_acq, hdl:34108, dur:3000, num:2, tid:3655
12-07 11:22:39.535 D/AppFlingMode(  857): [CheckAppFlingHint] 43 com.barberpro.barber 60
12-07 11:22:39.536 I/libPowerHal(  857): [setClusterFreq] MTKPOWER_HINT_UX_SCROLLING: sysfs_freq set cpu freq: 1675000 -1 2162000 -1 
12-07 11:22:35.762 I/        (    0): [T421222] update cpufreq limit idx min 7---max 7,freq min 1287000 ---max 1287000
12-07 11:22:35.763 I/        (    0): [T421222] update cpufreq limit idx min 13---max 13,freq min 898000 ---max 898000
12-07 11:22:35.763 I/        (29043): update cpufreq limit idx min 3---max 3,freq min 1675000 ---max 1750000
12-07 11:22:35.763 I/        (29043): update cpufreq limit idx min 2---max 2,freq min 2162000 ---max 2203000
12-07 11:22:39.540 I/mtkpower_client( 1454): ret_hdl:34237
12-07 11:22:39.540 I/libPowerHal(  857): cmdSetting - unknown cmd:2048700, scmd:(null) ,param_1:1
12-07 11:22:39.540 D/AAL     ( 1234): 12-07 11:22:39.524 BL=3188,ESS= 256, 
12-07 11:22:39.542 I/mtkpower_client( 1454): perf_lock_acq, hdl:34122, dur:3000, num:4, tid:3655
12-07 11:22:39.543 I/mtkpower_client( 1454): ret_hdl:34238
12-07 11:22:39.543 I/libPowerHal(  857): [fpsgo_noctrl_render_thread] -27293, 0xb400007275799a28
12-07 11:22:39.544 I/mtkpower_client( 1454): perf_lock_rel, hdl:34238, tid:3655
12-07 11:22:39.544 E/libPowerHal(  857): Could not open '/sys/kernel/fpsgo/fstb/set_render_no_ctrl'
12-07 11:22:39.544 E/libPowerHal(  857): error : 2, No such file or directory
12-07 11:22:39.544 I/libPowerHal(  857): [fpsgo_ctrl_render_thread] 27293, 0xb400007275799a28
12-07 11:22:39.546 I/libPowerHal(  857): [fpsgo_noctrl_render_thread] -27293, 0xb400007275799a28
12-07 11:22:39.546 E/libPowerHal(  857): Could not open '/sys/kernel/fpsgo/fstb/set_render_no_ctrl'
12-07 11:22:39.546 E/libPowerHal(  857): error : 2, No such file or directory
12-07 11:22:39.546 I/libPowerHal(  857): [PD] system_server update ONESHOT cmd:2000400 param:-27293
12-07 11:22:39.546 I/libPowerHal(  857): [fpsgo_ctrl_render_thread] 27293, 0xb400007275799a28
12-07 11:22:39.546 I/libPowerHal(  857): [PD] system_server update ONESHOT cmd:2000300 param:27293
12-07 11:22:39.567 E/BtGatt.ContextMap(25288): Context not found for ID 0
12-07 11:22:39.567 W/TWSClientService(25288): array is null
12-07 11:22:39.571 D/welinkBLE(26260): KolunScanHelper receive kolun scan result:null mCallbackList.size:1
12-07 11:22:39.572 I/welinkBLE(26260): deviceInfo is null, continue scan......
12-07 11:22:39.650 D/SurfaceFlinger(  896): calculateTimeoutTime, triggerInterval = 1 sec + 189397231 nsec
12-07 11:22:39.670 E/BtGatt.ContextMap(25288): Context not found for ID 0
12-07 11:22:39.670 W/TWSClientService(25288): array is null
12-07 11:22:39.674 D/welinkBLE(26260): KolunScanHelper receive kolun scan result:null mCallbackList.size:1
12-07 11:22:39.674 I/welinkBLE(26260): deviceInfo is null, continue scan......
12-07 11:22:39.774 E/BtGatt.ContextMap(25288): Context not found for ID 0
12-07 11:22:39.774 W/TWSClientService(25288): array is null
12-07 11:22:39.778 D/welinkBLE(26260): KolunScanHelper receive kolun scan result:null mCallbackList.size:1
12-07 11:22:39.778 I/welinkBLE(26260): deviceInfo is null, continue scan......
12-07 11:22:36.047 I/[T201854] [wlan][1854]halSetFWOwn(    0): (INIT INFO) FW OWN:1, IntSta:0x10000003
12-07 11:22:39.876 E/BtGatt.ContextMap(25288): Context not found for ID 0
12-07 11:22:39.876 W/TWSClientService(25288): array is null
12-07 11:22:39.879 D/welinkBLE(26260): KolunScanHelper receive kolun scan result:null mCallbackList.size:1
12-07 11:22:39.879 I/welinkBLE(26260): deviceInfo is null, continue scan......
12-07 11:22:39.987 E/BtGatt.ContextMap(25288): Context not found for ID 0
12-07 11:22:39.987 W/TWSClientService(25288): array is null
12-07 11:22:39.992 D/welinkBLE(26260): KolunScanHelper receive kolun scan result:null mCallbackList.size:1
12-07 11:22:39.992 I/welinkBLE(26260): deviceInfo is null, continue scan......
12-07 11:22:40.089 E/BtGatt.ContextMap(25288): Context not found for ID 0
12-07 11:22:40.090 W/TWSClientService(25288): array is null
12-07 11:22:40.092 D/welinkBLE(26260): KolunScanHelper receive kolun scan result:null mCallbackList.size:1
12-07 11:22:40.093 I/welinkBLE(26260): deviceInfo is null, continue scan......
12-07 11:22:40.197 E/BtGatt.ContextMap(25288): Context not found for ID 0
12-07 11:22:40.197 W/TWSClientService(25288): array is null
12-07 11:22:40.200 D/welinkBLE(26260): KolunScanHelper receive kolun scan result:null mCallbackList.size:1
12-07 11:22:40.201 I/welinkBLE(26260): deviceInfo is null, continue scan......
12-07 11:22:36.508 I/        (29043): update cpufreq limit idx min 3---max 0,freq min 1675000 ---max 2000000
12-07 11:22:36.508 I/        (29043): update cpufreq limit idx min 2---max 0,freq min 2162000 ---max 2400000
12-07 11:22:40.299 I/mtkpower_client(  951): perf_lock_acq, hdl:0, dur:30000, num:2, tid:951
12-07 11:22:40.299 I/mtkpower_client(  951): ret_hdl:34239
12-07 11:22:40.301 E/BtGatt.ContextMap(25288): Context not found for ID 0
12-07 11:22:40.302 W/TWSClientService(25288): array is null
12-07 11:22:40.306 D/welinkBLE(26260): KolunScanHelper receive kolun scan result:null mCallbackList.size:1
12-07 11:22:40.306 I/welinkBLE(26260): deviceInfo is null, continue scan......
12-07 11:22:36.554 I/[wlan][1854]halSetDriverOwn( 1854): (INIT INFO) DRIVER OWN Done[1031 us]
12-07 11:22:36.555 I/[T401853] [wlan][1853]rlmReviseMaxBw(    0): (RLM INFO) Change BW[2->1], S1[50->42)
12-07 11:22:36.556 I/[T401853] [wlan][wlan][1853]wlanPktTxDone(    0): (TX INFO) TX DONE, Type[ICMPV6] Tag[0x2afeee00] WIDX:PID[5:65] Status[0], SeqNo: 73
12-07 11:22:40.339 I/mtkpower@impl(  857): [setMode] type:6, enabled:0
12-07 11:22:40.339 E/mtkpower@impl(  857): [setMode] unknown type
12-07 11:22:36.597 I/        (    0): [T100166] [wdk-c] cpu=1 o_k=1 lbit=0x2 cbit=0xff,fd,7,1,684845308,ff,100242265,2571057,100242387,2571075,[112754000685416,15000000] 24
12-07 11:22:36.597 I/        (  165): [wdk-c] cpu=0 o_k=0 lbit=0x3 cbit=0xff,fc,7,1,684845308,ff,100242265,2571057,100242387,2571075,[112754000695646,14999988] 24
12-07 11:22:36.597 I/        (    0): [T600171] [wdk-c] cpu=6 o_k=6 lbit=0x43 cbit=0xff,bc,7,1,684845308,ff,100242265,2571057,100242387,2571075,[112754000799954,14999884] 24
12-07 11:22:36.597 I/        (    0): [T300168] [wdk-c] cpu=3 o_k=3 lbit=0x4b cbit=0xff,b4,7,1,684845308,ff,100242265,2571057,100242387,2571075,[112754000871646,14999812] 24
12-07 11:22:36.597 I/        (    0): [T400169] [wdk-c] cpu=4 o_k=4 lbit=0x5b cbit=0xff,a4,7,1,684845308,ff,100242265,2571057,100242387,2571075,[112754000884800,14999799] 24
12-07 11:22:36.597 I/        (    0): [T500170] [wdk-c] cpu=5 o_k=5 lbit=0x7b cbit=0xff,84,7,1,684845308,ff,100242265,2571057,100242387,2571075,[112754000891877,14999792] 24
12-07 11:22:36.597 I/        (    0): [T200167] [wdk-c] cpu=2 o_k=2 lbit=0x7f cbit=0xff,80,7,1,684845308,ff,100242265,2571057,100242387,2571075,[112754000902723,14999781] 24
12-07 11:22:36.597 I/[T700172] [thread(    0): 172] 2025-12-07 05:52:40.371650 UTC;android time 2025-12-07 11:22:40.371650
12-07 11:22:36.597 I/        (    0): [T700172] [wdk-k] cpu=7 o_k=7 lbit=0xff cbit=0xff,0,7,1,684845308,ff,100242265,2571057,100242387,2571075,[112754000919031,14999765] 24
12-07 11:22:40.377 D/BoundBrokerSvc(29595): onUnbind: Intent { act=com.google.android.gms.auth.aang.events.services.START dat=chimera-action:/... cmp=com.google.android.gms/.chimera.PersistentApiService }
12-07 11:22:40.381 D/BoundBrokerSvc( 2980): onUnbind: Intent { act=com.google.android.gms.auth.cryptauth.cryptauthservice.START dat=chimera-action:/... cmp=com.google.android.gms/.chimera.GmsBoundBrokerService }
12-07 11:22:40.404 E/BtGatt.ContextMap(25288): Context not found for ID 0
12-07 11:22:40.404 W/TWSClientService(25288): array is null
12-07 11:22:40.408 D/welinkBLE(26260): KolunScanHelper receive kolun scan result:null mCallbackList.size:1
12-07 11:22:40.408 I/welinkBLE(26260): deviceInfo is null, continue scan......
12-07 11:22:40.435 I/libPerfCtl(  857): xgfGetFPS pid:1895 fps:-1
12-07 11:22:40.435 I/AppThermalMode(  857): [perfNotifyThermalState] hdl:0
12-07 11:22:40.435 I/AppThermalMode(  857): [findAppThermalIdx] Fail: appThermalModeEnable: 0,currentFPS: 60,fg->pid:27268
12-07 11:22:40.435 I/AppThermalMode(  857): [perfNotifyThermalState] appThermalIdx -1:
12-07 11:22:40.435 I/libPerfCtl(  857): xgfGetFPS pid:27268 fps:59
12-07 11:22:40.435 I/AppThermalMode(  857): [perfNotifyThermalState] hdl:0
12-07 11:22:40.435 I/AppThermalMode(  857): [findAppThermalIdx] Fail: appThermalModeEnable: 0,currentFPS: 60,fg->pid:27268
12-07 11:22:40.435 I/AppThermalMode(  857): [perfNotifyThermalState] appThermalIdx -1:
12-07 11:22:36.729 W/[    C0] wmt_lib_ps_handler(    0): 19 callbacks suppressed
12-07 11:22:36.729 I/        (    0): [    C0] conn2ap_btif0_wakeup_out_b EIRQ handler
12-07 11:22:40.506 E/BtGatt.ContextMap(25288): Context not found for ID 0
12-07 11:22:40.506 W/TWSClientService(25288): array is null
12-07 11:22:40.510 D/welinkBLE(26260): KolunScanHelper receive kolun scan result:null mCallbackList.size:1
12-07 11:22:40.510 I/welinkBLE(26260): deviceInfo is null, continue scan......
12-07 11:22:36.739 I/[wlan][1853]kalPerMonUpdate( 1853): (SW4 INFO) <1024ms> Tput: 1280(0.001mbps) [78:1:86:1][0:0:0:0][0:0:0:0][0:0:0:0] Pending:0/256 [0:0:0:0][0:0:0:0][0:0:0:0][0:0:0:0] Used:0/1536/512 [0][0][0][0][0] LQ[1961468:31261:9150] lv:0 th:5 fg:0x9 Mo:[0:0:0:0] TxDp[ST:BS:FO:QM:DP]:35:0:0:0:4616
12-07 11:22:36.739 I/[wlan][1853]kalPerMonUpdate( 1853): (SW4 INFO) ndevdrp:[0:0:0:0][0:0:0:0][0:0:0:0][0:0:0:0] drv[RM,IL,RI,RT,RM,RW,RA,RB,DT,NS,IB,HS,LS,DD,ME,BD,NI,DR,TE,CE,DN,FE,DE,IE,TME]:4194612,0,3660191,3726470,42949690388,3604867,48448,2367,77106,0,0,53,0,1747,0,6210,0,69078,0,18,77089,0,0,0,0
12-07 11:22:36.739 I/[wlan][1853]cnmTimerDoTimeOutCheck( 1853): (CNM INFO) timer timeout, timer 00000000cd569bae func kalPerMonHandler.cfi_jt [wlan_drv_gen4m]
12-07 11:22:36.739 I/[wlan][1853]kalSetPerfReport( 1853): (SW4 INFO) Rate[866][0][0][0] RCPI[114][0][0][0]
12-07 11:22:36.739 I/[wlan][1853]wlanLinkQualityMonitor( 1853): (SW4 INFO) Link Quality: Tx(rate:3900, total:1961468, retry:2637, fail:5807, RTS fail:12, ACK fail:5795), Rx(rate:4333, total:31261, dup:1747, error:1231), PER(0), Congestion(idle slot:581149456, diff:9150, AwakeDur:91)
12-07 11:22:36.740 I/[T201854] [wlan][1854]wlanTxCmdDoneCb(    0): (TX INFO) Add command: 0000000027d28590, nicCmdEventQueryStaStatistics.cfi_jt [wlan_drv_gen4m], cmd=0x85, seq=178
12-07 11:22:36.740 I/[T201854] [wlan][1854]wlanTxCmdDoneCb(    0): (TX INFO) Add command: 000000002437e0c7, nicCmdEventQueryStatistics.cfi_jt [wlan_drv_gen4m], cmd=0x82, seq=179
12-07 11:22:36.740 I/[T201854] [wlan][1854]kalDumpHifStats(    0): (HAL INFO) I[3932788 0] T[103933 103933 103930 / 1668591 1515164 1515164 1668591] R[3731142 / 1399699] T_R[0 0 0 3 0]  R_R[0 0] Tok[0/1536] Rfb[2102/2102] txreg[1285499] rxreg[3568892]
12-07 11:22:36.740 I/[T201853] [wlan][1853]nicRxProcessEventPacket(    0): (RX INFO) Not static config event: id=0x21, seq=178
12-07 11:22:36.741 I/[T201853] [wlan][1853]nicGetPendingCmdInfo(    0): (TX INFO) Get command: 0000000027d28590, nicCmdEventQueryStaStatistics.cfi_jt [wlan_drv_gen4m], cmd=0x85, seq=178
12-07 11:22:36.741 I/[T201853] [wlan][1853]nicGetPendingCmdInfo(    0): (TX INFO) Get command: 000000002437e0c7, nicCmdEventQueryStatistics.cfi_jt [wlan_drv_gen4m], cmd=0x82, seq=179
12-07 11:22:36.765 I/[T301854] [wlan][1854]halSetFWOwn(    0): (INIT INFO) FW OWN:1, IntSta:0x10000003
12-07 11:22:40.608 E/BtGatt.ContextMap(25288): Context not found for ID 0
12-07 11:22:40.608 W/TWSClientService(25288): array is null
12-07 11:22:40.613 D/welinkBLE(26260): KolunScanHelper receive kolun scan result:null mCallbackList.size:1
12-07 11:22:40.613 I/welinkBLE(26260): deviceInfo is null, continue scan......
12-07 11:22:40.643 I/WifiHAL ( 1840): Get link layer stats
12-07 11:22:40.643 I/WifiHAL ( 1840): GetLinkStatsCommand::create
12-07 11:22:40.643 D/android.hardware.wifi@1.0-service-lazy( 1840): WifiRequest::create vendor command to iface 37, vendor_id=0x1a11, subcmd=0x1200, res=0
12-07 11:22:40.643 I/android.hardware.wifi@1.0-service-lazy( 1840): WifiCommand::requestResponse err=-14
12-07 11:22:40.643 I/WifiHAL ( 1840): wifi_get_link_stats: result=-1
12-07 11:22:40.644 E/WifiVendorHal( 1454): getWifiLinkLayerStats_1_5_Internal(l.1176) failed {.code = ERROR_UNKNOWN, .description = unknown}
12-07 11:22:36.869 I/[wlan][1840]mtk_cfg80211_vendor_llstats_get_info( 1840): (REQ ERROR) EMI mapping not done
12-07 11:22:36.873 I/[wlan][1854]halSetDriverOwn( 1854): (INIT INFO) DRIVER OWN Done[1108 us]
12-07 11:22:36.873 I/[wlan][1854]wlanTxCmdDoneCb( 1854): (TX INFO) Add command: 00000000740a2d91, nicCmdEventQueryLinkSpeedEx.cfi_jt [wlan_drv_gen4m], cmd=0x81, seq=180
12-07 11:22:36.874 I/[T501853] [wlan][1853]nicUpdateLinkQuality(    0): (RLM INFO) Rssi=-46, NewRssi=-46
12-07 11:22:36.874 I/[T501853] [wlan][1853]nicGetPendingCmdInfo(    0): (TX INFO) Get command: 00000000740a2d91, nicCmdEventQueryLinkSpeedEx.cfi_jt [wlan_drv_gen4m], cmd=0x81, seq=180
12-07 11:22:36.874 I/[T501853] [wlan][1853]connac_get_rx_rate_info(    0): (SW4 ERROR) prStaRecOfAP is null
12-07 11:22:36.876 I/[T301169] [wlan][1169]mtk_cfg80211_get_station(    0): (REQ INFO) link speed=3900/4333, bw=0/4, rssi=-46, BSSID:[6e:22:**:**:**:9d],TxFail=0, TxTimeOut=0, TxOK=26764, RxOK=39555, FcsErr=0
12-07 11:22:36.897 I/[T501854] [wlan][1854]halSetFWOwn(    0): (INIT INFO) FW OWN:1, IntSta:0x10080000
12-07 11:22:40.710 E/BtGatt.ContextMap(25288): Context not found for ID 0
12-07 11:22:40.710 W/TWSClientService(25288): array is null
12-07 11:22:40.713 D/welinkBLE(26260): KolunScanHelper receive kolun scan result:null mCallbackList.size:1
12-07 11:22:40.713 I/welinkBLE(26260): deviceInfo is null, continue scan......
12-07 11:22:40.743 I/BufferQueueProducer(  896): [StatusBar#77](this:0xb400006fb8018a28,id:-1,api:0,p:-1,c:896) queueBuffer: fps=0.50 dur=1992.87 max=1992.87 min=1992.87
12-07 11:22:40.746 I/mtkpower@impl(  857): [setMode] type:6, enabled:1
12-07 11:22:40.746 E/mtkpower@impl(  857): [setMode] unknown type
12-07 11:22:40.751 I/BufferQueueProducer(  896): [FramebufferSurface](this:0xb400006f67ea0410,id:-1,api:1,p:896,c:896) queueBuffer: fps=38.40 dur=1276.08 max=469.78 min=9.10
12-07 11:22:40.752 I/hwcomposer(  844): [HWCDisplay] [Display_0 (type:1)] fps:38.394596,dur:1276.22,max:469.77,min:8.97  
12-07 11:22:40.811 E/BtGatt.ContextMap(25288): Context not found for ID 0
12-07 11:22:40.811 W/TWSClientService(25288): array is null
12-07 11:22:40.812 I/mtkpower@impl(  857): [setMode] type:6, enabled:0
12-07 11:22:40.812 E/mtkpower@impl(  857): [setMode] unknown type
12-07 11:22:40.815 D/welinkBLE(26260): KolunScanHelper receive kolun scan result:null mCallbackList.size:1
12-07 11:22:40.815 I/welinkBLE(26260): deviceInfo is null, continue scan......
12-07 11:22:40.840 D/SurfaceFlinger(  896): calculateTimeoutTime, triggerInterval = 1 sec + 91921923 nsec
12-07 11:22:40.903 I/thermal_repeater( 1218): [recvMdThermalInfo] ret=24, strLen=127,  4, 26, -50, 0, 32767, 0
12-07 11:22:40.921 E/BtGatt.ContextMap(25288): Context not found for ID 0
12-07 11:22:40.921 W/TWSClientService(25288): array is null
12-07 11:22:40.925 D/welinkBLE(26260): KolunScanHelper receive kolun scan result:null mCallbackList.size:1
12-07 11:22:40.926 I/welinkBLE(26260): deviceInfo is null, continue scan......
12-07 11:22:40.973 E/BtGatt.ContextMap(25288): Context not found for ID 0
12-07 11:22:40.974 W/TWSClientService(25288): array is null
12-07 11:22:40.977 D/welinkBLE(26260): KolunScanHelper receive kolun scan result:Icon Buzz mCallbackList.size:1
12-07 11:22:40.977 I/welinkBLE(26260): deviceInfo is null, continue scan......
12-07 11:22:40.979 I/BaseBle (14348): BleScanner21 onScanResult -> BleDevice(type=2, name=Icon Buzz, address=F5:AD:39:56:0B:36, mRssi=-93, mScanRecord=0x02, 0x01, 0x06, 0x0A, 0x16, 0xEA, 0xFE, 0x42, 0x47, 0x45, 0x04, 0x01, 0x00, 0x90, 0x0A, 0x09, 0x49, 0x63, 0x6F, 0x6E, 0x20, 0x42, 0x75, 0x7A, 0x7A, 0x11, 0x15, 0xD0, 0x00, 0x2D, 0x12, 0x1E, 0x4B, 0x0F, 0xA4, 0x99, 0x4E, 0xCE, 0xB5, 0x31, 0xF4, 0x05, 0x79, 0x09, 0xFF, 0xEF, 0xF0, 0xF5, 0xAD, 0x39, 0x56, 0x0B, 0x36, 0x00, 0x00, 0x00, 0x00, 0x00, 0x00, 0x00, 0x00, 0x00)
12-07 11:22:40.992 D/TranCellSignalStrengthImpl( 2084): [NR] dbm: -95
12-07 11:22:40.992 D/TranCellSignalStrengthImpl( 2084): [NR] dbm: -95
12-07 11:22:40.992 D/TranCellSignalStrengthImpl( 2084): [NR] dbm: -95
12-07 11:22:40.993 I/MWN     ( 1454): onSignalStrengthsChanged...
12-07 11:22:40.994 I/MWN     ( 1454): network type = 1
12-07 11:22:40.994 I/MWN     ( 1454): Write 0 to node. type=Wi-Fi mSimExist=true mFlightMode=false
12-07 11:22:40.994 D/TranCellSignalStrengthImpl( 1454): [NR] dbm: -95
12-07 11:22:40.995 I/MWN     ( 1454): write the value:0 to node successfully.
12-07 11:22:40.996 D/TranCellSignalStrengthImpl(18976): [NR] dbm: -95
12-07 11:22:41.027 E/BtGatt.ContextMap(25288): Context not found for ID 0
12-07 11:22:41.028 W/TWSClientService(25288): array is null
12-07 11:22:41.031 D/welinkBLE(26260): KolunScanHelper receive kolun scan result:null mCallbackList.size:1
12-07 11:22:41.031 I/welinkBLE(26260): deviceInfo is null, continue scan......
12-07 11:22:41.129 E/BtGatt.ContextMap(25288): Context not found for ID 0
12-07 11:22:41.129 W/TWSClientService(25288): array is null
12-07 11:22:41.133 D/welinkBLE(26260): KolunScanHelper receive kolun scan result:null mCallbackList.size:1
12-07 11:22:41.133 I/welinkBLE(26260): deviceInfo is null, continue scan......
12-07 11:22:41.211 D/BoundBrokerSvc(29595): onUnbind: Intent { act=com.google.android.gms.libs.gmscorelogger.service.START dat=chimera-action:/... cmp=com.google.android.gms/.chimera.PersistentDirectBootAwareApiService }
12-07 11:22:41.231 E/BtGatt.ContextMap(25288): Context not found for ID 0
12-07 11:22:41.231 W/TWSClientService(25288): array is null
12-07 11:22:41.234 D/welinkBLE(26260): KolunScanHelper receive kolun scan result:null mCallbackList.size:1
12-07 11:22:41.234 I/welinkBLE(26260): deviceInfo is null, continue scan......
12-07 11:22:41.339 E/BtGatt.ContextMap(25288): Context not found for ID 0
12-07 11:22:41.339 W/TWSClientService(25288): array is null
12-07 11:22:41.341 I/mtkpower_client(  951): perf_lock_rel, hdl:34239, tid:951
12-07 11:22:41.342 D/welinkBLE(26260): KolunScanHelper receive kolun scan result:null mCallbackList.size:1
12-07 11:22:41.342 I/FPSGO   (  951): fpsgo_boost_sched_idle_prefer:0
12-07 11:22:41.342 I/mtkpower_client(  951): perf_lock_rel, hdl:34228, tid:951
12-07 11:22:41.342 I/welinkBLE(26260): deviceInfo is null, continue scan......
12-07 11:22:41.343 I/FPSGO   (  951): perfLockRel hdl:34228
12-07 11:22:41.343 I/FPSGO   (  951): fpsgo_boost_sched_rate_ns:-1
12-07 11:22:41.343 I/mtkpower_client(  951): perf_lock_rel, hdl:34229, tid:951
12-07 11:22:41.343 I/libPowerHal(  857): [PD] fpsgo update cmd:1404500 param:0
12-07 11:22:41.344 I/FPSGO   (  951): perfLockRel hdl:34229
12-07 11:22:41.344 I/libPowerHal(  857): [PD] fpsgo update cmd:1438300, param:1000
12-07 11:22:41.344 I/libPowerHal(  857): [PD] fpsgo update cmd:1438400, param:1000
12-07 11:22:41.344 I/libPowerHal(  857): [PD] fpsgo update cmd:1438600 param:1000
12-07 11:22:41.344 I/libPowerHal(  857): [PD] fpsgo update cmd:1438700 param:1000
12-07 11:22:37.571 W/        (11818): <I>CTS-Core ESD protection work
12-07 11:22:37.578 I/[wlan][1854]halSetDriverOwn( 1854): (INIT INFO) DRIVER OWN Done[1035 us]
12-07 11:22:37.579 I/[T301853] [wlan][1853]rlmReviseMaxBw(    0): (RLM INFO) Change BW[2->1], S1[50->42)
12-07 11:22:37.580 I/[T501853] [wlan][wlan][1853]wlanPktTxDone(    0): (TX INFO) TX DONE, Type[ICMPV6] Tag[0xd08f6f00] WIDX:PID[5:66] Status[0], SeqNo: 74
12-07 11:22:37.646 W/        (  555): <I>CTS-Plat Point[0] DOWN: x=459, y=1311
12-07 11:22:41.421 D/AppFlingMode(  857): [CheckAppFlingHint] 25 com.barberpro.barber 60
12-07 11:22:41.422 I/libPowerHal(  857): [setClusterFreq] MTKPOWER_HINT_APP_TOUCH: sysfs_freq set cpu freq: 2000000 -1 2400000 -1 
12-07 11:22:41.423 E/libPowerHal(  857): [getCPUFreq] error cid:2, nClusterNum:2
12-07 11:22:37.649 I/        (    0): [T518231] update cpufreq limit idx min 0---max 0,freq min 2000000 ---max 2000000
12-07 11:22:37.649 I/        (    0): [T518231] update cpufreq limit idx min 0---max 0,freq min 2400000 ---max 2400000
12-07 11:22:41.435 I/libPerfCtl(  857): xgfGetFPS pid:1895 fps:-1
12-07 11:22:41.435 I/AppThermalMode(  857): [perfNotifyThermalState] hdl:0
12-07 11:22:41.435 I/AppThermalMode(  857): [findAppThermalIdx] Fail: appThermalModeEnable: 0,currentFPS: 60,fg->pid:27268
12-07 11:22:41.435 I/AppThermalMode(  857): [perfNotifyThermalState] appThermalIdx -1:
12-07 11:22:41.436 I/libPerfCtl(  857): xgfGetFPS pid:27268 fps:-1
12-07 11:22:41.436 I/AppThermalMode(  857): [perfNotifyThermalState] hdl:0
12-07 11:22:41.436 I/AppThermalMode(  857): [findAppThermalIdx] Fail: appThermalModeEnable: 0,currentFPS: 60,fg->pid:27268
12-07 11:22:41.436 I/AppThermalMode(  857): [perfNotifyThermalState] appThermalIdx -1:
12-07 11:22:41.436 I/libPowerHal(  857): [updateFPS] pid(27268) : 60 => -1
12-07 11:22:41.436 I/libPowerHal(  857): [perfNotifyAppState] pack:com.barberpro.barber, act:com.barberpro.MainActivity, state:5, pid:27268, uid:10250, fps:-1
12-07 11:22:41.437 I/UxUtility(  857): notifyForegroundApp pack:com.barberpro.barber, uid:10250
12-07 11:22:41.437 I/TouchUtility(  857): notifyAppState error = NULL
12-07 11:22:37.699 I/[DISP]mtk_dsi_start_vdo_mode, vid_mode(  469): 3
12-07 11:22:41.488 I/ScreenTouchCollector( 3259): resetTouchPara
12-07 11:22:37.713 W/        (  555): <I>CTS-Plat Point[0] UP: x=459, y=1311
12-07 11:22:41.489 I/mtkpower_client( 1454): perf_lock_rel, hdl:34235, tid:3655
12-07 11:22:41.490 I/libPowerHal(  857): [setClusterFreq] MTKPOWER_HINT_APP_TOUCH: sysfs_freq set cpu freq: 1812000 -1 2162000 -1 
12-07 11:22:41.490 I/libPowerHal(  857): [PD] MTKPOWER_HINT_APP_TOUCH update cmd:3408b00 param:0
12-07 11:22:41.491 I/mtkpower_client( 1454): perf_lock_acq, hdl:34235, dur:1000, num:2, tid:3655
12-07 11:22:41.491 I/libPowerHal(  857): [PD] system_server update cmd:1408300 param:80
12-07 11:22:41.492 I/mtkpower_client( 1454): ret_hdl:34242
12-07 11:22:37.715 I/        (    0): [T202670] update cpufreq limit idx min 2---max 0,freq min 1812000 ---max 2000000
12-07 11:22:37.716 I/        (    0): [T202670] update cpufreq limit idx min 2---max 0,freq min 2162000 ---max 2400000
12-07 11:22:41.514 I/BufferQueueProducer(  896): [SurfaceView[com.barberpro.barber/com.barberpro.MainActivity](BLAST)#8411](this:0xb400006fb802f6a8,id:-1,api:0,p:-1,c:896) queueBuffer: fps=23.97 dur=2044.11 max=1239.94 min=16.49
12-07 11:22:41.517 I/mtkpower@impl(  857): [setMode] type:6, enabled:1
12-07 11:22:41.517 E/mtkpower@impl(  857): [setMode] unknown type
12-07 11:22:41.521 I/FPSGO   (  951): fpsgo_boost_sched_idle_prefer:1
12-07 11:22:41.521 I/mtkpower_client(  951): perf_lock_acq, hdl:0, dur:0, num:2, tid:951
12-07 11:22:41.521 I/libPowerHal(  857): [setClusterFreq] mtkpower@1.0-se: sysfs_freq set cpu freq: 1675000 -1 2162000 -1 
12-07 11:22:41.522 I/mtkpower_client(  951): ret_hdl:34243
12-07 11:22:41.522 I/FPSGO   (  951): perfLockAcq hdl:34243
12-07 11:22:41.522 I/FPSGO   (  951): fpsgo_boost_sched_rate_ns:0
12-07 11:22:41.522 I/mtkpower_client(  951): perf_lock_acq, hdl:0, dur:0, num:12, tid:951
12-07 11:22:41.523 I/mtkpower_client(  951): ret_hdl:34244
12-07 11:22:41.523 I/FPSGO   (  951): perfLockAcq hdl:34244
12-07 11:22:37.747 I/        (    0): [T518231] update cpufreq limit idx min 2---max 2,freq min 1812000 ---max 1812000
12-07 11:22:41.523 I/libPowerHal(  857): cmdSetting - unknown cmd:1438500, scmd:(null) ,param_1:0
12-07 11:22:41.523 I/libPowerHal(  857): cmdSetting - unknown cmd:1438800, scmd:(null) ,param_1:0
12-07 11:22:37.747 I/        (    0): [T518231] update cpufreq limit idx min 2---max 2,freq min 2162000 ---max 2203000
12-07 11:22:37.748 I/        (    0): [T518231] update cpufreq limit idx min 3---max 2,freq min 1675000 ---max 1812000
12-07 11:22:37.748 I/        (    0): [T202670] update cpufreq limit idx min 3---max 3,freq min 1675000 ---max 1750000
12-07 11:22:37.763 I/[wlan][1853]kalPerMonUpdate( 1853): (SW4 INFO) <1024ms> Tput: 1280(0.001mbps) [78:1:86:1][0:0:0:0][0:0:0:0][0:0:0:0] Pending:0/256 [0:0:0:0][0:0:0:0][0:0:0:0][0:0:0:0] Used:0/1536/512 [0][0][0][0][0] LQ[1961468:31263:20483] lv:0 th:5 fg:0x9 Mo:[0:0:0:0] TxDp[ST:BS:FO:QM:DP]:35:0:0:0:4616
12-07 11:22:37.763 I/[wlan][1853]kalPerMonUpdate( 1853): (SW4 INFO) ndevdrp:[0:0:0:0][0:0:0:0][0:0:0:0][0:0:0:0] drv[RM,IL,RI,RT,RM,RW,RA,RB,DT,NS,IB,HS,LS,DD,ME,BD,NI,DR,TE,CE,DN,FE,DE,IE,TME]:4194620,0,3660192,3726471,42949690388,3604868,48448,2367,77106,0,0,53,0,1747,0,6210,0,69078,0,18,77089,0,0,0,0
12-07 11:22:37.763 I/[wlan][1853]cnmTimerDoTimeOutCheck( 1853): (CNM INFO) timer timeout, timer 00000000cd569bae func kalPerMonHandler.cfi_jt [wlan_drv_gen4m]
12-07 11:22:37.763 I/[wlan][1853]kalSetPerfReport( 1853): (SW4 INFO) Rate[866][0][0][0] RCPI[113][0][0][0]
12-07 11:22:37.763 W/asicFillCmdTxdInfo( 1853): 7 callbacks suppressed
