12-07 11:22:21.233 I/        (    0): [T401394]
12-07 11:22:21.233 I/        (    0): [T401394] [Tran_FP][Debug][tran_fp_close_clock][735]entered
12-07 11:22:21.233 I/        (    0): [T401394]
12-07 11:22:21.233 I/        (    0): [T401394] [Tran_FP][Info][tran_fp_ioctl][452] GF_IOC_ENABLE_SPI_CLK ======
12-07 11:22:25.008 W/Biometrics/AuthenticationClient( 1454): Allowing background authentication, this is allowed only for platform or test invocations
12-07 11:22:21.233 I/        (    0): [T401394]
12-07 11:22:25.008 I/ActivityTaskManager( 1454): fingerprint pre wakeup scheduled,visible activity= ActivityRecord{cd7a235 u0 com.barberpro.barber/com.barberpro.MainActivity} t5765}
12-07 11:22:21.233 I/        (    0): [T401394] [Tran_FP][Debug][tran_fp_open_clock][720]entered
12-07 11:22:21.233 I/        (    0): [T401394]
12-07 11:22:21.234 I/        (    0): [T326985] update cpufreq limit idx min 15---max 0,freq min 725000 ---max 2400000
12-07 11:22:25.010 I/PowerHalWrapper( 1454): amsBoostNotify pid:27268,activity:com.barberpro.MainActivity, package:com.barberpro.barber, mProcessCreatePackcom.google.android.gms 
12-07 11:22:25.010 I/PowerHalWrapper( 1454): state: 1 
12-07 11:22:25.011 I/mtkpower_client( 1454): [Legacy][PowerHal_Wrap_notifyAppState] com.barberpro.barber/com.barberpro.MainActivity pid=27268 state:1
12-07 11:22:25.011 I/game_scn( 1454): collectForegroundAppList packName=com.barberpro.barber, actName=com.barberpro.MainActivity, pid=27268, uid=10250, state:RESUMED
12-07 11:22:25.011 I/game_scn( 1454): powerNotifyForegroundApp multi_resumed_app_info: pid: 27268, packname: com.barberpro.barber, actname: com.barberpro.MainActivity
12-07 11:22:25.011 I/PowerHalWrapper( 1454): amsBoostNotify AMS_BOOST_PROCESS_CREATE_BOOST:false 
12-07 11:22:25.011 I/TranSourceConnectManagerImpl( 1454): hookDisplayResumedActivityChanged displayId: 0 packageName: com.barberpro.barber
12-07 11:22:25.011 I/libPowerHal(  857): [perfNotifyAppState] pack:com.barberpro.barber, act:com.barberpro.MainActivity, state:1, pid:27268, uid:10250, fps:-1
12-07 11:22:25.013 I/SmartPanel_SmartPanelService( 3287): activityCheck pkgName: com.barberpro.barber, className: com.barberpro.MainActivity isResume=true isInshow =true isDrawn = false
12-07 11:22:21.235 I/        (    0): [T300216] Trustonic TEE: b02(5)|[drIpchLoop] GF_DR version: GF_DR_v1.0
12-07 11:22:21.235 I/        (    0): [T300216] Trustonic TEE: f01(5)|[GF_TA][I][gf_milan][gf_milan_check_sensor_dac_validity] otp_default_dac=0x0000002A,0x0000002B,0x0000002B,0x0000002B
12-07 11:22:21.235 I/        (    0): [T300216] Trustonic TEE: f01(5)|[GF_TA][I][gf_milan][gf_milan_check_sensor_dac_validity] cal_dac_0=0x000002A8
12-07 11:22:21.235 I/        (    0): [T300216] Trustonic TEE: f01(5)|[GF_TA][I][gf_milan][milan_update_fdt_up_base] FDT down delta=0x10
12-07 11:22:21.235 I/        (    0): [T300216] Trustonic TEE: f01(5)|[GF_TA][I][gf_milan][milan_update_fdt_up_base] FDT UP delta=0x0E
12-07 11:22:21.239 I/        (    0): [T400216] Trustonic TEE: b02(5)|[drIpchLoop] GF_DR version: GF_DR_v1.0
12-07 11:22:21.239 I/        (    0): [T400216] Trustonic TEE: f01(5)|[GF_TA][I][gf_milan][gf_milan_check_sensor_dac_validity] otp_default_dac=0x0000002A,0x0000002B,0x0000002B,0x0000002B
12-07 11:22:21.239 I/        (    0): [T400216] Trustonic TEE: f01(5)|[GF_TA][I][gf_milan][gf_milan_check_sensor_dac_validity] cal_dac_0=0x000002A8
12-07 11:22:25.016 I/SimpleEventAdapt( 3259): onActivityEvent get com.barberpro.barber, com.barberpro.MainActivity,true
12-07 11:22:25.017 I/ActivityTaskManager( 1454): fingerprint pre wakeup scheduled,visible activity= ActivityRecord{cd7a235 u0 com.barberpro.barber/com.barberpro.MainActivity} t5765}
12-07 11:22:25.017 I/TranSourceConnectManagerImpl( 1454): hookDisplayResumedActivityChanged displayId: 0 packageName: com.barberpro.barber
12-07 11:22:25.018 I/[GF_HAL][gf_hal]( 1314): [gf_hal_cancel]
12-07 11:22:25.018 E/[GF_HAL][gf_hal_common]( 1314): [gf_hal_notify_error_info] err code : 5.
12-07 11:22:25.018 E/[GF_HAL][gf_hal_milan]( 1314): [hal_milan_cancel] set g_is_down_detected=0
12-07 11:22:21.243 I/        (    0): [T400216] Trustonic TEE: b02(5)|[drIpchLoop] GF_DR version: GF_DR_v1.0
12-07 11:22:25.020 I/SimpleEventAdapt( 3259): notifyEvent2  activity_event
12-07 11:22:21.243 I/        (    0): [T400216] Trustonic TEE: b02(5)|[drIpchLoop] GF_DR version: GF_DR_v1.0
12-07 11:22:25.021 I/SimpleEventAdapt( 3259): notifyEvent  1
12-07 11:22:25.022 I/CacheManager( 3259):  save new data to cache activity_event
12-07 11:22:25.022 I/bsc     ( 3259): notifyDataChange in activity_event, 1
12-07 11:22:25.023 I/BiometricUnlockCtrl( 1895): bio wakelock: Authenticated, waking up...
12-07 11:22:25.023 I/PowerGroup( 1454): Waking up power group from Asleep (groupId=0, uid=10144, reason=WAKE_REASON_GESTURE, details=android.policy:BIOMETRIC)...
12-07 11:22:25.024 I/PowerManagerService( 1454): Waking up from Asleep (uid=10144, reason=WAKE_REASON_GESTURE, details=android.policy:BIOMETRIC)...
12-07 11:22:21.249 I/        (    0): [T600216] Trustonic TEE: b02(5)|[drIpchLoop] GF_DR version: GF_DR_v1.0
12-07 11:22:21.249 I/        (    0): [T600216] Trustonic TEE: b02(5)|[drIpchLoop] GF_DR version: GF_DR_v1.0
12-07 11:22:21.251 I/        (    0): [T300216] Trustonic TEE: b02(5)|[drIpchLoop] GF_DR version: GF_DR_v1.0
12-07 11:22:25.024 I/ActivityTaskManager( 1454): fingerprint pre wakeup scheduled,visible activity= ActivityRecord{cd7a235 u0 com.barberpro.barber/com.barberpro.MainActivity} t5765}
12-07 11:22:25.024 I/ActivityTaskManager( 1454): fingerprint pre wakeup scheduled,visible activity= ActivityRecord{cd7a235 u0 com.barberpro.barber/com.barberpro.MainActivity} t5765}
12-07 11:22:25.026 I/DreamAnimation( 1454):  hookAuthSuccess called. mState=11
12-07 11:22:25.027 I/ActivityTaskManager( 1454): fingerprint pre wakeup scheduled,visible activity= ActivityRecord{cd7a235 u0 com.barberpro.barber/com.barberpro.MainActivity} t5765}
12-07 11:22:25.027 E/ActivityManager( 1454): Cancel pending or running compactions as system is awake
12-07 11:22:25.029 I/mtkpower@impl(  857): [setMode] type:7, enabled:1
12-07 11:22:25.029 I/mtkpower@impl(  857): [setMode] Restore All
12-07 11:22:25.030 I/libPowerHal(  857): [perfUserScnRestoreAll] 
12-07 11:22:25.030 I/TranPhoneWindowManagerImpl( 1454):    startPreWakeupInProgress called.
12-07 11:22:25.033 I/DisplayPowerController[0]( 1454): Blocking screen on until initial contents have been drawn.
12-07 11:22:25.034 I/DataServiceImplV2( 3259): StandardDataService notifyDataChange  in 
12-07 11:22:25.035 I/DataServiceImplV2( 3259): StandardDataService notifyDataChange  curServiceName StandardDataService type:activity_event
12-07 11:22:25.035 I/ApiInvoke( 3259): ApiChannel1.2.172: found local channel DataCenter
12-07 11:22:25.035 I/ApiInvoke( 3259): ApiChannel1.2.172: found remote channel DataCenter
12-07 11:22:25.035 I/ApiInvoke( 3259): ApiRequest1.2.172: channels size , 2
12-07 11:22:25.035 I/ApiInvoke( 3259): SubscribeManager1.2.172: copy subscriber size = 12
12-07 11:22:25.035 I/Kolun_AI( 3259): SystemEventSubscribe: onPublishData {"type":"activity_event","time":1765086745021,"data":"{\"className\":\"com.barberpro.MainActivity\",\"isResumed\":true,\"packageName\":\"com.barberpro.barber\"}","provider":"dc","dc_version":2030200000,"data_version":1,"user_id":0}
12-07 11:22:25.035 I/Kolun_AI( 3259): SystemEventSubscribe: publisher.getMatcher() activity_event
12-07 11:22:25.036 I/ApiInvoke( 3259): SubscribeManager1.2.172: publishData success host DataCenter#StandardDataService matcher activity_event
12-07 11:22:25.036 I/ApiInvoke( 3259): ApiRequest1.2.172: do publishData to local, matcher = activity_event
12-07 11:22:25.036 W/ApiInvoke( 3259): SubscribeBusServerImpl1.2.172: onPublishData, GLOBAL_SUBSCRIBE size 5
12-07 11:22:25.036 W/ApiInvoke( 3259): ApiRequest1.2.172: do publishData to remote activity_event
12-07 11:22:25.037 I/mtkpower_client( 1454): perf_lock_rel, hdl:34205, tid:1513
12-07 11:22:25.038 W/binder:1454_3( 1454): type=1400 audit(0.0:124823): avc: denied { read } for name="u:object_r:vendor_default_prop:s0" dev="tmpfs" ino=465 scontext=u:r:system_server:s0 tcontext=u:object_r:vendor_default_prop:s0 tclass=file permissive=0
12-07 11:22:21.268 I/        (    0): [T421222] update cpufreq limit idx min 5---max 0,freq min 1500000 ---max 2000000
12-07 11:22:21.268 I/        (    0): [T421222] update cpufreq limit idx min 3---max 0,freq min 2000000 ---max 2400000
12-07 11:22:21.270 I/        (    0): [T701634] [FG] show_fg_coulomb : -8589
12-07 11:22:25.038 I/mtkpower_client( 1454): perf_cus_lock_hint hint:103, dur:1000
12-07 11:22:25.039 I/mtkpower_client( 1454): perf_cus_lock_hint, ret_hdl:34216
12-07 11:22:25.040 I/libPowerHal(  857): [setGPUFreq] MTKPOWER_HINT_ANIMATING_BOOST user set gpu freq min:30, max:-1
12-07 11:22:25.040 I/libPowerHal(  857): MTKPOWER_HINT_ANIMATING_BOOST: set gpu opp level: 30
12-07 11:22:25.040 I/libPowerHal(  857): MTKPOWER_HINT_ANIMATING_BOOST: set gpu opp level max: 0
12-07 11:22:25.040 I/libPowerHal(  857): [setGPUFreq] Soft min/max = (30, 0); Hard min/max = (44, 0)
12-07 11:22:25.040 I/libPowerHal(  857): [setGPUFreq] final min/max = (30, 0)
12-07 11:22:25.040 I/libPowerHal(  857): MTKPOWER_HINT_ANIMATING_BOOST: set gpu opp level: 30
12-07 11:22:25.040 I/libPowerHal(  857): MTKPOWER_HINT_ANIMATING_BOOST: set gpu opp level max: 0
12-07 11:22:25.041 I/libPowerHal(  857): [setClusterFreq] MTKPOWER_HINT_ANIMATING_BOOST: sysfs_freq set cpu freq: 1500000 -1 2000000 -1 
12-07 11:22:25.044 W/libc    ( 1454): Access denied finding property "ro.vendor.tgpa_resolution_tuner"
12-07 11:22:25.045 I/ApiInvoke( 3259): SubscribeBusServerImpl1.2.172: onPublishData to {"pid": 2110,"channels": [com.transsion.itel.launcher]} success 
12-07 11:22:25.046 I/mtkpower_client( 1454): perf_cus_lock_hint hint:102, dur:29000
12-07 11:22:25.047 I/mtkpower_client( 1454): perf_cus_lock_hint, ret_hdl:0
12-07 11:22:25.049 W/SmartPanel_OperateState( 3287): show
12-07 11:22:25.051 I/ApiInvoke(18130): SubscribeManager1.2.172: copy subscriber size = 11
12-07 11:22:25.052 I/ApiInvoke(18130): SubscribeManager1.2.172: publishData success host DataCenter#StandardDataService matcher activity_event
12-07 11:22:25.052 I/ApiInvoke( 3259): SubscribeBusServerImpl1.2.172: onPublishData to {"pid": 18130,"channels": [AssistantChannel]} success 
12-07 11:22:25.055 I/ApiInvoke( 2084): SubscribeManager1.2.65: copy subscriber size = 0
12-07 11:22:25.056 I/ApiInvoke( 2084): SubscribeManager1.2.65: publishData success host DataCenter#StandardDataService matcher activity_event
12-07 11:22:25.056 I/DreamAnimation( 1454): from screenoff to normal evencode = 11
12-07 11:22:25.056 I/DreamAnimation( 1454):   hookScreenStateFromOffToOn  mState=8
12-07 11:22:25.056 I/ApiInvoke( 3259): SubscribeBusServerImpl1.2.172: onPublishData to {"pid": 2084,"channels": [com.android.phone]} success 
12-07 11:22:25.056 I/SysUI_KeyguardService( 1895): onScreenTurningOn
12-07 11:22:25.057 I/ApiInvoke( 3259): SubscribeManager1.2.172: copy subscriber size = 12
12-07 11:22:25.057 I/Kolun_AI( 3259): SystemEventSubscribe: onPublishData {"type":"activity_event","time":1765086745021,"data":"{\"className\":\"com.barberpro.MainActivity\",\"isResumed\":true,\"packageName\":\"com.barberpro.barber\"}","provider":"dc","dc_version":2030200000,"data_version":1,"user_id":0}
12-07 11:22:25.057 I/Kolun_AI( 3259): SystemEventSubscribe: publisher.getMatcher() activity_event
12-07 11:22:25.057 I/ApiInvoke( 3259): SubscribeManager1.2.172: publishData success host DataCenter#StandardDataService matcher activity_event
12-07 11:22:25.057 I/ApiInvoke( 3259): SubscribeBusServerImpl1.2.172: onPublishData to {"pid": 0,"channels": [CommonChannel]} success 
12-07 11:22:25.058 W/binder:1454_18( 1454): type=1400 audit(0.0:124824): avc: denied { read } for name="u:object_r:vendor_default_prop:s0" dev="tmpfs" ino=465 scontext=u:r:system_server:s0 tcontext=u:object_r:vendor_default_prop:s0 tclass=file permissive=0
12-07 11:22:25.062 W/libc    ( 1454): Access denied finding property "ro.vendor.tgpa_resolution_tuner"
12-07 11:22:25.064 I/BufferQueueDebug(  896): [com.barberpro.barber/com.barberpro.MainActivity#8408](this:0xb400006fb80e5aa8,id:-1,api:0,p:-1,c:-1) BufferQueue core=(896:/system/bin/surfaceflinger)
12-07 11:22:25.066 I/DisplayPowerController[0]( 1454): BrightnessEvent: disp=0, brt=1.0, rcmdBrt=NaN, preBrt=NaN, lux=0.0, preLux=0.0, hbmMax=1.0, hbmMode=off, thrmMax=1.0, flags=, reason=manual
12-07 11:22:25.068 I/DynamicIslandService:1.0.0.078(12738): onKeyguardShowingChanged: isShowing=false, isOccluded=false
12-07 11:22:25.069 I/IslandAvailableInterceptor(12738): onKeyguardShowingChanged: isShowing=false, isOccluded=false
12-07 11:22:25.069 I/IslandManager( 1895): sendIsland mResidentList []
12-07 11:22:25.069 I/IslandViewManager(12738): onKeyguardShowingChanged: isShowing=false, isOccluded=false, isFaceUnlockIsland=false, isNullIslandView=true, isChargingOverlay=false, mIslandView?=false
12-07 11:22:25.069 I/VersionsUtils( 1895):  getVersion mCurrentVersion 10000078
12-07 11:22:25.072 E/WindowManager( 1454): isFocusOnThunderbackWindow false mFocusMultiWindowId: -1 newFocus: 0 thunderback: false
12-07 11:22:25.074 W/WindowManager( 1454): Changing focus from null to Window{f2ff278 u0 com.barberpro.barber/com.barberpro.MainActivity} displayId=0 Callers=com.android.server.wm.RootWindowContainer.updateFocusedWindowLocked:524 com.android.server.wm.WindowManagerService.updateFocusedWindowLocked:6395 com.android.server.wm.WindowManagerService.relayoutWindow:2645 com.android.server.wm.Session.relayout:277 
12-07 11:22:25.076 I/WindowManager( 1454): Relayout Window{f2ff278 u0 com.barberpro.barber/com.barberpro.MainActivity}: oldVis=8 newVis=0 focusMayChange = true requestedWidth = 720 requestedHeight = 1612 outFrames = ClientWindowFrames{frame=[0,0][720,1612] display=[0,0][720,1612] parentFrame=[0,0][0,0] parentClippedByDisplayCutout=false} outSurfaceControl = Surface(name=com.barberpro.barber/com.barberpro.MainActivity)/@0x924d9e4
12-07 11:22:25.080 I/netd    (  828): tetherGetStats() -> {[]} <3.12ms>
12-07 11:22:21.306 I/        (    0): [T401394] [Tran_FP][Info][tran_fp_ioctl][457] GF_IOC_DISABLE_SPI_CLK ======
12-07 11:22:21.306 I/        (    0): [T401394]
12-07 11:22:21.306 I/        (    0): [T401394] [Tran_FP][Debug][tran_fp_close_clock][735]entered
12-07 11:22:21.306 I/        (    0): [T401394]
12-07 11:22:21.306 I/        (    0): [T101314] [Tran_FP][Info][tran_fp_ioctl][452] GF_IOC_ENABLE_SPI_CLK ======
12-07 11:22:21.306 I/        (    0): [T101314]
12-07 11:22:21.306 I/        (    0): [T101314] [Tran_FP][Debug][tran_fp_open_clock][720]entered
12-07 11:22:21.306 I/        (    0): [T101314]
12-07 11:22:25.084 W/AlarmManager( 1454): Unrecognized alarm listener com.android.server.locksettings.LockSettingsStrongAuth$NonStrongBiometricIdleTimeoutAlarmListener@3c0263e
12-07 11:22:25.086 I/TranThermalBacklightCtrl( 1454): current status=level_0
12-07 11:22:25.087 I/TranThermalBacklightCtrl( 1454): cur package [com.barberpro.barber] is in TemperatureControlWhitelist
12-07 11:22:25.087 I/TranThermalBacklightCtrl( 1454): mParamAPTempHigh[0]=49.0, mParamAPTempLow[0]=47.0, mParamBrightnessMax[0]=0.9, mParamLuxLimit[0]=2200.0
12-07 11:22:25.087 I/TranThermalBacklightCtrl( 1454): mParamAPTempHigh[1]=52.0, mParamAPTempLow[1]=50.0, mParamBrightnessMax[1]=0.79999995, mParamLuxLimit[1]=2200.0
12-07 11:22:25.091 I/BufferQueueDebug(  896): [SurfaceView[com.barberpro.barber/com.barberpro.MainActivity](BLAST)#8411](this:0xb400006fb802f6a8,id:-1,api:0,p:-1,c:-1) BufferQueue core=(896:/system/bin/surfaceflinger)
12-07 11:22:21.310 I/        (    0): [T300216] Trustonic TEE: f01(3)|[GF_TA][I][gf_milan][gf_hw_set_mode] current_mode=MODE_IMAGE, current_mode_code=0, cur_chip_state=4, new_mode=MODE_KEY, new_mode_code=1
12-07 11:22:21.310 I/        (    0): [T300216] Trustonic TEE: b02(3)|[drIpchLoop] GF_DR version: GF_DR_v1.0
12-07 11:22:21.310 I/        (    0): [T300216] Trustonic TEE: f01(3)|[GF_TA][I][gf_milan][gf_milan_check_sensor_dac_validity] otp_default_dac=0x0000002A,0x0000002B,0x0000002B,0x0000002B
12-07 11:22:21.311 I/Trustonic TEE(  216): f01(3)|[GF_TA][I][gf_milan][gf_milan_check_sensor_dac_validity] cal_dac_0=0x000002A8
12-07 11:22:21.316 I/Trustonic TEE(  216): b02(3)|[drIpchLoop] GF_DR version: GF_DR_v1.0
12-07 11:22:21.316 I/Trustonic TEE(  216): b02(3)|[drIpchLoop] GF_DR version: GF_DR_v1.0
12-07 11:22:21.317 I/Trustonic TEE(  216): b02(0)|[drIpchLoop] GF_DR version: GF_DR_v1.0
12-07 11:22:25.095 E/ActivityManager( 1454): Sending non-protected broadcast com.transsion.livewallpaper.wakeup from system 1895:com.android.systemui/u0a144 pkg com.android.systemui
12-07 11:22:25.095 E/ActivityManager( 1454): java.lang.Throwable
12-07 11:22:25.095 E/ActivityManager( 1454): 	at com.android.server.am.ActivityManagerService.checkBroadcastFromSystem(ActivityManagerService.java:15054)
12-07 11:22:25.095 E/ActivityManager( 1454): 	at com.android.server.am.ActivityManagerService.broadcastIntentLocked(ActivityManagerService.java:15818)
12-07 11:22:25.095 E/ActivityManager( 1454): 	at com.android.server.am.ActivityManagerService.broadcastIntentLocked(ActivityManagerService.java:15072)
12-07 11:22:25.095 E/ActivityManager( 1454): 	at com.android.server.am.ActivityManagerService.broadcastIntentWithFeature(ActivityManagerService.java:16030)
12-07 11:22:25.095 E/ActivityManager( 1454): 	at android.app.IActivityManager$Stub.onTransact$broadcastIntentWithFeature$(IActivityManager.java:11359)
12-07 11:22:25.095 E/ActivityManager( 1454): 	at android.app.IActivityManager$Stub.onTransact(IActivityManager.java:2781)
12-07 11:22:25.095 E/ActivityManager( 1454): 	at com.android.server.am.ActivityManagerService.onTransact(ActivityManagerService.java:3018)
12-07 11:22:25.095 E/ActivityManager( 1454): 	at android.os.Binder.execTransactInternal(Binder.java:1281)
12-07 11:22:25.095 E/ActivityManager( 1454): 	at android.os.Binder.execTransact(Binder.java:1245)
12-07 11:22:25.095 E/gralloc4(27268): ERROR: Format allocation info not found for format: 38
12-07 11:22:25.095 E/gralloc4(27268): ERROR: Format allocation info not found for format: 0
12-07 11:22:25.095 E/gralloc4(27268): Invalid base format! req_base_format = 0x0, req_format = 0x38, type = 0x0
12-07 11:22:25.095 E/gralloc4(27268): ERROR: Unrecognized and/or unsupported format 0x38 and usage 0xb00
12-07 11:22:25.095 E/Gralloc4(27268): isSupported(1, 1, 56, 1, ...) failed with 5
12-07 11:22:25.095 E/gralloc4(  843): ERROR: Format allocation info not found for format: 38
12-07 11:22:25.096 E/gralloc4(  843): ERROR: Format allocation info not found for format: 0
12-07 11:22:25.096 E/gralloc4(  843): Invalid base format! req_base_format = 0x0, req_format = 0x38, type = 0x0
12-07 11:22:25.096 E/gralloc4(  843): ERROR: Unrecognized and/or unsupported format 0x38 and usage 0xb00
12-07 11:22:25.096 E/gralloc4(  843): allocate, buffer allocation failed with 0
12-07 11:22:25.096 E/GraphicBufferAllocator(27268): Failed to allocate (4 x 4) layerCount 1 format 56 usage b00: 5
12-07 11:22:25.096 E/AHardwareBuffer(27268): GraphicBuffer(w=4, h=4, lc=1) failed (Unknown error -5), handle=0x0
12-07 11:22:25.096 I/TrKeyguardBouncerHelper( 1895): notAllow = false
12-07 11:22:25.096 W/StatusBarManager( 1895): Disable some feature what = 0 mContext.getPackageName() = com.android.systemui Binder.getCallingPid() = 1895
12-07 11:22:25.098 I/DropBoxManagerService( 1454): add tag=system_server_wtf isTagEnabled=true flags=0x2
12-07 11:22:25.098 E/gralloc4(27268): ERROR: Format allocation info not found for format: 38
12-07 11:22:25.098 E/gralloc4(27268): ERROR: Format allocation info not found for format: 0
12-07 11:22:25.098 E/gralloc4(27268): Invalid base format! req_base_format = 0x0, req_format = 0x38, type = 0x0
12-07 11:22:25.098 E/gralloc4(27268): ERROR: Unrecognized and/or unsupported format 0x38 and usage 0xb00
12-07 11:22:25.098 E/Gralloc4(27268): isSupported(1, 1, 56, 1, ...) failed with 5
12-07 11:22:25.099 E/gralloc4(  843): ERROR: Format allocation info not found for format: 38
12-07 11:22:25.099 E/gralloc4(  843): ERROR: Format allocation info not found for format: 0
12-07 11:22:25.099 E/gralloc4(  843): Invalid base format! req_base_format = 0x0, req_format = 0x38, type = 0x0
12-07 11:22:25.099 E/gralloc4(  843): ERROR: Unrecognized and/or unsupported format 0x38 and usage 0xb00
12-07 11:22:25.099 E/gralloc4(  843): allocate, buffer allocation failed with 0
12-07 11:22:25.099 E/GraphicBufferAllocator(27268): Failed to allocate (4 x 4) layerCount 1 format 56 usage b00: 5
12-07 11:22:25.099 E/AHardwareBuffer(27268): GraphicBuffer(w=4, h=4, lc=1) failed (Unknown error -5), handle=0x0
12-07 11:22:25.100 E/Fingerprint21( 1454): onError for non-error consumer: null
12-07 11:22:21.323 I/Trustonic TEE(  216): f01(4)|[GF_TA][I][gf_milan][milan_check_finger_up] area[0] is finger down
12-07 11:22:21.323 I/Trustonic TEE(  216): f01(4)|[GF_TA][E][gf_milan][milan_check_finger_up] exit. err=GF_ERROR_FINGER_NOT_LEAVE, errno=1065
12-07 11:22:21.323 I/Trustonic TEE(  216): b02(4)|[drIpchLoop] GF_DR version: GF_DR_v1.0
12-07 11:22:21.323 I/Trustonic TEE(  216): f01(4)|[GF_TA][I][gf_milan][gf_milan_check_sensor_dac_validity] otp_default_dac=0x0000002A,0x0000002B,0x0000002B,0x0000002B
12-07 11:22:21.323 I/Trustonic TEE(  216): f01(4)|[GF_TA][I][gf_milan][gf_milan_check_sensor_dac_validity] cal_dac_0=0x000002A8
12-07 11:22:21.323 I/Trustonic TEE(  216): f01(4)|[GF_TA][I][gf_milan][milan_update_fdt_up_base] FDT down delta=0x10
12-07 11:22:21.323 I/Trustonic TEE(  216): f01(4)|[GF_TA][I][gf_milan][milan_update_fdt_up_base] FDT UP delta=0x0E
12-07 11:22:21.323 I/Trustonic TEE(  216): f01(4)|[GF_TA][I][gf_milan][gf_hw_set_mode] finger down, update finger up base
12-07 11:22:21.323 I/Trustonic TEE(  216): f01(4)|[GF_TA][I][gf_milan][gf_hw_set_mode] don't reissue key down for mode=MODE_KEY, mode_code=1
12-07 11:22:21.323 I/Trustonic TEE(  216): f01(4)|[GF_TA][I][gf_milan][gf_milan_check_sensor_dac_validity] otp_default_dac=0x0000002A,0x0000002B,0x0000002B,0x0000002B
12-07 11:22:21.323 I/Trustonic TEE(  216): f01(4)|[GF_TA][I][gf_milan][gf_milan_check_sensor_dac_validity] cal_dac_0=0x000002A8
12-07 11:22:21.325 I/Trustonic TEE(  216): b02(7)|[drIpchLoop] GF_DR version: GF_DR_v1.0
12-07 11:22:21.326 I/        (    0): [T101314] [Tran_FP][Info][tran_fp_ioctl][457] GF_IOC_DISABLE_SPI_CLK ======
12-07 11:22:21.326 I/        (    0): [T101314]
12-07 11:22:21.326 I/        (    0): [T101314] [Tran_FP][Debug][tran_fp_close_clock][735]entered
12-07 11:22:21.326 I/        (    0): [T101314]
12-07 11:22:21.326 I/        (    0): [T401394] [Tran_FP][Info][tran_fp_ioctl][452] GF_IOC_ENABLE_SPI_CLK ======
12-07 11:22:21.326 I/        (    0): [T401394]
12-07 11:22:21.326 I/        (    0): [T401394] [Tran_FP][Debug][tran_fp_open_clock][720]entered
12-07 11:22:21.326 I/        (    0): [T401394]
12-07 11:22:25.103 W/BroadcastDispatcherLog( 1895): [11033] Broadcast received for user 0: Intent { act=android.intent.action.TIME_TICK flg=0x50200010 }
12-07 11:22:25.103 W/AES     ( 1454): Exception Log handling...system_server_wtf
12-07 11:22:25.102 I/SmartPanel_OperateState( 3287): clear, goto SlideState
12-07 11:22:25.103 W/BroadcastDispatcherLog( 1895): [11034] Broadcast received for user -1: Intent { act=android.intent.action.TIME_TICK flg=0x50200010 }
12-07 11:22:25.104 W/AES     ( 1454): skip for Exp level 0
12-07 11:22:25.104 I/Hoffnung( 3365): Universal onReceive: Intent { act=android.intent.action.TIME_TICK flg=0x50200010 }
12-07 11:22:25.106 I/Kolun.TimeTickBroadcastMgr(18130):  sendEvent return 
12-07 11:22:25.118 W/fingerprint@2.1( 1314): type=1400 audit(0.0:124825): avc: denied { read } for name="/" dev="dm-22" ino=60 scontext=u:r:hal_fingerprint_default:s0 tcontext=u:object_r:rootfs:s0 tclass=dir permissive=0
12-07 11:22:25.123 E/[GF_HAL][gf_hal_frr_database]( 1314): [gf_hal_write_auth_record] /data/gf_data/auth_ratio_database.db can't open file. err=GF_ERROR_FILE_OPEN_FAILED, errno=1078
12-07 11:22:25.123 E/[GF_HAL][gf_hal_frr_database]( 1314): [gf_hal_write_auth_record] exit. err=GF_ERROR_FILE_OPEN_FAILED, errno=1078
12-07 11:22:25.123 E/[GF_HAL][gf_hal_frr_database]( 1314): [gf_hal_save_auth_ratio_record] exit. err=GF_ERROR_FILE_OPEN_FAILED, errno=1078
12-07 11:22:25.123 I/[GF_HAL][gf_hal_frr_database]( 1314): [gf_hal_handle_frr_database] frr database file and dir not exist 
12-07 11:22:25.124 E/cutils  ( 1314): Failed to open(/): Permission denied
12-07 11:22:25.124 E/[GF_HAL][gf_hal_frr_database]( 1314): [gf_hal_handle_frr_database] mkdir /data/gf_data/ failed. ret=-13
12-07 11:22:25.124 E/[GF_HAL][gf_hal_frr_database]( 1314): [gf_hal_handle_frr_database] exit. err=GF_ERROR_MKDIR_FAILED, errno=1077
12-07 11:22:21.348 I/        ( 1394): [Tran_FP][Info][tran_fp_ioctl][457] GF_IOC_DISABLE_SPI_CLK ======
12-07 11:22:21.348 I/        ( 1394): [Tran_FP][Debug][tran_fp_close_clock][735]entered
12-07 11:22:21.351 I/        ( 1394): [Tran_FP][Info][tran_fp_ioctl][452] GF_IOC_ENABLE_SPI_CLK ======
12-07 11:22:21.351 I/        ( 1394): [Tran_FP][Debug][tran_fp_open_clock][720]entered
12-07 11:22:25.132 E/SurfaceSyncer(27268): Failed to find sync for id=2
12-07 11:22:21.357 I/[T227319] [GPU/FREQ][INFO]@__gpufreq_freq_scale_gpu(    0): begin to scale Fgpu: (390000->722000)
12-07 11:22:21.357 E/[T227319] [GPU/FREQ][ERROR]@__gpufreq_get_real_fgpu(    0): __gpufreq_get_real_fgpu: MFGPLL_CON1 = 0xafd526c
12-07 11:22:25.136 E/[GF_HAL][gf_hal_dump]( 1314): [gf_hal_dump_data_by_operation] link:auth_retry_cache_index=0...
12-07 11:22:21.362 I/        (    0): [T700216] Trustonic TEE: f01(3)|[GF_TA][E][gf_cali][gf_cali_dump_debug_info] opera=1, once_dump=0,g_auth_retry_cache_nums=0,image_quality=94
12-07 11:22:21.362 I/        (    0): [T700216] Trustonic TEE: f01(3)|[GF_TA][E][gf_cali][gf_cali_dump_debug_info] dump_data->image_quality2=94
12-07 11:22:21.362 I/        (    0): [T201394] [Tran_FP][Info][tran_fp_ioctl][457] GF_IOC_DISABLE_SPI_CLK ======
12-07 11:22:21.362 I/        (    0): [T201394]
12-07 11:22:21.362 I/        (    0): [T201394] [Tran_FP][Debug][tran_fp_close_clock][735]entered
12-07 11:22:21.362 I/        (    0): [T201394]
12-07 11:22:25.139 I/SysUI_OverviewSysUiProxyService( 1895):  isEnabled mIsEnabled false mIsFoldExpanded true
12-07 11:22:25.143 W/StatusBarManager( 1895): Disable some feature what = 0 mContext.getPackageName() = com.android.systemui Binder.getCallingPid() = 1895
12-07 11:22:21.368 I/        (    0): [T201394] [Tran_FP][Info][tran_fp_ioctl][452] GF_IOC_ENABLE_SPI_CLK ======
12-07 11:22:21.368 I/        (    0): [T201394]
12-07 11:22:21.368 I/        (    0): [T201394] [Tran_FP][Debug][tran_fp_open_clock][720]entered
12-07 11:22:21.368 I/        (    0): [T201394]
12-07 11:22:25.142 W/fingerprint@2.1( 1314): type=1400 audit(0.0:124826): avc: denied { read } for name="goodix" dev="dm-66" ino=533 scontext=u:r:hal_fingerprint_default:s0 tcontext=u:object_r:vendor_data_file:s0 tclass=dir permissive=0
12-07 11:22:25.147 E/[GF_HAL][gf_dump_data_utils]( 1314): [gf_handle_dump_buf] exit. err=GF_ERROR_MKDIR_FAILED, errno=1077
12-07 11:22:25.147 I/ActivityTaskManager( 1454): fingerprint pre wakeup scheduled,visible activity= ActivityRecord{cd7a235 u0 com.barberpro.barber/com.barberpro.MainActivity} t5765}
12-07 11:22:25.147 E/[GF_HAL][gf_hal_dump]( 1314): [gf_hal_dump_data_by_operation] dump buf err<1077>
12-07 11:22:25.147 I/PowerHalWrapper( 1454): amsBoostStop AMS_BOOST_PACK_SWITCH:false, AMS_BOOST_ACT_SWITCH:false, AMS_BOOST_PROCESS_CREATE:false 
12-07 11:22:21.372 I/        (    0): [T501394] [Tran_FP][Info][tran_fp_ioctl][457] GF_IOC_DISABLE_SPI_CLK ======
12-07 11:22:21.372 I/        (    0): [T501394]
12-07 11:22:21.372 I/        (    0): [T501394] [Tran_FP][Debug][tran_fp_close_clock][735]entered
12-07 11:22:21.372 I/        (    0): [T501394]
12-07 11:22:21.375 I/        (    0): [T501394] [Tran_FP][Info][tran_fp_ioctl][452] GF_IOC_ENABLE_SPI_CLK ======
12-07 11:22:21.375 I/        (    0): [T501394]
12-07 11:22:21.375 I/        (    0): [T501394] [Tran_FP][Debug][tran_fp_open_clock][720]entered
12-07 11:22:21.375 I/        (    0): [T501394]
12-07 11:22:21.379 I/        (  844): lcm_panel_init End
12-07 11:22:21.379 I/        (  844): lcm_prepare End
12-07 11:22:21.379 I/        (  844): [Tran_FP][Debug][gf_fb_notifier_callback][239]gf_fb_notifier_callback, 239, enter
12-07 11:22:21.379 I/        (  844): [Tran_FP][Debug][gf_fb_notifier_callback][248] enter, blank=0x0
12-07 11:22:21.379 I/        (  844): [Tran_FP][Info][gf_fb_notifier_callback][251] lcd on notify
12-07 11:22:21.379 I/        (    0): [T700216] Trustonic TEE: f01(2)|[GF_TA][I][gf_milan][gf_hw_set_mode] current_mode=MODE_KEY, current_mode_code=1, cur_chip_state=4, new_mode=MODE_IDLE, new_mode_code=8
12-07 11:22:21.379 I/        (    0): [T700216] Trustonic TEE: b02(2)|[drIpchLoop] GF_DR version: GF_DR_v1.0
12-07 11:22:21.379 I/        (  844): [Tran_FP][Debug][gf_fb_notifier_callback][276]gf_fb_notifier_callback, 276, exit
12-07 11:22:21.379 I/        (  844): cm_mgr_fb_notifier_callback+
12-07 11:22:21.379 I/        (  844): #@# cm_mgr_fb_notifier_callback(356) SCREEN ON
12-07 11:22:21.379 I/        (  844): cm_mgr_set_disp_wakeup_status, cm_mgr_disp_wakeup_status 1, cm_mgr_blank_status 0
12-07 11:22:21.379 I/        (  844): cm_mgr_fb_notifier_callback-
12-07 11:22:21.379 I/        (  844): enter ppm lcmoff fb!
12-07 11:22:21.379 I/        (  844): wmt_fb_notifier_callback+
12-07 11:22:21.379 W/[HIF-SDIO][W]wmt_fb_notifier_callback(  844): @@@@@@@@@@wmt enter UNBLANK @@@@@@@@@@@@@@
12-07 11:22:21.379 I/        (  844): wmt_fb_notifier_callback-
12-07 11:22:21.379 I/        (  844): [Tran_FP][Debug][gf_fb_notifier_callback][239]gf_fb_notifier_callback, 239, enter
12-07 11:22:21.379 I/        (  844): [Tran_FP][Debug][gf_fb_notifier_callback][248] enter, blank=0x2
12-07 11:22:21.379 I/        (  844): [Tran_FP][Info][gf_fb_notifier_callback][273] other notifier, ignore
12-07 11:22:21.379 I/        (  844): [Tran_FP][Debug][gf_fb_notifier_callback][276]gf_fb_notifier_callback, 276, exit
12-07 11:22:21.379 I/        (  844): cm_mgr_fb_notifier_callback+
12-07 11:22:21.379 I/        (  844): cm_mgr_fb_notifier_callback-
12-07 11:22:21.379 I/        (  844): enter ppm lcmoff fb!
12-07 11:22:21.379 W/[tran_touch-INFO]nvt_disp_notifier_callback 139(  844): drm notify tp resume start
12-07 11:22:21.379 I/        (  844): wmt_fb_notifier_callback+
12-07 11:22:21.379 W/[HIF-SDIO][W]wmt_fb_notifier_callback(  844): @@@@@@@@@@data(2) is not UNBLANK or POWERDOWN @@@@@@@@@@@@@@
12-07 11:22:21.379 I/        (  844): wmt_fb_notifier_callback-
12-07 11:22:21.379 W/        (    0): [T423224] <I>CTS-SPIDrv Resume
12-07 11:22:21.379 W/        (    0): [T423224] <I>CTS-Core Resume device
12-07 11:22:21.380 I/[DISP]mtk_crtc_update_ddp_state pf(  844): 0 hrt:0 correct invalid hrt to:4, mode:0->0
12-07 11:22:21.380 W/        (    0): [T423224] <I>CTS-Core Reset device
12-07 11:22:21.380 W/        (    0): [T423224] <I>CTS-Plat Reset device
12-07 11:22:21.383 I/        (    0): [T700216] Trustonic TEE: b02(7)|[drIpchLoop] GF_DR version: GF_DR_v1.0
12-07 11:22:21.383 I/        (    0): [T700216] Trustonic TEE: b02(7)|[drIpchLoop] GF_DR version: GF_DR_v1.0
12-07 11:22:25.154 W/binder:1454_10( 1454): type=1400 audit(0.0:124827): avc: denied { read } for name="u:object_r:vendor_default_prop:s0" dev="tmpfs" ino=465 scontext=u:r:system_server:s0 tcontext=u:object_r:vendor_default_prop:s0 tclass=file permissive=0
12-07 11:22:25.155 I/Hoffnung( 3365): Universal onReceive: Intent { act=android.intent.action.USER_PRESENT flg=0x24200010 }
12-07 11:22:25.156 I/BufferQueueProducer(  896): [NavigationBar0#73](this:0xb400006fb8001da8,id:-1,api:0,p:-1,c:896) queueBuffer: fps=3.66 dur=2728.64 max=2586.85 min=11.66
12-07 11:22:25.156 I/BufferQueueProducer(  896): [StatusBar#77](this:0xb400006fb8018a28,id:-1,api:0,p:-1,c:896) queueBuffer: fps=0.42 dur=2355.00 max=2355.00 min=2355.00
12-07 11:22:25.157 W/libc    ( 1454): Access denied finding property "ro.vendor.tgpa_resolution_tuner"
12-07 11:22:25.157 I/BufferQueueDebug(  896): [NotificationShade#8413](this:0xb400006fb8062ac8,id:-1,api:0,p:-1,c:-1) BufferQueue core=(896:/system/bin/surfaceflinger)
12-07 11:22:25.158 I/hwcomposer(  844): [HWC] (0) displaySetActiveConfig config:1  
12-07 11:22:25.160 I/BufferQueueDebug(  896): [com.barberpro.barber/com.barberpro.MainActivity#8396](this:0xb400006fb803ace8,id:-1,api:0,p:-1,c:896) onDestructor()
12-07 11:22:25.160 I/Kolun_AI( 3259): CommonAppsManager:mCachetRecommendAppList [com.barberpro.barber]
12-07 11:22:25.160 W/Kolun_AI( 3259): TwsScanController:can not start scan mIsBleScanning:true
12-07 11:22:25.160 I/Kolun_AI( 3259): KolunBleScanProcessor: startScan,scanMode:0
12-07 11:22:25.160 I/Kolun_AI( 3259): KolunBleScanProcessor: startScan,scanPermission:0,connectPermission:0
12-07 11:22:25.164 W/PowerData(18763): [processReceive] action = android.intent.action.USER_PRESENT
12-07 11:22:25.165 I/bluetooth(25288): GATT_Register: Allocated name:GattClient uuid:c50e1ccc-ebf6-7f0a-8db7-e78a4bc04aac gatt_if:7 eatt_support:0
12-07 11:22:25.165 W/BroadcastQueue( 1454): Background execution not allowed: receiving Intent { act=android.intent.action.USER_PRESENT flg=0x24200010 } to com.facebook.services/com.facebook.oxygen.services.fbns.RegisteredMqttSystemBroadcastReceiver
12-07 11:22:21.385 I/        (    0): [T700216] Trustonic TEE: b02(7)|[drIpchLoop] GF_DR version: GF_DR_v1.0
12-07 11:22:21.385 I/        (    0): [T700216] Trustonic TEE: b02(7)|[drIpchLoop] GF_DR version: GF_DR_v1.0
12-07 11:22:21.388 I/        (    0): [T100469] [DISP]mtk_dsi_start_vdo_mode, vid_mode:3
12-07 11:22:21.388 W/[HIF-SDIO][I]mtk_wcn_wmt_func_ctrl(29043): wmt-exp: OPID(3) type(9) start
12-07 11:22:21.388 I/[STP-PSM] [I]_stp_psm_do_wait(29043): STP is waiting state for ACT, i=1, state = 2
12-07 11:22:21.388 I/        (    0): [T700216] Trustonic TEE: b02(7)|[drIpchLoop] GF_DR version: GF_DR_v1.0
12-07 11:22:21.391 I/        (    0): [T700216] Trustonic TEE: b02(7)|[drIpchLoop] GF_DR version: GF_DR_v1.0
12-07 11:22:25.166 I/upc     ( 3259): onUserPresent ++ 
12-07 11:22:25.166 I/CacheManager( 3259):  save new data to cache user_present
12-07 11:22:25.166 I/bsc     ( 3259): notifyDataChange in user_present, 1
12-07 11:22:25.166 I/DataServiceImplV2( 3259): StandardDataService notifyDataChange  in 
12-07 11:22:25.166 I/DataServiceImplV2( 3259): StandardDataService notifyDataChange  curServiceName StandardDataService type:user_present
12-07 11:22:25.167 I/Kolun.KolunBroadcastReceiver(18130):  android.intent.action.USER_PRESENT RECEIVED
12-07 11:22:25.167 I/Kolun.KolunBroadcastReceiver(18130):  ACTION_USER_PRESENT, current : Thread[main,5,main]
12-07 11:22:25.167 I/Kolun.KolunBroadcastReceiver(18130):  broadcast processed
12-07 11:22:25.167 I/WindowManager( 1454): Relayout Window{95b307e u0 NotificationShade}: oldVis=4 newVis=0 focusMayChange = true requestedWidth = 720 requestedHeight = 1612 outFrames = ClientWindowFrames{frame=[0,0][720,1612] display=[0,0][720,1612] parentFrame=[0,0][0,0] parentClippedByDisplayCutout=false} outSurfaceControl = Surface(name=NotificationShade)/@0x8f3874e
12-07 11:22:25.168 E/ActivityManager( 1454): Sending non-protected broadcast com.transsion.dynamicbar.ACTION_ISLAND_DATA_CHANGED from system 1895:com.android.systemui/u0a144 pkg com.android.systemui
12-07 11:22:25.168 E/ActivityManager( 1454): java.lang.Throwable
12-07 11:22:25.168 E/ActivityManager( 1454): 	at com.android.server.am.ActivityManagerService.checkBroadcastFromSystem(ActivityManagerService.java:15054)
12-07 11:22:25.168 E/ActivityManager( 1454): 	at com.android.server.am.ActivityManagerService.broadcastIntentLocked(ActivityManagerService.java:15723)
12-07 11:22:25.168 E/ActivityManager( 1454): 	at com.android.server.am.ActivityManagerService.broadcastIntentLocked(ActivityManagerService.java:15072)
12-07 11:22:25.168 E/ActivityManager( 1454): 	at com.android.server.am.ActivityManagerService.broadcastIntentWithFeature(ActivityManagerService.java:16030)
12-07 11:22:25.168 E/ActivityManager( 1454): 	at android.app.IActivityManager$Stub.onTransact$broadcastIntentWithFeature$(IActivityManager.java:11359)
12-07 11:22:25.168 E/ActivityManager( 1454): 	at android.app.IActivityManager$Stub.onTransact(IActivityManager.java:2781)
12-07 11:22:25.168 E/ActivityManager( 1454): 	at com.android.server.am.ActivityManagerService.onTransact(ActivityManagerService.java:3018)
12-07 11:22:25.168 E/ActivityManager( 1454): 	at android.os.Binder.execTransactInternal(Binder.java:1281)
12-07 11:22:25.168 E/ActivityManager( 1454): 	at android.os.Binder.execTransact(Binder.java:1245)
12-07 11:22:25.169 I/BufferQueueProducer(  896): [FramebufferSurface](this:0xb400006f67ea0410,id:-1,api:1,p:896,c:896) queueBuffer: fps=4.72 dur=2753.40 max=2578.09 min=9.51
12-07 11:22:25.169 I/hwcomposer(  844): [HWCDisplay] [Display_0 (type:1)] fps:4.721378,dur:2753.43,max:2578.24,min:9.36  
12-07 11:22:25.169 I/ApiInvoke( 3259): ApiChannel1.2.172: found local channel DataCenter
12-07 11:22:25.170 I/ApiInvoke( 3259): ApiChannel1.2.172: found remote channel DataCenter
12-07 11:22:25.172 I/BufferQueueDebug(  896): [SurfaceView[com.barberpro.barber/com.barberpro.MainActivity](BLAST)#8399](this:0xb400006fb8093158,id:-1,api:0,p:-1,c:896) onDestructor()
12-07 11:22:21.395 I/        (    0): [T700216] Trustonic TEE: b02(7)|[drIpchLoop] GF_DR version: GF_DR_v1.0
12-07 11:22:25.173 I/hwcomposer(  844): [HWC] (0) displaySetActiveConfig config:0  
12-07 11:22:21.395 I/        (    0): [T700216] Trustonic TEE: b02(7)|[drIpchLoop] GF_DR version: GF_DR_v1.0
12-07 11:22:21.396 I/        (    0): [T301058] [DISP]mtk_drm_crtc_mode_check++ from 0 to 1
12-07 11:22:21.396 I/        (    0): [T301058] [DISP]mtk_crtc_disp_mode_switch_begin++ from 0 to 1
12-07 11:22:21.396 I/        (    0): [T301058] [DISP]mtk_dsi_set_mmclk_by_datarate_V1, data_rate =898, mmclk=156 pixclk_min=156, dual=0
12-07 11:22:21.396 I/[T301058] [DISP][fps](    0): drm_invoke_fps_chg_callbacks,new_fps =60
12-07 11:22:21.396 I/        (    0): [T301058] [DISP]mtk_crtc_disp_mode_switch_begin--
12-07 11:22:21.399 I/        (    0): [T500216] Trustonic TEE: b02(7)|[drIpchLoop] GF_DR version: GF_DR_v1.0
12-07 11:22:25.173 I/DreamAnimation( 1454):  hookAppTransitSuccess called, and doUnlockAnimation=0  mState=8
12-07 11:22:25.173 I/WindowManager( 1454): hideKeyguardWindow 
12-07 11:22:25.174 I/WindowManager( 1454):   Keyguard hided, Setting mKeyguardDrawComplete
12-07 11:22:25.170 I/ApiInvoke( 3259): ApiRequest1.2.172: channels size , 2
12-07 11:22:25.174 I/SmartPanel_SmartPanelService( 3287): onWindowsDrawn pkgName: com.barberpro.barber, className: com.barberpro.MainActivity launchState=0 windowsDrawnDelayMs =-1
12-07 11:22:25.174 I/ApiInvoke( 3259): SubscribeManager1.2.172: copy subscriber size = 12
12-07 11:22:25.174 I/Kolun_AI( 3259): SystemEventSubscribe: onPublishData {"type":"user_present","time":1765086745166,"data":"","provider":"dc","dc_version":2030200000,"data_version":1,"user_id":0}
12-07 11:22:25.174 I/Kolun_AI( 3259): SystemEventSubscribe: publisher.getMatcher() user_present
12-07 11:22:25.175 I/ApiInvoke( 3259): SubscribeManager1.2.172: publishData success host DataCenter#StandardDataService matcher user_present
12-07 11:22:25.175 I/ApiInvoke( 3259): ApiRequest1.2.172: do publishData to local, matcher = user_present
12-07 11:22:25.176 I/WindowManager( 1454): DisplayContent w: Window{f2ff278 u0 com.barberpro.barber/com.barberpro.MainActivity} Apply preferredModeId = 2
12-07 11:22:25.177 I/NearbyDiscovery(29595): (REDACTED) FastPairHandler: Received action %s
12-07 11:22:25.177 I/NearbyDiscovery(29595): FastPairController: onSystemStateChanged: skip due to flag disabled [CONTEXT service_id=265 ]
12-07 11:22:25.178 I/AppScanStats(25288): BLE_SCAN_STATE_CHANGED[7]reportBleScanStarted=false
12-07 11:22:25.178 W/Kolun_AI( 3259): TwsScanController:can not start scan mIsBleScanning:true
12-07 11:22:25.178 I/Kolun_AI( 3259): CommonAppsManager:mCachetRecommendAppList [com.barberpro.barber]
12-07 11:22:25.178 I/NearbySharing(29595): Screen is unlocked
12-07 11:22:25.178 I/NearbySharing(29595): Uwb feature is off.
12-07 11:22:25.178 I/NearbySharing(29595): Uwb feature is off.
12-07 11:22:25.181 I/bt_btif (25288): get_profile_interface: get_profile_interface: id = activity_attribution
12-07 11:22:25.181 E/bt_stack(25288): [ERROR:com_android_bluetooth_btservice_ActivityAttribution.cpp(172)] Failed to get ActivityAttribution Interface
12-07 11:22:21.403 I/        (    0): [T500216] Trustonic TEE: b02(7)|[drIpchLoop] GF_DR version: GF_DR_v1.0
12-07 11:22:21.403 I/        (    0): [T500216] Trustonic TEE: b02(7)|[drIpchLoop] GF_DR version: GF_DR_v1.0
12-07 11:22:21.403 I/        (    0): [T500216] Trustonic TEE: b02(7)|[drIpchLoop] GF_DR version: GF_DR_v1.0
12-07 11:22:25.182 I/NearbySharing(29595): Stopping scanning because Nearby Sharing is disabled.
12-07 11:22:21.405 I/        ( 1058): [DISP]mtk_drm_crtc_mode_check++ from 1 to 0
12-07 11:22:21.405 I/        ( 1058): [DISP]mtk_crtc_disp_mode_switch_begin++ from 1 to 0
12-07 11:22:21.405 I/        ( 1058): [DISP]mtk_dsi_set_mmclk_by_datarate_V1, data_rate =898, mmclk=156 pixclk_min=156, dual=0
12-07 11:22:21.405 I/        ( 1058): [DISP]mtk_dsi_set_mmclk_by_datarate_V1, data_rate =898, mmclk=156 pixclk_min=156, dual=0
12-07 11:22:21.405 I/[DISP][fps]( 1058): drm_invoke_fps_chg_callbacks,new_fps =90
12-07 11:22:21.405 I/        ( 1058): [DISP]mtk_crtc_disp_mode_switch_begin--
12-07 11:22:21.407 I/        (    0): [T500216] Trustonic TEE: b02(7)|[drIpchLoop] GF_DR version: GF_DR_v1.0
12-07 11:22:21.408 I/[STP-PSM] [I]stp_psm_disable_by_tx_rx_density( 9689): STP speed rx:164 tx:136
12-07 11:22:21.408 I/[STP-PSM] [I]stp_psm_disable_by_tx_rx_density( 9689): Low speed,Enable monitor
12-07 11:22:25.182 I/Kolun_AI( 3259): KolunBleScanProcessor: startScan success
12-07 11:22:25.184 I/DynamicIslandService:1.0.0.078(12738): onApplyIsland: IslandState{id=1000, useId=10144, priority=0, islandType=1, desc='face_unlocked', pkg='com.android.systemui', leftIconType=0, leftIconFileName='null', rightIconType=0, rightIconFileName='null', leftIconRes=0, rightIconRes=0, leftText='null', rightText='null', leftTextColor=0, leftTextSize=0, rightTextColor=0, rightTextSize=0, updateTime=0, createTime=1765086745142, showState=0, isEnable=true, expiredTime=-1, progress=0, refreshTime=0, isFinished=true, faceUnlockedState=0, updateCondition=0, viewStateCondition=0, samePriorityNeedOrder=false, leftAnimaRepeatCount=0, rightAnimaRepeatCount=0, isDismiss=false, leftIconClickPendingIntent=null, rightIconClickPendingIntent=null}
12-07 11:22:25.184 I/IslandManager( 1895): sendIsland mResidentList []
12-07 11:22:25.184 I/VersionsUtils( 1895):  getVersion mCurrentVersion 10000078
12-07 11:22:25.184 I/ActivityManager( 1454): isUserAMonkey mUserIsMonkey = false
12-07 11:22:21.411 I/        (    0): [T500216] Trustonic TEE: b02(7)|[drIpchLoop] GF_DR version: GF_DR_v1.0
12-07 11:22:21.411 I/        (    0): [T500216] Trustonic TEE: b02(7)|[drIpchLoop] GF_DR version: GF_DR_v1.0
12-07 11:22:21.411 I/        (    0): [T500216] Trustonic TEE: b02(7)|[drIpchLoop] GF_DR version: GF_DR_v1.0
12-07 11:22:25.186 I/mtkpower_client( 1454): perf_lock_rel, hdl:34216, tid:1513
12-07 11:22:25.186 I/NearbySharing(29595): Stopping Fast Init advertisement because we're not scanning in the foreground.
12-07 11:22:25.187 I/libPowerHal(  857): [setClusterFreq] MTKPOWER_HINT_ANIMATING_BOOST: sysfs_freq set cpu freq: -1 -1 -1 -1 
12-07 11:22:25.187 I/libPowerHal(  857): [unsetGPUFreq] current min:30, max:0; scn_gpu_min:30, scn_gpu_max:-1; scn_gpu_min(HL):-1, scn_gpu_max(HL):-1
12-07 11:22:25.187 I/libPowerHal(  857): MTKPOWER_HINT_ANIMATING_BOOST: set gpu opp level: 44
12-07 11:22:21.414 I/        (    0): [T421222] update cpufreq limit idx min 15---max 0,freq min 500000 ---max 2000000
12-07 11:22:21.414 I/        (    0): [T421222] update cpufreq limit idx min 15---max 0,freq min 725000 ---max 2400000
12-07 11:22:21.415 I/[STP-PSM] [I]_stp_psm_do_wait(29043): +Total waits for ACT takes 26687 usec
12-07 11:22:21.415 I/        (    0): [T500216] Trustonic TEE: b02(7)|[drIpchLoop] GF_DR version: GF_DR_v1.0
12-07 11:22:25.187 I/libPowerHal(  857): MTKPOWER_HINT_ANIMATING_BOOST: set gpu opp level max: 0
12-07 11:22:25.187 I/libPowerHal(  857): [setGPUFreq] Soft min/max = (44, 0); Hard min/max = (44, 0)
12-07 11:22:25.187 I/libPowerHal(  857): [setGPUFreq] final min/max = (44, 0)
12-07 11:22:25.187 I/libPowerHal(  857): MTKPOWER_HINT_ANIMATING_BOOST: set gpu opp level: 44
12-07 11:22:25.187 I/libPowerHal(  857): MTKPOWER_HINT_ANIMATING_BOOST: set gpu opp level max: 0
12-07 11:22:25.188 I/NearbySharing(29595): Stopping advertising because Nearby Sharing is disabled.
12-07 11:22:25.188 W/ApiInvoke( 3259): SubscribeBusServerImpl1.2.172: onPublishData, GLOBAL_SUBSCRIBE size 5
12-07 11:22:25.189 W/ApiInvoke( 3259): ApiRequest1.2.172: do publishData to remote user_present
12-07 11:22:25.189 I/ApiInvoke( 3259): SubscribeBusServerImpl1.2.172: onPublishData to {"pid": 2110,"channels": [com.transsion.itel.launcher]} success 
12-07 11:22:25.189 I/WindowManager( 1454): DisplayContent w: Window{f2ff278 u0 com.barberpro.barber/com.barberpro.MainActivity} Apply preferredModeId = 2
12-07 11:22:25.190 I/ApiInvoke(18130): SubscribeManager1.2.172: copy subscriber size = 11
12-07 11:22:25.190 I/ApiInvoke(18130): SubscribeManager1.2.172: publishData success host DataCenter#StandardDataService matcher user_present
12-07 11:22:25.190 I/ApiInvoke( 3259): SubscribeBusServerImpl1.2.172: onPublishData to {"pid": 18130,"channels": [AssistantChannel]} success 
12-07 11:22:25.186 W/binder:1454_D( 1454): type=1400 audit(0.0:124828): avc: denied { read } for name="u:object_r:vendor_default_prop:s0" dev="tmpfs" ino=465 scontext=u:r:system_server:s0 tcontext=u:object_r:vendor_default_prop:s0 tclass=file permissive=0
12-07 11:22:21.415 W/[T201004] [WMT-CORE][I]opfunc_utc_time_sync(    0): Send WMT_UTC_SYNC_CMD command OK!
12-07 11:22:21.415 W/[T201004] [WMT-CORE][I]wmt_core_dump_func_state(    0): [AF FUNC ON]status(b:2 f:0 g:0 gl5:0 w:2 lpbk:2 coredump:0 wmt:2 ant:0 sd1:0 sd2:0 stp:0)
12-07 11:22:21.416 W/[HIF-SDIO][I]mtk_wcn_wmt_func_ctrl(29043): OPID(3) type(9) ok
12-07 11:22:25.191 I/hwcomposer(  844): [HWC] (0) displaySetActiveConfig config:1  
12-07 11:22:25.191 I/ApiInvoke( 2084): SubscribeManager1.2.65: copy subscriber size = 0
12-07 11:22:25.191 I/ApiInvoke( 2084): SubscribeManager1.2.65: publishData success host DataCenter#StandardDataService matcher user_present
12-07 11:22:25.191 I/ApiInvoke( 3259): SubscribeBusServerImpl1.2.172: onPublishData to {"pid": 2084,"channels": [com.android.phone]} success 
12-07 11:22:25.192 I/ApiInvoke( 3259): SubscribeManager1.2.172: copy subscriber size = 12
12-07 11:22:25.192 I/Kolun_AI( 3259): SystemEventSubscribe: onPublishData {"type":"user_present","time":1765086745166,"data":"","provider":"dc","dc_version":2030200000,"data_version":1,"user_id":0}
12-07 11:22:25.192 I/Kolun_AI( 3259): SystemEventSubscribe: publisher.getMatcher() user_present
12-07 11:22:25.192 I/ApiInvoke( 3259): SubscribeManager1.2.172: publishData success host DataCenter#StandardDataService matcher user_present
12-07 11:22:25.192 I/ApiInvoke( 3259): SubscribeBusServerImpl1.2.172: onPublishData to {"pid": 0,"channels": [CommonChannel]} success 
12-07 11:22:25.192 W/libc    ( 1454): Access denied finding property "ro.vendor.tgpa_resolution_tuner"
12-07 11:22:25.192 W/Kolun_AI( 3259): TwsScanController:can not start scan mIsBleScanning:true
12-07 11:22:25.193 I/Kolun_AI( 3259): CommonAppsManager:mCachetRecommendAppList [com.barberpro.barber]
12-07 11:22:21.421 I/        (    0): [T500216] Trustonic TEE: b02(7)|[drIpchLoop] GF_DR version: GF_DR_v1.0
12-07 11:22:25.194 I/WindowManager( 1454): DisplayContent w: Window{f2ff278 u0 com.barberpro.barber/com.barberpro.MainActivity} Apply preferredModeId = 2
12-07 11:22:21.421 I/        (    0): [T500216] Trustonic TEE: b02(7)|[drIpchLoop] GF_DR version: GF_DR_v1.0
12-07 11:22:25.194 I/mtkpower@impl(  857): [setMode] type:6, enabled:1
12-07 11:22:21.421 I/        (    0): [T500216] Trustonic TEE: b02(7)|[drIpchLoop] GF_DR version: GF_DR_v1.0
12-07 11:22:25.194 E/mtkpower@impl(  857): [setMode] unknown type
12-07 11:22:25.197 I/ActivityTaskManager( 1454): isControllerAMonkey mController = null,mControllerIsAMonkey = false
12-07 11:22:25.197 I/SysUI_KeyguardLifecyclesDispatcher( 1895): IKeyguardDrawnCallback#onDrawn
12-07 11:22:25.199 I/IslandOperator(12738): addIsland: IslandState{id=1000, useId=10144, priority=0, islandType=1, desc='face_unlocked', pkg='com.android.systemui', leftIconType=0, leftIconFileName='null', rightIconType=0, rightIconFileName='null', leftIconRes=0, rightIconRes=0, leftText='null', rightText='null', leftTextColor=0, leftTextSize=0, rightTextColor=0, rightTextSize=0, updateTime=0, createTime=1765086745142, showState=0, isEnable=true, expiredTime=-1, progress=0, refreshTime=0, isFinished=true, faceUnlockedState=0, updateCondition=0, viewStateCondition=0, samePriorityNeedOrder=false, leftAnimaRepeatCount=0, rightAnimaRepeatCount=0, isDismiss=false, leftIconClickPendingIntent=null, rightIconClickPendingIntent=null}
12-07 11:22:25.199 I/WindowManager( 1454): DisplayContent w: Window{f2ff278 u0 com.barberpro.barber/com.barberpro.MainActivity} Apply preferredModeId = 2
12-07 11:22:25.200 I/NearbySharing(29595): Stopping FastInitiation scanning because visibility is hidden.
12-07 11:22:25.200 I/IslandDisplayRule(12738): onChanged: isBlockedShowing = false, isIslandShowing = false, isReadyStatus=true, []
12-07 11:22:25.200 I/IslandShareProxy(12738): onChanged: no data... 
