12-07 11:22:37.763 I/[wlan][wlan][1853]asicFillCmdTxdInfo( 1853): (INIT INFO) TX CMD: ID[0x7E] SEQ[181] SET[1] LEN[344]
12-07 11:22:37.763 I/[wlan][wlan][1853]asicFillCmdTxdInfo( 1853): (INIT INFO) TX CMD: ID[0x85] SEQ[182] SET[0] LEN[60]
12-07 11:22:37.763 I/[wlan][wlan][1853]asicFillCmdTxdInfo( 1853): (INIT INFO) TX CMD: ID[0x82] SEQ[183] SET[0] LEN[216]
12-07 11:22:37.763 I/[wlan][1853]wlanLinkQualityMonitor( 1853): (SW4 INFO) Link Quality: Tx(rate:3900, total:1961468, retry:2637, fail:5807, RTS fail:12, ACK fail:5795), Rx(rate:4333, total:31263, dup:1747, error:1231), PER(0), Congestion(idle slot:581169939, diff:20483, AwakeDur:520)
12-07 11:22:37.764 I/[T401854] [wlan][1854]wlanTxCmdDoneCb(    0): (TX INFO) Add command: 00000000af4445ee, nicCmdEventQueryStaStatistics.cfi_jt [wlan_drv_gen4m], cmd=0x85, seq=182
12-07 11:22:37.764 I/[T401854] [wlan][1854]wlanTxCmdDoneCb(    0): (TX INFO) Add command: 0000000067cceaeb, nicCmdEventQueryStatistics.cfi_jt [wlan_drv_gen4m], cmd=0x82, seq=183
12-07 11:22:37.764 I/[T401854] [wlan][1854]kalDumpHifStats(    0): (HAL INFO) I[3932796 0] T[103937 103937 103934 / 1668592 1515165 1515165 1668592] R[3731143 / 1399707] T_R[0 0 0 3 0]  R_R[0 0] Tok[0/1536] Rfb[2102/2102] txreg[1285500] rxreg[3568900]
12-07 11:22:37.764 I/[T301853] [wlan][1853]nicRxProcessEventPacket(    0): (RX INFO) Not static config event: id=0x21, seq=182
12-07 11:22:37.765 I/[T301853] [wlan][1853]nicGetPendingCmdInfo(    0): (TX INFO) Get command: 00000000af4445ee, nicCmdEventQueryStaStatistics.cfi_jt [wlan_drv_gen4m], cmd=0x85, seq=182
12-07 11:22:37.765 I/        (    0): [T202670] update cpufreq limit idx min 3---max 0,freq min 1675000 ---max 2000000
12-07 11:22:37.765 I/        (    0): [T202670] update cpufreq limit idx min 2---max 0,freq min 2162000 ---max 2400000
12-07 11:22:37.765 I/[T301853] [wlan][1853]nicGetPendingCmdInfo(    0): (TX INFO) Get command: 0000000067cceaeb, nicCmdEventQueryStatistics.cfi_jt [wlan_drv_gen4m], cmd=0x82, seq=183
12-07 11:22:37.767 I/        (    0): [T326985] update cpufreq limit idx min 2---max 2,freq min 2162000 ---max 2203000
12-07 11:22:41.546 E/BtGatt.ContextMap(25288): Context not found for ID 0
12-07 11:22:41.546 W/TWSClientService(25288): array is null
12-07 11:22:41.552 D/welinkBLE(26260): KolunScanHelper receive kolun scan result:null mCallbackList.size:1
12-07 11:22:41.552 I/welinkBLE(26260): deviceInfo is null, continue scan......
12-07 11:22:37.782 I/[T723448] [GPU/FREQ][INFO]@__gpufreq_freq_scale_gpu(    0): begin to scale Fgpu: (390000->415000)
12-07 11:22:37.782 E/[T723448] [GPU/FREQ][ERROR]@__gpufreq_get_real_fgpu(    0): __gpufreq_get_real_fgpu: MFGPLL_CON1 = 0xafd526c
12-07 11:22:37.788 I/[T401854] [wlan][1854]halSetFWOwn(    0): (INIT INFO) FW OWN:1, IntSta:0x10000003
12-07 11:22:37.796 I/        (    0): [T421222] update cpufreq limit idx min 3---max 1,freq min 1675000 ---max 1916000
12-07 11:22:37.804 I/[T723448] [GPU/FREQ][INFO]@__gpufreq_freq_scale_gpu(    0): begin to scale Fgpu: (415000->390000)
12-07 11:22:37.804 E/[T723448] [GPU/FREQ][ERROR]@__gpufreq_get_real_fgpu(    0): __gpufreq_get_real_fgpu: MFGPLL_CON1 = 0xafd526c
12-07 11:22:37.812 I/        (    0): [T421222] update cpufreq limit idx min 3---max 3,freq min 1675000 ---max 1750000
12-07 11:22:37.827 I/        (    0): [T200489] [ccci1/fsm]poll MD status send msg 0
12-07 11:22:37.828 I/        (    0): [T112331] [ccci1/fsm]received MD status response 9d280043
12-07 11:22:37.828 I/        (    0): [T500489] [ccci1/fsm]poll MD status wait done 3750
12-07 11:22:41.668 D/AAL     ( 1234): 12-07 11:22:41.618 BL=3190,ESS= 256, 12-07 11:22:41.635 BL=3193,ESS= 256, 12-07 11:22:41.652 BL=3194,ESS= 256, 
12-07 11:22:41.753 E/BtGatt.ContextMap(25288): Context not found for ID 0
12-07 11:22:41.754 W/TWSClientService(25288): array is null
12-07 11:22:41.754 I/BufferQueueProducer(  896): [FramebufferSurface](this:0xb400006f67ea0410,id:-1,api:1,p:896,c:896) queueBuffer: fps=14.96 dur=1002.92 max=770.28 min=14.82
12-07 11:22:41.755 I/hwcomposer(  844): [HWCDisplay] [Display_0 (type:1)] fps:14.957272,dur:1002.86,max:769.95,min:14.90  
12-07 11:22:41.756 D/welinkBLE(26260): KolunScanHelper receive kolun scan result:null mCallbackList.size:1
12-07 11:22:41.756 I/welinkBLE(26260): deviceInfo is null, continue scan......
12-07 11:22:41.859 E/BtGatt.ContextMap(25288): Context not found for ID 0
12-07 11:22:41.859 W/TWSClientService(25288): array is null
12-07 11:22:41.862 D/welinkBLE(26260): KolunScanHelper receive kolun scan result:null mCallbackList.size:1
12-07 11:22:41.862 I/welinkBLE(26260): deviceInfo is null, continue scan......
12-07 11:22:41.932 D/SurfaceFlinger(  896): calculateTimeoutTime, triggerInterval = 1 sec + 184603385 nsec
12-07 11:22:41.961 E/BtGatt.ContextMap(25288): Context not found for ID 0
12-07 11:22:41.961 W/TWSClientService(25288): array is null
12-07 11:22:41.966 D/welinkBLE(26260): KolunScanHelper receive kolun scan result:null mCallbackList.size:1
12-07 11:22:41.966 I/welinkBLE(26260): deviceInfo is null, continue scan......
12-07 11:22:38.217 I/        (    0): [T132035] update cpufreq limit idx min 3---max 0,freq min 1675000 ---max 2000000
12-07 11:22:38.217 I/        (    0): [T132035] update cpufreq limit idx min 2---max 0,freq min 2162000 ---max 2400000
12-07 11:22:42.008 I/mtkpower_client(  951): perf_lock_acq, hdl:0, dur:30000, num:2, tid:951
12-07 11:22:42.009 I/mtkpower_client(  951): ret_hdl:34245
12-07 11:22:42.047 I/mtkpower@impl(  857): [setMode] type:6, enabled:0
12-07 11:22:42.047 E/mtkpower@impl(  857): [setMode] unknown type
12-07 11:22:42.068 E/BtGatt.ContextMap(25288): Context not found for ID 0
12-07 11:22:42.069 W/TWSClientService(25288): array is null
12-07 11:22:42.072 D/welinkBLE(26260): KolunScanHelper receive kolun scan result:null mCallbackList.size:1
12-07 11:22:42.072 I/welinkBLE(26260): deviceInfo is null, continue scan......
12-07 11:22:38.343 I/[C600000] [name(    0): spm&][SPM] mcusysoff wake up by  R12_SYS_TIMER_EVENT_B, timer_out = 105, r13 = 0x84006e80, debug_flag = 0xf81e1800 0x40000002, r12 = 0x10000, r12_ext = 0x0, raw_sta = 0x0 0x0 0x0, idle_sta = 0x181b3, req_sta =  0x5c01000 0x180000 0x50000013 0x1f0000 0x0, cg_check_sta =0x0, isr = 0x0, rt_req_sta0 = 0x0 rt_req_sta1 = 0x0 rt_req_sta2 = 0xffffffff rt_req_sta3 = 0xffffffff dram_sw_con_3 = 0x0, raw_ext_sta = 0x184255, wake_misc = 0x390000, pcm_flag = 0x7400502 0x0 0x7400102 0x7400102, req = 0x9b,  clk_settle = 0x60fe,
12-07 11:22:38.343 I/[C600000] [name(    0): spm&] Pending Wakeup Sources: bt_drv disp_crtc0_wakelock USB suspend lock cmdq_0_pm_lock
12-07 11:22:38.343 I/        (    0): [T602316] [Thermal/TC/bcct]chrlmt_set_limit wait pthermal_consumer ready!
12-07 11:22:38.343 I/[T602316] E_WF(    0): battery_get_soc doesn't exist
12-07 11:22:38.343 I/[T602316] E_WF(    0): battery_get_uisoc doesn't exist
12-07 11:22:38.343 I/        (    0): [T602316] [Thermal/TC/bcct]chrlmt_set_limit wait pthermal_consumer ready!
12-07 11:22:38.343 W/[T602316] [HIF-SDIO][I]wmt_dev_tra_poll(    0): **poll_during_time = 10244 > 3000, during_count = 1316 > 200, query
12-07 11:22:38.343 I/        (    0): [T602316] [STP-PSM] [I]_stp_psm_do_wait: STP is waiting state for ACT, i=1, state = 2
12-07 11:22:38.371 I/        (    0): [T602316] [STP-PSM] [I]_stp_psm_do_wait: +Total waits for ACT takes 27618 usec
12-07 11:22:38.373 W/[T602316] [HIF-SDIO][I]wmt_dev_tm_temp_query(    0): [Thermal] current_temp = 0x20
12-07 11:22:42.170 E/BtGatt.ContextMap(25288): Context not found for ID 0
12-07 11:22:42.171 W/TWSClientService(25288): array is null
12-07 11:22:42.173 D/welinkBLE(26260): KolunScanHelper receive kolun scan result:null mCallbackList.size:1
12-07 11:22:42.174 I/welinkBLE(26260): deviceInfo is null, continue scan......
12-07 11:22:42.273 E/BtGatt.ContextMap(25288): Context not found for ID 0
12-07 11:22:42.273 W/TWSClientService(25288): array is null
12-07 11:22:42.277 D/welinkBLE(26260): KolunScanHelper receive kolun scan result:null mCallbackList.size:1
12-07 11:22:42.277 I/welinkBLE(26260): deviceInfo is null, continue scan......
12-07 11:22:42.379 E/BtGatt.ContextMap(25288): Context not found for ID 0
12-07 11:22:42.379 W/TWSClientService(25288): array is null
12-07 11:22:42.383 D/welinkBLE(26260): KolunScanHelper receive kolun scan result:null mCallbackList.size:1
12-07 11:22:42.383 I/welinkBLE(26260): deviceInfo is null, continue scan......
12-07 11:22:42.436 I/libPerfCtl(  857): xgfGetFPS pid:1895 fps:-1
12-07 11:22:42.436 I/AppThermalMode(  857): [perfNotifyThermalState] hdl:0
12-07 11:22:42.436 I/AppThermalMode(  857): [findAppThermalIdx] Fail: appThermalModeEnable: 0,currentFPS: -1,fg->pid:27268
12-07 11:22:42.436 I/AppThermalMode(  857): [perfNotifyThermalState] appThermalIdx -1:
12-07 11:22:42.436 I/libPerfCtl(  857): xgfGetFPS pid:27268 fps:60
12-07 11:22:42.436 I/AppThermalMode(  857): [perfNotifyThermalState] hdl:0
12-07 11:22:42.436 I/AppThermalMode(  857): [findAppThermalIdx] Fail: appThermalModeEnable: 0,currentFPS: -1,fg->pid:27268
12-07 11:22:42.436 I/AppThermalMode(  857): [perfNotifyThermalState] appThermalIdx -1:
12-07 11:22:42.436 I/libPowerHal(  857): [updateFPS] pid(27268) : -1 => 60
12-07 11:22:42.436 I/libPowerHal(  857): [perfNotifyAppState] pack:com.barberpro.barber, act:com.barberpro.MainActivity, state:5, pid:27268, uid:10250, fps:60
12-07 11:22:42.437 I/UxUtility(  857): notifyForegroundApp pack:com.barberpro.barber, uid:10250
12-07 11:22:42.437 I/TouchUtility(  857): notifyAppState error = NULL
12-07 11:22:42.447 I/mtkpower_client( 1454): perf_lock_rel, hdl:34237, tid:1995
12-07 11:22:42.447 I/mtkpower_client( 1454): perf_lock_acq, hdl:34238, dur:3000, num:4, tid:3655
12-07 11:22:42.449 I/mtkpower_client( 1454): ret_hdl:34246
12-07 11:22:42.450 I/libPowerHal(  857): [fpsgo_noctrl_render_thread] 27293, 0xb400007275798aa0
12-07 11:22:42.450 E/libPowerHal(  857): Could not open '/sys/kernel/fpsgo/fstb/set_render_no_ctrl'
12-07 11:22:42.450 E/libPowerHal(  857): error : 2, No such file or directory
12-07 11:22:42.450 I/libPowerHal(  857): [fpsgo_ctrl_render_thread] -27293, 0xb400007275798aa0
12-07 11:22:42.450 I/mtkpower_client( 1454): perf_lock_rel, hdl:34246, tid:3655
12-07 11:22:42.451 I/libPowerHal(  857): [fpsgo_noctrl_render_thread] 27293, 0xb400007275798aa0
12-07 11:22:42.451 E/libPowerHal(  857): Could not open '/sys/kernel/fpsgo/fstb/set_render_no_ctrl'
12-07 11:22:42.451 E/libPowerHal(  857): error : 2, No such file or directory
12-07 11:22:42.451 I/libPowerHal(  857): [PD] system_server update ONESHOT cmd:2000400 param:27293
12-07 11:22:42.451 I/libPowerHal(  857): [fpsgo_ctrl_render_thread] -27293, 0xb400007275798aa0
12-07 11:22:42.451 I/libPowerHal(  857): [PD] system_server update ONESHOT cmd:2000300 param:-27293
12-07 11:22:42.480 E/BtGatt.ContextMap(25288): Context not found for ID 0
12-07 11:22:42.480 W/TWSClientService(25288): array is null
12-07 11:22:42.484 D/welinkBLE(26260): KolunScanHelper receive kolun scan result:null mCallbackList.size:1
12-07 11:22:42.484 I/welinkBLE(26260): deviceInfo is null, continue scan......
12-07 11:22:42.493 I/mtkpower_client( 1454): perf_lock_rel, hdl:34242, tid:2008
12-07 11:22:42.539 I/mtkpower@impl(  857): [powerd_req] TIMER_MSG_PERF_LOCK_TIMEOUT hdl:34236
12-07 11:22:38.766 I/        (29043): update cpufreq limit idx min 15---max 0,freq min 500000 ---max 2000000
12-07 11:22:42.541 I/libPowerHal(  857): [setClusterFreq] MTKPOWER_HINT_UX_SCROLLING: sysfs_freq set cpu freq: -1 -1 -1 -1 
12-07 11:22:38.767 I/        (29043): update cpufreq limit idx min 15---max 0,freq min 725000 ---max 2400000
12-07 11:22:38.786 W/        (  555): <I>CTS-Plat Point[0] DOWN: x=699, y=260
12-07 11:22:38.787 I/[T201853] [wlan][1853]kalPerMonUpdate(    0): (SW4 INFO) <1024ms> Tput: 0(0.000mbps) [0:0:0:0][0:0:0:0][0:0:0:0][0:0:0:0] Pending:0/256 [0:0:0:0][0:0:0:0][0:0:0:0][0:0:0:0] Used:0/1536/512 [0][0][0][0][0] LQ[1961468:31265:20518] lv:0 th:5 fg:0x9 Mo:[0:0:0:0] TxDp[ST:BS:FO:QM:DP]:35:0:0:0:4616
12-07 11:22:38.787 I/[T201853] [wlan][1853]kalPerMonUpdate(    0): (SW4 INFO) ndevdrp:[0:0:0:0][0:0:0:0][0:0:0:0][0:0:0:0] drv[RM,IL,RI,RT,RM,RW,RA,RB,DT,NS,IB,HS,LS,DD,ME,BD,NI,DR,TE,CE,DN,FE,DE,IE,TME]:4194623,0,3660192,3726471,42949690388,3604868,48448,2367,77106,0,0,53,0,1747,0,6210,0,69078,0,18,77089,0,0,0,0
12-07 11:22:42.561 D/AppFlingMode(  857): [CheckAppFlingHint] 25 com.barberpro.barber 60
12-07 11:22:42.564 I/libPowerHal(  857): [setClusterFreq] MTKPOWER_HINT_APP_TOUCH: sysfs_freq set cpu freq: 2000000 -1 2400000 -1 
12-07 11:22:42.565 E/libPowerHal(  857): [getCPUFreq] error cid:2, nClusterNum:2
12-07 11:22:38.788 I/[T201853] [wlan][1853]cnmTimerDoTimeOutCheck(    0): (CNM INFO) timer timeout, timer 00000000cd569bae func kalPerMonHandler.cfi_jt [wlan_drv_gen4m]
12-07 11:22:38.788 I/[T201853] [wlan][wlan][1853]asicFillCmdTxdInfo(    0): (INIT INFO) TX CMD: ID[0x85] SEQ[184] SET[0] LEN[60]
12-07 11:22:38.788 I/[T201853] [wlan][wlan][1853]asicFillCmdTxdInfo(    0): (INIT INFO) TX CMD: ID[0x82] SEQ[185] SET[0] LEN[216]
12-07 11:22:38.788 I/[T201853] [wlan][1853]wlanLinkQualityMonitor(    0): (SW4 INFO) Link Quality: Tx(rate:3900, total:1961468, retry:2637, fail:5807, RTS fail:12, ACK fail:5795), Rx(rate:4333, total:31265, dup:1747, error:1231), PER(0), Congestion(idle slot:581190457, diff:20518, AwakeDur:222)
12-07 11:22:38.789 I/        (    0): [T132035] update cpufreq limit idx min 0---max 0,freq min 2000000 ---max 2000000
12-07 11:22:38.790 I/[T201854] [wlan][1854]halSetDriverOwn(    0): (INIT INFO) DRIVER OWN Done[1160 us]
12-07 11:22:38.790 I/        (    0): [T132035] update cpufreq limit idx min 0---max 0,freq min 2400000 ---max 2400000
12-07 11:22:38.790 I/[T201854] [wlan][1854]wlanTxCmdDoneCb(    0): (TX INFO) Add command: 0000000099d03ffa, nicCmdEventQueryStaStatistics.cfi_jt [wlan_drv_gen4m], cmd=0x85, seq=184
12-07 11:22:38.791 I/[T201854] [wlan][1854]wlanTxCmdDoneCb(    0): (TX INFO) Add command: 0000000042aa6ffb, nicCmdEventQueryStatistics.cfi_jt [wlan_drv_gen4m], cmd=0x82, seq=185
12-07 11:22:38.791 I/[T201854] [wlan][1854]kalDumpHifStats(    0): (HAL INFO) I[3932798 0] T[103939 103939 103937 / 1668592 1515165 1515165 1668592] R[3731143 / 1399710] T_R[0 0 0 2 0]  R_R[0 0] Tok[0/1536] Rfb[2102/2102] txreg[1285500] rxreg[3568902]
12-07 11:22:38.792 I/[T201853] [wlan][1853]nicRxProcessEventPacket(    0): (RX INFO) Not static config event: id=0x21, seq=184
12-07 11:22:38.792 I/[T201853] [wlan][1853]nicGetPendingCmdInfo(    0): (TX INFO) Get command: 0000000099d03ffa, nicCmdEventQueryStaStatistics.cfi_jt [wlan_drv_gen4m], cmd=0x85, seq=184
12-07 11:22:38.792 I/[T201853] [wlan][1853]nicGetPendingCmdInfo(    0): (TX INFO) Get command: 0000000042aa6ffb, nicCmdEventQueryStatistics.cfi_jt [wlan_drv_gen4m], cmd=0x82, seq=185
12-07 11:22:38.803 W/[    C0] wmt_lib_ps_handler(    0): 17 callbacks suppressed
12-07 11:22:38.803 I/        (    0): [    C0] conn2ap_btif0_wakeup_out_b EIRQ handler
12-07 11:22:42.580 E/BtGatt.ContextMap(25288): Context not found for ID 0
12-07 11:22:42.580 W/TWSClientService(25288): array is null
12-07 11:22:42.583 D/welinkBLE(26260): KolunScanHelper receive kolun scan result:null mCallbackList.size:1
12-07 11:22:42.583 I/welinkBLE(26260): deviceInfo is null, continue scan......
12-07 11:22:38.815 I/[T201854] [wlan][1854]halSetFWOwn(    0): (INIT INFO) FW OWN:1, IntSta:0x10080000
12-07 11:22:38.870 W/        (  555): <I>CTS-Plat Point[0] UP: x=699, y=260
12-07 11:22:42.645 I/ScreenTouchCollector( 3259): resetTouchPara
12-07 11:22:42.645 I/mtkpower_client( 1454): perf_lock_rel, hdl:34242, tid:3655
12-07 11:22:42.645 I/libPowerHal(  857): [setClusterFreq] MTKPOWER_HINT_APP_TOUCH: sysfs_freq set cpu freq: 1812000 -1 1837000 -1 
12-07 11:22:42.646 I/libPowerHal(  857): [PD] MTKPOWER_HINT_APP_TOUCH update cmd:3408b00 param:0
12-07 11:22:42.647 I/mtkpower_client( 1454): perf_lock_acq, hdl:34242, dur:1000, num:2, tid:3655
12-07 11:22:42.647 I/mtkpower_client( 1454): ret_hdl:34249
12-07 11:22:38.871 I/        (    0): [T518231] update cpufreq limit idx min 2---max 0,freq min 1812000 ---max 2000000
12-07 11:22:38.872 I/        (    0): [T518231] update cpufreq limit idx min 5---max 0,freq min 1837000 ---max 2400000
12-07 11:22:42.653 W/OnBackInvokedCallback(27268): OnBackInvokedCallback is not enabled for the application.
12-07 11:22:42.653 W/OnBackInvokedCallback(27268): Set 'android:enableOnBackInvokedCallback="true"' in the application manifest.
12-07 11:22:42.657 I/mtkpower_client(  951): perf_lock_rel, hdl:34245, tid:951
12-07 11:22:38.883 I/        (29043): update cpufreq limit idx min 2---max 2,freq min 1812000 ---max 1812000
12-07 11:22:38.883 I/        (29043): update cpufreq limit idx min 5---max 5,freq min 1837000 ---max 1837000
12-07 11:22:38.884 I/        (29043): update cpufreq limit idx min 15---max 2,freq min 500000 ---max 1812000
12-07 11:22:38.884 I/        (    0): [T518231] update cpufreq limit idx min 15---max 14,freq min 500000 ---max 650000
12-07 11:22:38.885 I/        (29043): update cpufreq limit idx min 15---max 5,freq min 725000 ---max 1837000
12-07 11:22:42.659 I/libPowerHal(  857): [setClusterFreq] mtkpower@1.0-se: sysfs_freq set cpu freq: -1 -1 -1 -1 
12-07 11:22:38.885 I/        (    0): [T132035] update cpufreq limit idx min 15---max 13,freq min 725000 ---max 898000
12-07 11:22:42.671 I/BufferQueueProducer(  896): [SurfaceView[com.barberpro.barber/com.barberpro.MainActivity](BLAST)#8411](this:0xb400006fb802f6a8,id:-1,api:0,p:-1,c:896) queueBuffer: fps=25.08 dur=1156.49 max=687.38 min=16.53
12-07 11:22:42.676 I/mtkpower@impl(  857): [setMode] type:6, enabled:1
12-07 11:22:42.676 E/mtkpower@impl(  857): [setMode] unknown type
12-07 11:22:38.903 I/        (    0): [T202670] update cpufreq limit idx min 15---max 11,freq min 500000 ---max 862000
12-07 11:22:42.691 E/BtGatt.ContextMap(25288): Context not found for ID 0
12-07 11:22:42.691 W/TWSClientService(25288): array is null
12-07 11:22:42.697 D/welinkBLE(26260): KolunScanHelper receive kolun scan result:null mCallbackList.size:1
12-07 11:22:42.697 I/welinkBLE(26260): deviceInfo is null, continue scan......
12-07 11:22:38.969 I/        (    0): [T421222] update cpufreq limit idx min 15---max 14,freq min 500000 ---max 650000
12-07 11:22:42.755 I/BufferQueueProducer(  896): [StatusBar#77](this:0xb400006fb8018a28,id:-1,api:0,p:-1,c:896) queueBuffer: fps=0.50 dur=2011.33 max=2011.33 min=2011.33
12-07 11:22:42.766 I/BufferQueueProducer(  896): [FramebufferSurface](this:0xb400006f67ea0410,id:-1,api:1,p:896,c:896) queueBuffer: fps=19.76 dur=1012.16 max=693.67 min=14.77
12-07 11:22:42.767 I/hwcomposer(  844): [HWCDisplay] [Display_0 (type:1)] fps:19.749203,dur:1012.70,max:694.16,min:14.87  
12-07 11:22:42.797 E/BtGatt.ContextMap(25288): Context not found for ID 0
12-07 11:22:42.798 W/TWSClientService(25288): array is null
12-07 11:22:42.803 D/welinkBLE(26260): KolunScanHelper receive kolun scan result:null mCallbackList.size:1
12-07 11:22:42.804 I/welinkBLE(26260): deviceInfo is null, continue scan......
12-07 11:22:42.895 E/BtGatt.ContextMap(25288): Context not found for ID 0
12-07 11:22:42.895 W/TWSClientService(25288): array is null
12-07 11:22:42.903 D/welinkBLE(26260): KolunScanHelper receive kolun scan result:null mCallbackList.size:1
12-07 11:22:42.904 I/welinkBLE(26260): deviceInfo is null, continue scan......
12-07 11:22:43.001 E/BtGatt.ContextMap(25288): Context not found for ID 0
12-07 11:22:43.001 W/TWSClientService(25288): array is null
12-07 11:22:43.010 D/welinkBLE(26260): KolunScanHelper receive kolun scan result:null mCallbackList.size:1
12-07 11:22:43.011 I/welinkBLE(26260): deviceInfo is null, continue scan......
12-07 11:22:43.102 E/BtGatt.ContextMap(25288): Context not found for ID 0
12-07 11:22:43.104 W/TWSClientService(25288): array is null
12-07 11:22:43.108 D/welinkBLE(26260): KolunScanHelper receive kolun scan result:null mCallbackList.size:1
12-07 11:22:43.109 I/welinkBLE(26260): deviceInfo is null, continue scan......
12-07 11:22:43.117 D/SurfaceFlinger(  896): calculateTimeoutTime, triggerInterval = 1 sec + 190789000 nsec
12-07 11:22:43.202 E/BtGatt.ContextMap(25288): Context not found for ID 0
12-07 11:22:43.202 W/TWSClientService(25288): array is null
12-07 11:22:43.214 D/welinkBLE(26260): KolunScanHelper receive kolun scan result:null mCallbackList.size:1
12-07 11:22:43.214 I/welinkBLE(26260): deviceInfo is null, continue scan......
12-07 11:22:39.525 I/        (    0): [T132035] update cpufreq limit idx min 15---max 0,freq min 500000 ---max 2000000
12-07 11:22:39.525 I/        (    0): [T132035] update cpufreq limit idx min 15---max 0,freq min 725000 ---max 2400000
12-07 11:22:43.303 E/BtGatt.ContextMap(25288): Context not found for ID 0
12-07 11:22:43.304 W/TWSClientService(25288): array is null
12-07 11:22:43.312 D/welinkBLE(26260): KolunScanHelper receive kolun scan result:null mCallbackList.size:1
12-07 11:22:43.313 I/welinkBLE(26260): deviceInfo is null, continue scan......
12-07 11:22:43.315 I/mtkpower_client(  951): perf_lock_acq, hdl:0, dur:30000, num:2, tid:951
12-07 11:22:43.317 I/mtkpower_client(  951): ret_hdl:34250
12-07 11:22:43.357 I/mtkpower@impl(  857): [setMode] type:6, enabled:0
12-07 11:22:43.357 E/mtkpower@impl(  857): [setMode] unknown type
12-07 11:22:39.587 W/        (11818): <I>CTS-Core ESD protection work
12-07 11:22:43.382 D/AppFlingMode(  857): [CheckAppFlingHint] 25 com.barberpro.barber 60
12-07 11:22:43.384 I/libPowerHal(  857): [setClusterFreq] MTKPOWER_HINT_APP_TOUCH: sysfs_freq set cpu freq: 2000000 -1 2400000 -1 
12-07 11:22:39.607 W/        (    0): [T100555] <I>CTS-Plat Point[0] DOWN: x=537, y=369
12-07 11:22:43.385 E/libPowerHal(  857): [getCPUFreq] error cid:2, nClusterNum:2
12-07 11:22:39.612 I/        (    0): [T421222] update cpufreq limit idx min 0---max 0,freq min 2000000 ---max 2000000
12-07 11:22:39.612 I/        (    0): [T421222] update cpufreq limit idx min 0---max 0,freq min 2400000 ---max 2400000
12-07 11:22:43.392 I/mtkpower_client(  951): perf_lock_rel, hdl:34250, tid:951
12-07 11:22:43.406 E/BtGatt.ContextMap(25288): Context not found for ID 0
12-07 11:22:43.407 W/TWSClientService(25288): array is null
12-07 11:22:43.410 D/welinkBLE(26260): KolunScanHelper receive kolun scan result:null mCallbackList.size:1
12-07 11:22:43.410 I/mtkpower@impl(  857): [setMode] type:6, enabled:1
12-07 11:22:43.410 E/mtkpower@impl(  857): [setMode] unknown type
12-07 11:22:43.410 I/welinkBLE(26260): deviceInfo is null, continue scan......
12-07 11:22:43.436 I/libPerfCtl(  857): xgfGetFPS pid:1895 fps:-1
12-07 11:22:43.436 I/AppThermalMode(  857): [perfNotifyThermalState] hdl:0
12-07 11:22:43.436 I/AppThermalMode(  857): [findAppThermalIdx] Fail: appThermalModeEnable: 0,currentFPS: 60,fg->pid:27268
12-07 11:22:43.436 I/AppThermalMode(  857): [perfNotifyThermalState] appThermalIdx -1:
12-07 11:22:43.436 I/libPerfCtl(  857): xgfGetFPS pid:27268 fps:59
12-07 11:22:43.436 I/AppThermalMode(  857): [perfNotifyThermalState] hdl:0
12-07 11:22:43.436 I/AppThermalMode(  857): [findAppThermalIdx] Fail: appThermalModeEnable: 0,currentFPS: 60,fg->pid:27268
12-07 11:22:43.436 I/AppThermalMode(  857): [perfNotifyThermalState] appThermalIdx -1:
12-07 11:22:43.485 I/mtkpower@impl(  857): [powerd_req] TIMER_MSG_PERF_LOCK_TIMEOUT hdl:34251
12-07 11:22:43.487 I/libPowerHal(  857): [setClusterFreq] MTKPOWER_HINT_APP_TOUCH: sysfs_freq set cpu freq: -1 -1 -1 -1 
12-07 11:22:39.712 I/        (29043): update cpufreq limit idx min 15---max 0,freq min 500000 ---max 2000000
12-07 11:22:39.713 I/        (    0): [T421222] update cpufreq limit idx min 15---max 14,freq min 500000 ---max 650000
12-07 11:22:39.713 I/        (29043): update cpufreq limit idx min 15---max 0,freq min 725000 ---max 2400000
12-07 11:22:39.713 I/        (29043): update cpufreq limit idx min 15---max 13,freq min 725000 ---max 898000
12-07 11:22:43.488 I/libPowerHal(  857): [PD] MTKPOWER_HINT_APP_TOUCH update cmd:3408b00 param:0
12-07 11:22:39.730 I/        (    0): [T300469] [DISP]mtk_dsi_start_vdo_mode, vid_mode:3
12-07 11:22:43.507 E/BtGatt.ContextMap(25288): Context not found for ID 0
12-07 11:22:43.507 W/TWSClientService(25288): array is null
12-07 11:22:43.513 D/welinkBLE(26260): KolunScanHelper receive kolun scan result:null mCallbackList.size:1
12-07 11:22:43.514 I/welinkBLE(26260): deviceInfo is null, continue scan......
12-07 11:22:39.741 W/        (    0): [T200555] <I>CTS-Plat Point[0] UP: x=537, y=369
12-07 11:22:43.517 I/mtkpower_client( 1454): perf_lock_rel, hdl:34249, tid:3655
12-07 11:22:43.517 I/ScreenTouchCollector( 3259): resetTouchPara
12-07 11:22:43.519 I/mtkpower_client( 1454): perf_lock_acq, hdl:34249, dur:1000, num:2, tid:3655
12-07 11:22:43.519 I/libPowerHal(  857): [PD] system_server update cmd:1408300 param:0
12-07 11:22:43.522 I/mtkpower_client( 1454): ret_hdl:34253
12-07 11:22:43.529 D/FirebaseAuth(27268): Notifying id token listeners about a sign-out event.
12-07 11:22:43.529 D/FirebaseAuth(27268): Notifying auth state listeners about a sign-out event.
12-07 11:22:39.759 I/        (    0): [T421222] update cpufreq limit idx min 15---max 0,freq min 500000 ---max 2000000
12-07 11:22:39.759 I/        (    0): [T421222] update cpufreq limit idx min 15---max 0,freq min 725000 ---max 2400000
12-07 11:22:39.761 I/        (    0): [T326985] update cpufreq limit idx min 15---max 14,freq min 500000 ---max 650000
12-07 11:22:39.761 I/        (    0): [T326985] update cpufreq limit idx min 15---max 13,freq min 725000 ---max 898000
12-07 11:22:39.793 I/        (    0): [T518231] update cpufreq limit idx min 15---max 0,freq min 500000 ---max 2000000
12-07 11:22:39.793 I/        (    0): [T518231] update cpufreq limit idx min 15---max 0,freq min 725000 ---max 2400000
12-07 11:22:43.576 W/OnBackInvokedCallback(27268): OnBackInvokedCallback is not enabled for the application.
12-07 11:22:43.576 W/OnBackInvokedCallback(27268): Set 'android:enableOnBackInvokedCallback="true"' in the application manifest.
12-07 11:22:39.801 I/        (    0): [T132035] update cpufreq limit idx min 15---max 14,freq min 500000 ---max 650000
12-07 11:22:39.801 I/        (    0): [T132035] update cpufreq limit idx min 15---max 13,freq min 725000 ---max 898000
12-07 11:22:39.815 I/[T601853] [wlan][1853]kalPerMonUpdate(    0): (SW4 INFO) <1028ms> Tput: 0(0.000mbps) [0:0:0:0][0:0:0:0][0:0:0:0][0:0:0:0] Pending:0/256 [0:0:0:0][0:0:0:0][0:0:0:0][0:0:0:0] Used:0/1536/512 [0][0][0][0][0] LQ[1961468:31265:84] lv:0 th:5 fg:0x9 Mo:[0:0:0:0] TxDp[ST:BS:FO:QM:DP]:35:0:0:0:4616
12-07 11:22:39.815 I/[T601853] [wlan][1853]kalPerMonUpdate(    0): (SW4 INFO) ndevdrp:[0:0:0:0][0:0:0:0][0:0:0:0][0:0:0:0] drv[RM,IL,RI,RT,RM,RW,RA,RB,DT,NS,IB,HS,LS,DD,ME,BD,NI,DR,TE,CE,DN,FE,DE,IE,TME]:4194626,0,3660192,3726471,42949690388,3604868,48448,2367,77106,0,0,53,0,1747,0,6210,0,69078,0,18,77089,0,0,0,0
12-07 11:22:39.815 I/[T601853] [wlan][1853]cnmTimerDoTimeOutCheck(    0): (CNM INFO) timer timeout, timer 00000000cd569bae func kalPerMonHandler.cfi_jt [wlan_drv_gen4m]
12-07 11:22:39.815 I/[T601853] [wlan][wlan][1853]asicFillCmdTxdInfo(    0): (INIT INFO) TX CMD: ID[0x85] SEQ[186] SET[0] LEN[60]
12-07 11:22:39.815 I/[T601853] [wlan][wlan][1853]asicFillCmdTxdInfo(    0): (INIT INFO) TX CMD: ID[0x82] SEQ[187] SET[0] LEN[216]
12-07 11:22:39.815 I/[T601853] [wlan][1853]wlanLinkQualityMonitor(    0): (SW4 INFO) Link Quality: Tx(rate:3900, total:1961468, retry:2637, fail:5807, RTS fail:12, ACK fail:5795), Rx(rate:4333, total:31265, dup:1747, error:1231), PER(0), Congestion(idle slot:581190541, diff:84, AwakeDur:34)
12-07 11:22:39.817 I/[T201854] [wlan][1854]halSetDriverOwn(    0): (INIT INFO) DRIVER OWN Done[1146 us]
12-07 11:22:39.818 I/[T201854] [wlan][1854]wlanTxCmdDoneCb(    0): (TX INFO) Add command: 0000000000f09311, nicCmdEventQueryStaStatistics.cfi_jt [wlan_drv_gen4m], cmd=0x85, seq=186
12-07 11:22:39.819 I/[T201854] [wlan][1854]wlanTxCmdDoneCb(    0): (TX INFO) Add command: 00000000131c7d07, nicCmdEventQueryStatistics.cfi_jt [wlan_drv_gen4m], cmd=0x82, seq=187
12-07 11:22:39.819 I/[T201854] [wlan][1854]kalDumpHifStats(    0): (HAL INFO) I[3932801 0] T[103941 103941 103939 / 1668592 1515165 1515165 1668592] R[3731143 / 1399713] T_R[0 0 0 2 0]  R_R[0 0] Tok[0/1536] Rfb[2102/2102] txreg[1285500] rxreg[3568904]
12-07 11:22:39.820 I/[T101853] [wlan][1853]nicRxProcessEventPacket(    0): (RX INFO) Not static config event: id=0x21, seq=186
12-07 11:22:39.821 I/[T101853] [wlan][1853]nicGetPendingCmdInfo(    0): (TX INFO) Get command: 0000000000f09311, nicCmdEventQueryStaStatistics.cfi_jt [wlan_drv_gen4m], cmd=0x85, seq=186
12-07 11:22:39.822 I/[T101853] [wlan][1853]nicGetPendingCmdInfo(    0): (TX INFO) Get command: 00000000131c7d07, nicCmdEventQueryStatistics.cfi_jt [wlan_drv_gen4m], cmd=0x82, seq=187
12-07 11:22:39.826 I/        (    0): [T132035] update cpufreq limit idx min 15---max 0,freq min 500000 ---max 2000000
12-07 11:22:39.826 I/        (    0): [T132035] update cpufreq limit idx min 15---max 0,freq min 725000 ---max 2400000
12-07 11:22:43.604 E/BtGatt.ContextMap(25288): Context not found for ID 0
12-07 11:22:43.605 W/TWSClientService(25288): array is null
12-07 11:22:43.606 I/config_debug(27268): updateDecorCaptionStatus: {1.0 405mcc870mnc [en_US,hi_IN] ldltr sw360dp w360dp h730dp 320dpi nrml long port finger -keyb/v/h -nav/h winConfig={ mBounds=Rect(0, 0 - 720, 1612) mAppBounds=Rect(0, 72 - 720, 1532) mMaxBounds=Rect(0, 0 - 720, 1612) mDisplayRotation=ROTATION_0 mWindowingMode=fullscreen mDisplayWindowingMode=fullscreen mMultiWindowMode=normal mMultiWindowId=0 mWindowResiable=6 mInLargeScreen=-1 mActivityType=standard mAlwaysOnTop=undefined mRotation=ROTATION_0 mDisplayUniqueId=0} s.1 fontWeightAdjustment=0} fromMultiWindow: false
12-07 11:22:39.832 I/        (    0): [T723448] update cpufreq limit idx min 15---max 10,freq min 500000 ---max 968000
12-07 11:22:39.832 I/        (    0): [T723448] update cpufreq limit idx min 15---max 13,freq min 725000 ---max 898000
12-07 11:22:43.607 W/libc    ( 1454): Access denied finding property "ro.vendor.tgpa_resolution_tuner"
12-07 11:22:43.602 W/binder:1454_1D( 1454): type=1400 audit(0.0:124834): avc: denied { read } for name="u:object_r:vendor_default_prop:s0" dev="tmpfs" ino=465 scontext=u:r:system_server:s0 tcontext=u:object_r:vendor_default_prop:s0 tclass=file permissive=0
12-07 11:22:43.608 I/WindowManager( 1454): DisplayContent w: Window{f2ff278 u0 com.barberpro.barber/com.barberpro.MainActivity} Apply preferredModeId = 2
12-07 11:22:43.609 D/welinkBLE(26260): KolunScanHelper receive kolun scan result:null mCallbackList.size:1
12-07 11:22:43.609 I/welinkBLE(26260): deviceInfo is null, continue scan......
12-07 11:22:39.842 I/[T201854] [wlan][1854]halSetFWOwn(    0): (INIT INFO) FW OWN:1, IntSta:0x10080002
12-07 11:22:43.622 D/NVRAM   (  858): NVM_GetLIDByName /mnt/vendor/nvdata/APCFG/APRDEB/PRODUCT_PAYTRIGGER 
12-07 11:22:43.623 D/NVRAM   (  858): NVRAM: NVM_GetLIDByName Lid =82 
12-07 11:22:43.623 D/NVRAM   (  858): fail to open /sys/class/BOOT/BOOT/boot/boot_mode: 
12-07 11:22:43.623 D/NVRAM   (  858): Tran: Nvdata Resotre successeded! continue ...
12-07 11:22:43.623 D/NVRAM   (  858): 82 is in new nvram partition!!!
12-07 11:22:43.623 D/NVRAM   (  858): New NVRAM partition name is /dev/block/by-name/proinfo.
12-07 11:22:39.849 I/        (    0): [T518231] update cpufreq limit idx min 15---max 0,freq min 500000 ---max 2000000
12-07 11:22:39.849 I/        (    0): [T518231] update cpufreq limit idx min 15---max 0,freq min 725000 ---max 2400000
12-07 11:22:39.852 I/        (    0): [T723448] update cpufreq limit idx min 15---max 10,freq min 500000 ---max 968000
12-07 11:22:39.852 I/        (    0): [T723448] update cpufreq limit idx min 15---max 13,freq min 725000 ---max 898000
12-07 11:22:43.627 D/NVRAM   (  858): Read Done!Size is 2048
12-07 11:22:43.630 D/NVRAM   (  858): 82 is in new nvram partition!!!
12-07 11:22:39.864 I/        (    0): [T202670] update cpufreq limit idx min 15---max 11,freq min 500000 ---max 862000
12-07 11:22:39.877 I/        (    0): [T421222] update cpufreq limit idx min 15---max 8,freq min 500000 ---max 1128000
12-07 11:22:43.659 I/WifiHAL ( 1840): Get link layer stats
12-07 11:22:43.659 I/WifiHAL ( 1840): GetLinkStatsCommand::create
12-07 11:22:43.659 D/android.hardware.wifi@1.0-service-lazy( 1840): WifiRequest::create vendor command to iface 37, vendor_id=0x1a11, subcmd=0x1200, res=0
12-07 11:22:43.659 I/android.hardware.wifi@1.0-service-lazy( 1840): WifiCommand::requestResponse err=-14
12-07 11:22:43.659 I/WifiHAL ( 1840): wifi_get_link_stats: result=-1
12-07 11:22:43.660 E/WifiVendorHal( 1454): getWifiLinkLayerStats_1_5_Internal(l.1176) failed {.code = ERROR_UNKNOWN, .description = unknown}
12-07 11:22:39.885 I/[T301840] [wlan][1840]mtk_cfg80211_vendor_llstats_get_info(    0): (REQ ERROR) EMI mapping not done
12-07 11:22:39.889 I/[T601853] [wlan][wlan][1853]asicFillCmdTxdInfo(    0): (INIT INFO) TX CMD: ID[0x81] SEQ[188] SET[0] LEN[32]
12-07 11:22:39.890 I/[T301854] [wlan][1854]halSetDriverOwn(    0): (INIT INFO) DRIVER OWN Done[1097 us]
12-07 11:22:39.891 I/[T301854] [wlan][1854]wlanTxCmdDoneCb(    0): (TX INFO) Add command: 00000000bfc52055, nicCmdEventQueryLinkSpeedEx.cfi_jt [wlan_drv_gen4m], cmd=0x81, seq=188
12-07 11:22:39.891 I/        (    0): [T518231] update cpufreq limit idx min 15---max 11,freq min 500000 ---max 862000
12-07 11:22:39.892 I/[T101853] [wlan][1853]nicUpdateLinkQuality(    0): (RLM INFO) Rssi=-46, NewRssi=-46
12-07 11:22:39.892 I/[T101853] [wlan][1853]nicGetPendingCmdInfo(    0): (TX INFO) Get command: 00000000bfc52055, nicCmdEventQueryLinkSpeedEx.cfi_jt [wlan_drv_gen4m], cmd=0x81, seq=188
12-07 11:22:39.892 I/[T101853] [wlan][1853]connac_get_rx_rate_info(    0): (SW4 ERROR) prStaRecOfAP is null
12-07 11:22:39.896 I/[T701169] [wlan][1169]mtk_cfg80211_get_station(    0): (REQ INFO) link speed=3900/4333, bw=0/4, rssi=-46, BSSID:[6e:22:**:**:**:9d],TxFail=0, TxTimeOut=0, TxOK=26765, RxOK=39556, FcsErr=0
12-07 11:22:39.896 I/[T602316] [GPU/FREQ][INFO]@__gpufreq_freq_scale_gpu(    0): begin to scale Fgpu: (390000->415000)
12-07 11:22:39.896 E/[T602316] [GPU/FREQ][ERROR]@__gpufreq_get_real_fgpu(    0): __gpufreq_get_real_fgpu: MFGPLL_CON1 = 0xafd526c
12-07 11:22:43.676 I/BufferQueueProducer(  896): [SurfaceView[com.barberpro.barber/com.barberpro.MainActivity](BLAST)#8411](this:0xb400006fb802f6a8,id:-1,api:0,p:-1,c:896) queueBuffer: fps=51.71 dur=1005.71 max=117.15 min=15.37
12-07 11:22:39.909 I/        (    0): [T421222] update cpufreq limit idx min 15---max 10,freq min 500000 ---max 968000
12-07 11:22:39.914 I/[T101854] [wlan][1854]halSetFWOwn(    0): (INIT INFO) FW OWN:1, IntSta:0x10080000
12-07 11:22:39.923 I/        (29043): update cpufreq limit idx min 15---max 11,freq min 500000 ---max 862000
12-07 11:22:39.929 I/[T602316] [GPU/FREQ][INFO]@__gpufreq_freq_scale_gpu(    0): begin to scale Fgpu: (415000->390000)
12-07 11:22:39.930 E/[T602316] [GPU/FREQ][ERROR]@__gpufreq_get_real_fgpu(    0): __gpufreq_get_real_fgpu: MFGPLL_CON1 = 0xafd526c
12-07 11:22:43.709 E/BtGatt.ContextMap(25288): Context not found for ID 0
12-07 11:22:43.710 W/TWSClientService(25288): array is null
12-07 11:22:39.938 I/        (    0): [T602316] update cpufreq limit idx min 15---max 14,freq min 500000 ---max 650000
12-07 11:22:43.713 D/welinkBLE(26260): KolunScanHelper receive kolun scan result:null mCallbackList.size:1
12-07 11:22:43.714 I/welinkBLE(26260): deviceInfo is null, continue scan......
12-07 11:22:43.772 I/BufferQueueProducer(  896): [FramebufferSurface](this:0xb400006f67ea0410,id:-1,api:1,p:896,c:896) queueBuffer: fps=51.73 dur=1005.27 max=106.30 min=12.26
12-07 11:22:43.774 I/hwcomposer(  844): [HWCDisplay] [Display_0 (type:1)] fps:51.681046,dur:1006.17,max:105.91,min:12.08  
12-07 11:22:43.812 E/BtGatt.ContextMap(25288): Context not found for ID 0
12-07 11:22:43.812 W/TWSClientService(25288): array is null
12-07 11:22:43.817 D/welinkBLE(26260): KolunScanHelper receive kolun scan result:null mCallbackList.size:1
12-07 11:22:43.818 I/welinkBLE(26260): deviceInfo is null, continue scan......
12-07 11:22:43.916 E/BtGatt.ContextMap(25288): Context not found for ID 0
12-07 11:22:43.916 W/TWSClientService(25288): array is null
12-07 11:22:43.925 D/welinkBLE(26260): KolunScanHelper receive kolun scan result:null mCallbackList.size:1
12-07 11:22:43.925 I/welinkBLE(26260): deviceInfo is null, continue scan......
12-07 11:22:40.245 I/        (    0): [T518231] update cpufreq limit idx min 15---max 11,freq min 500000 ---max 862000
12-07 11:22:44.022 E/BtGatt.ContextMap(25288): Context not found for ID 0
12-07 11:22:44.022 W/TWSClientService(25288): array is null
12-07 11:22:44.034 D/welinkBLE(26260): KolunScanHelper receive kolun scan result:null mCallbackList.size:1
12-07 11:22:44.034 I/welinkBLE(26260): deviceInfo is null, continue scan......
12-07 11:22:40.262 I/        (    0): [T518231] update cpufreq limit idx min 15---max 0,freq min 500000 ---max 2000000
12-07 11:22:40.262 I/        (    0): [T518231] update cpufreq limit idx min 15---max 0,freq min 725000 ---max 2400000
12-07 11:22:44.058 I/mtkpower_client(  951): perf_lock_acq, hdl:0, dur:30000, num:2, tid:951
12-07 11:22:44.059 I/mtkpower_client(  951): ret_hdl:34254
12-07 11:22:40.344 I/[wlan][1854]halSetDriverOwn( 1854): (INIT INFO) DRIVER OWN Done[1119 us]
12-07 11:22:40.344 I/[T501853] [wlan][1853]rlmReviseMaxBw(    0): (RLM INFO) Change BW[2->1], S1[50->42)
12-07 11:22:44.121 I/mtkpower@impl(  857): [setMode] type:6, enabled:0
12-07 11:22:44.121 E/mtkpower@impl(  857): [setMode] unknown type
12-07 11:22:44.129 E/BtGatt.ContextMap(25288): Context not found for ID 0
12-07 11:22:44.130 W/TWSClientService(25288): array is null
12-07 11:22:44.137 D/welinkBLE(26260): KolunScanHelper receive kolun scan result:null mCallbackList.size:1
12-07 11:22:44.138 I/welinkBLE(26260): deviceInfo is null, continue scan......
12-07 11:22:44.236 E/BtGatt.ContextMap(25288): Context not found for ID 0
12-07 11:22:44.237 W/TWSClientService(25288): array is null
12-07 11:22:44.241 D/welinkBLE(26260): KolunScanHelper receive kolun scan result:null mCallbackList.size:1
12-07 11:22:44.241 I/welinkBLE(26260): deviceInfo is null, continue scan......
12-07 11:22:44.325 D/ScanClient(25288): updateScanMode: com.codingiot.co.fit previous is : 2 new: 1
12-07 11:22:44.325 D/BtGatt.ScanManager(25288): getAggressiveClient dumpclient caller: com.transsion.kolun.aiservice scanModeApp: 0 scanModeUsed: 0 priority: 2
12-07 11:22:44.326 D/BtGatt.ScanManager(25288): getAggressiveClient dumpclient caller: com.google.android.gms scanModeApp: 1 scanModeUsed: 1 priority: 4
12-07 11:22:44.326 D/BtGatt.ScanManager(25288): getAggressiveClient dumpclient caller: com.codingiot.co.fit scanModeApp: 1 scanModeUsed: 1 priority: 4
12-07 11:22:44.326 D/BtGatt.ScanManager(25288): getAggressiveClient dumpclient caller: TWSClientService scanModeApp: 0 scanModeUsed: 0 priority: 2
12-07 11:22:44.326 D/BtGatt.ScanManager(25288): Start gattClientScanNative with old scanMode 2 new scanMode 1 ( in MS: 730 / 183, in scan unit: 1168 / 292 ) caller: com.google.android.gms [ScanClient scanModeApp 1 scanModeUsed 1 [appScanStats com.google.uid.shared:10113]]
12-07 11:22:40.554 I/        (    0): [T114350] [STP-PSM] [I]stp_psm_disable_by_tx_rx_density: STP speed rx:0 tx:76
12-07 11:22:40.554 I/        (    0): [T114350] [STP-PSM] [I]stp_psm_disable_by_tx_rx_density: Low speed,Enable monitor
12-07 11:22:40.555 I/[wlan][1854]halSetFWOwn( 1854): (INIT INFO) FW OWN:1, IntSta:0x10000003
12-07 11:22:44.331 D/mtk.hal.bt@1.1-impl(  836): BtHostDebugInfo
12-07 11:22:44.331 D/[BT]    (  836): mtk_bt_op: BT_VND_OP_SET_BTHOST
12-07 11:22:44.338 D/mtk.hal.bt@1.1-impl(  836): BtHostDebugInfo
12-07 11:22:44.338 D/[BT]    (  836): mtk_bt_op: BT_VND_OP_SET_BTHOST
12-07 11:22:40.558 I/[T414350] [MTK-BT]BT_unlocked_ioctl(    0): id[1], value[0x00000000], desc[BLE_SCAN]
12-07 11:22:44.348 E/BtGatt.ContextMap(25288): Context not found for ID 0
12-07 11:22:44.348 W/TWSClientService(25288): array is null
12-07 11:22:44.352 D/welinkBLE(26260): KolunScanHelper receive kolun scan result:null mCallbackList.size:1
12-07 11:22:44.352 I/welinkBLE(26260): deviceInfo is null, continue scan......
12-07 11:22:40.565 I/[T114350] [MTK-BT]BT_unlocked_ioctl(    0): id[1], value[0x04900124], desc[BLE_SCAN]
12-07 11:22:40.652 I/[wlan][1854]halSetDriverOwn( 1854): (INIT INFO) DRIVER OWN Done[1107 us]
12-07 11:22:40.652 I/[T501853] [wlan][1853]rlmReviseMaxBw(    0): (RLM INFO) Change BW[2->1], S1[50->42)
12-07 11:22:40.653 I/[C300000] [wlan][0]statsParseARPInfo(    0): (TX INFO) ARP RSP SRC MAC/IP[02:cc:**:**:**:39]/[192.***.***.6], TAR MAC/IP[6c:22:**:**:**:93]/[192.***.***.1], SeqNo: 75
12-07 11:22:40.655 I/[T201853] [wlan][wlan][1853]wlanPktTxDone(    0): (TX INFO) TX DONE, Type[ARP] Tag[0x0302a100] WIDX:PID[5:67] Status[0], SeqNo: 75
12-07 11:22:40.655 I/[T201853] [wlan][wlan][1853]wlanPktTxDone(    0): (TX INFO) TX DONE, Type[ICMPV6] Tag[0x0302aa00] WIDX:PID[5:68] Status[0], SeqNo: 76
12-07 11:22:44.436 I/libPerfCtl(  857): xgfGetFPS pid:1895 fps:-1
12-07 11:22:44.436 I/AppThermalMode(  857): [perfNotifyThermalState] hdl:0
12-07 11:22:44.436 I/AppThermalMode(  857): [findAppThermalIdx] Fail: appThermalModeEnable: 0,currentFPS: 60,fg->pid:27268
12-07 11:22:44.436 I/AppThermalMode(  857): [perfNotifyThermalState] appThermalIdx -1:
12-07 11:22:44.437 I/libPerfCtl(  857): xgfGetFPS pid:27268 fps:57
12-07 11:22:44.437 I/AppThermalMode(  857): [perfNotifyThermalState] hdl:0
12-07 11:22:44.437 I/AppThermalMode(  857): [findAppThermalIdx] Fail: appThermalModeEnable: 0,currentFPS: 60,fg->pid:27268
12-07 11:22:44.437 I/AppThermalMode(  857): [perfNotifyThermalState] appThermalIdx -1:
12-07 11:22:44.448 E/BtGatt.ContextMap(25288): Context not found for ID 0
12-07 11:22:44.449 W/TWSClientService(25288): array is null
12-07 11:22:44.456 D/welinkBLE(26260): KolunScanHelper receive kolun scan result:null mCallbackList.size:1
12-07 11:22:44.457 I/welinkBLE(26260): deviceInfo is null, continue scan......
12-07 11:22:40.714 W/        (  555): <I>CTS-Plat Point[0] DOWN: x=543, y=1284
12-07 11:22:44.490 D/AppFlingMode(  857): [CheckAppFlingHint] 25 com.barberpro.barber 60
12-07 11:22:44.493 I/libPowerHal(  857): [setClusterFreq] MTKPOWER_HINT_APP_TOUCH: sysfs_freq set cpu freq: 2000000 -1 2400000 -1 
12-07 11:22:44.494 E/libPowerHal(  857): [getCPUFreq] error cid:2, nClusterNum:2
12-07 11:22:40.720 I/        (    0): [T132035] update cpufreq limit idx min 0---max 0,freq min 2000000 ---max 2000000
12-07 11:22:40.720 I/        (    0): [T132035] update cpufreq limit idx min 0---max 0,freq min 2400000 ---max 2400000
12-07 11:22:44.517 I/mtkpower_client(  951): perf_lock_rel, hdl:34254, tid:951
12-07 11:22:44.523 I/mtkpower_client( 1454): perf_lock_rel, hdl:34253, tid:2008
12-07 11:22:44.524 I/mtkpower@impl(  857): [powerd_req] TIMER_MSG_PERF_LOCK_TIMEOUT hdl:34253
12-07 11:22:44.524 I/libPowerHal(  857): [PD] system_server update cmd:1408300 param:0
12-07 11:22:44.532 I/mtkpower@impl(  857): [setMode] type:6, enabled:1
12-07 11:22:44.532 E/mtkpower@impl(  857): [setMode] unknown type
12-07 11:22:44.594 I/mtkpower@impl(  857): [powerd_req] TIMER_MSG_PERF_LOCK_TIMEOUT hdl:34255
12-07 11:22:40.821 I/        (29043): update cpufreq limit idx min 15---max 0,freq min 500000 ---max 2000000
12-07 11:22:44.595 I/libPowerHal(  857): [setClusterFreq] MTKPOWER_HINT_APP_TOUCH: sysfs_freq set cpu freq: -1 -1 -1 -1 
12-07 11:22:40.821 I/        (    0): [T326985] update cpufreq limit idx min 15---max 10,freq min 500000 ---max 968000
12-07 11:22:40.821 I/        (29043): update cpufreq limit idx min 15---max 13,freq min 725000 ---max 898000
12-07 11:22:40.822 I/        (29043): update cpufreq limit idx min 15---max 13,freq min 725000 ---max 898000
12-07 11:22:44.596 I/libPowerHal(  857): [PD] MTKPOWER_HINT_APP_TOUCH update cmd:3408b00 param:0
12-07 11:22:40.830 W/        (  555): <I>CTS-Plat Point[0] UP: x=654, y=815
12-07 11:22:44.605 I/ScreenTouchCollector( 3259): resetTouchPara
12-07 11:22:40.831 I/        (29043): update cpufreq limit idx min 15---max 6,freq min 500000 ---max 1393000
12-07 11:22:44.606 I/ScrollIdentify(27268): on fling
12-07 11:22:44.607 D/AppFlingMode(  857): [CheckAppFlingHint] 43 com.barberpro.barber 60
12-07 11:22:44.608 I/libPowerHal(  857): [setClusterFreq] MTKPOWER_HINT_UX_SCROLLING: sysfs_freq set cpu freq: 1675000 -1 2162000 -1 
12-07 11:22:40.834 I/        (    0): [T723448] update cpufreq limit idx min 6---max 6,freq min 1393000 ---max 1393000
12-07 11:22:44.608 I/mtkpower_client( 1454): perf_lock_acq, hdl:34237, dur:3000, num:2, tid:1995
12-07 11:22:44.610 I/mtkpower_client( 1454): ret_hdl:34258
12-07 11:22:40.834 I/        (    0): [T723448] update cpufreq limit idx min 13---max 13,freq min 898000 ---max 898000
12-07 11:22:40.835 I/        (    0): [T723448] update cpufreq limit idx min 3---max 3,freq min 1675000 ---max 1750000
12-07 11:22:40.835 I/        (    0): [T723448] update cpufreq limit idx min 2---max 2,freq min 2162000 ---max 2203000
12-07 11:22:40.835 I/[T401853] [wlan][1853]kalPerMonUpdate(    0): (SW4 INFO) <1020ms> Tput: 2408(0.002mbps) [120:2:188:3][0:0:0:0][0:0:0:0][0:0:0:0] Pending:0/256 [0:0:0:0][0:0:0:0][0:0:0:0][0:0:0:0] Used:0/1536/512 [0][0][0][0][0] LQ[1961468:31265:175] lv:0 th:5 fg:0x9 Mo:[0:0:0:0] TxDp[ST:BS:FO:QM:DP]:35:0:0:0:4616
12-07 11:22:40.835 I/[T401853] [wlan][1853]kalPerMonUpdate(    0): (SW4 INFO) ndevdrp:[0:0:0:0][0:0:0:0][0:0:0:0][0:0:0:0] drv[RM,IL,RI,RT,RM,RW,RA,RB,DT,NS,IB,HS,LS,DD,ME,BD,NI,DR,TE,CE,DN,FE,DE,IE,TME]:4194639,0,3660195,3726474,42949690388,3604871,48448,2367,77106,0,0,53,0,1747,0,6210,0,69078,0,18,77089,0,0,0,0
12-07 11:22:40.835 I/[T401853] [wlan][1853]cnmTimerDoTimeOutCheck(    0): (CNM INFO) timer timeout, timer 00000000cd569bae func kalPerMonHandler.cfi_jt [wlan_drv_gen4m]
12-07 11:22:40.835 I/[T401853] [wlan][1853]kalSetPerfReport(    0): (SW4 INFO) Rate[866][0][0][0] RCPI[111][0][0][0]
12-07 11:22:40.835 I/[T401853] [wlan][wlan][1853]asicFillCmdTxdInfo(    0): (INIT INFO) TX CMD: ID[0x7E] SEQ[189] SET[1] LEN[344]
12-07 11:22:40.835 I/[T401853] [wlan][wlan][1853]asicFillCmdTxdInfo(    0): (INIT INFO) TX CMD: ID[0x85] SEQ[190] SET[0] LEN[60]
12-07 11:22:40.835 I/[T401853] [wlan][1853]wlanLinkQualityMonitor(    0): (SW4 INFO) Link Quality: Tx(rate:3900, total:1961468, retry:2637, fail:5807, RTS fail:12, ACK fail:5795), Rx(rate:4333, total:31265, dup:1747, error:1231), PER(0), Congestion(idle slot:581190716, diff:175, AwakeDur:11)
12-07 11:22:40.836 I/[T501854] [wlan][1854]wlanTxCmdDoneCb(    0): (TX INFO) Add command: 000000008604ea64, nicCmdEventQueryStaStatistics.cfi_jt [wlan_drv_gen4m], cmd=0x85, seq=190
12-07 11:22:44.610 I/libPowerHal(  857): cmdSetting - unknown cmd:2048700, scmd:(null) ,param_1:1
12-07 11:22:40.836 I/[T501854] [wlan][1854]wlanTxCmdDoneCb(    0): (TX INFO) Add command: 00000000b3a70437, nicCmdEventQueryStatistics.cfi_jt [wlan_drv_gen4m], cmd=0x82, seq=191
12-07 11:22:40.836 I/[T501854] [wlan][1854]kalDumpHifStats(    0): (HAL INFO) I[3932811 0] T[103945 103945 103942 / 1668594 1515167 1515167 1668594] R[3731146 / 1399725] T_R[0 0 0 3 0]  R_R[0 0] Tok[0/1536] Rfb[2102/2102] txreg[1285501] rxreg[3568915]
12-07 11:22:44.610 I/mtkpower_client( 1454): perf_lock_acq, hdl:34246, dur:3000, num:4, tid:1995
12-07 11:22:44.612 I/mtkpower_client( 1454): ret_hdl:34259
12-07 11:22:44.612 I/libPowerHal(  857): [fpsgo_noctrl_render_thread] -27293, 0xb400007275798aa0
12-07 11:22:44.612 E/libPowerHal(  857): Could not open '/sys/kernel/fpsgo/fstb/set_render_no_ctrl'
12-07 11:22:44.612 E/libPowerHal(  857): error : 2, No such file or directory
12-07 11:22:44.612 I/libPowerHal(  857): [fpsgo_ctrl_render_thread] 27293, 0xb400007275798aa0
12-07 11:22:44.612 I/mtkpower_client( 1454): perf_lock_rel, hdl:34259, tid:1995
12-07 11:22:40.837 I/[T301853] [wlan][1853]nicRxProcessEventPacket(    0): (RX INFO) Not static config event: id=0x21, seq=190
12-07 11:22:40.837 I/[T301853] [wlan][1853]nicGetPendingCmdInfo(    0): (TX INFO) Get command: 000000008604ea64, nicCmdEventQueryStaStatistics.cfi_jt [wlan_drv_gen4m], cmd=0x85, seq=190
12-07 11:22:44.613 I/libPowerHal(  857): [fpsgo_noctrl_render_thread] -27293, 0xb400007275798aa0
12-07 11:22:44.613 E/libPowerHal(  857): Could not open '/sys/kernel/fpsgo/fstb/set_render_no_ctrl'
12-07 11:22:44.613 E/libPowerHal(  857): error : 2, No such file or directory
12-07 11:22:44.613 I/libPowerHal(  857): [PD] system_server update ONESHOT cmd:2000400 param:-27293
12-07 11:22:44.613 I/libPowerHal(  857): [fpsgo_ctrl_render_thread] 27293, 0xb400007275798aa0
12-07 11:22:44.613 I/libPowerHal(  857): [PD] system_server update ONESHOT cmd:2000300 param:27293
12-07 11:22:44.681 I/BufferQueueProducer(  896): [SurfaceView[com.barberpro.barber/com.barberpro.MainActivity](BLAST)#8411](this:0xb400006fb802f6a8,id:-1,api:0,p:-1,c:896) queueBuffer: fps=31.85 dur=1004.64 max=477.02 min=12.89
12-07 11:22:44.787 I/BufferQueueProducer(  896): [FramebufferSurface](this:0xb400006f67ea0410,id:-1,api:1,p:896,c:896) queueBuffer: fps=32.51 dur=1015.07 max=471.23 min=11.61
12-07 11:22:44.787 I/hwcomposer(  844): [HWCDisplay] [Display_0 (type:1)] fps:32.558506,dur:1013.56,max:471.05,min:11.60  
12-07 11:22:40.838 I/[T301853] [wlan][1853]nicGetPendingCmdInfo(    0): (TX INFO) Get command: 00000000b3a70437, nicCmdEventQueryStatistics.cfi_jt [wlan_drv_gen4m], cmd=0x82, seq=191
12-07 11:22:41.060 I/[T101854] [wlan][1854]halSetFWOwn(    0): (INIT INFO) FW OWN:1, IntSta:0x10000003
12-07 11:22:41.267 I/        (29043): update cpufreq limit idx min 3---max 0,freq min 1675000 ---max 2000000
12-07 11:22:41.267 I/        (29043): update cpufreq limit idx min 2---max 0,freq min 2162000 ---max 2400000
12-07 11:22:45.057 I/mtkpower_client(  951): perf_lock_acq, hdl:0, dur:30000, num:2, tid:951
12-07 11:22:45.058 I/mtkpower_client(  951): ret_hdl:34260
